baseline calibration_results_matched_economy/2000/ | countries ['USA', 'EUR', 'JAP', 'CHN', 'BRA', 'IND', 'CAN', 'KOR', 'RUS', 'MEX', 'ZAF', 'ROW']

===== tau off-diagonal x 1.0 (patenting sector) =====
12  countries,  2  sectors 
Solving time : 0.0022847500076750293 
Iterations :  9 
Deviation norm :  TODO 
Status :  successful 
Hit the bounds  0  times
0
[12.] USA -0.9975885624814803
[6.005] USA -0.9974996905896096
[0.01] USA -0.9707254107020504
[12.] USA -0.9975890671760386
[11.99999999] USA -0.9975628642096204
[12.] EUR -0.9920993648876402
[6.005] EUR -0.9920856511582105
[0.01] EUR -0.9540586660927806
[12.] EUR -0.9920700041117155
[11.99999999] EUR -0.9920761446681166
[6.00500002] EUR -0.9920702850048038
[9.00250001] EUR -0.9920811723800099
[10.50124999] EUR -0.9921024648780484
[11.25062496] EUR -0.9920846192021998
[11.62531246] EUR -0.9920914735836825
[11.8126562] EUR -0.9920889488339961
[11.90632808] EUR -0.9920883942901705
[11.95316402] EUR -0.9920771308680795
[11.976582] EUR -0.9920820681483203
[11.98829099] EUR -0.9920780989816301
[11.99414548] EUR -0.9920908990798654
[11.9941455] EUR -0.9920688854085693
[6.00501745] EUR -0.9920642517268163
[8.99958148] EUR -0.9920776722822263
[10.49686348] EUR -0.9920707569338071
[11.24550449] EUR -0.9920667991411574
[11.61982499] EUR -0.9920930620984124
[11.80698524] EUR -0.9920776664509587
[11.90056536] EUR -0.9920755155267833
[11.94735543] EUR -0.9920732097649338
[11.97075046] EUR -0.9920833289923227
[11.98244797] EUR -0.9921002542268808
[11.98829673] EUR -0.992067523029387
[11.98829674] EUR -0.9920706503861836
[11.98902427] EUR -0.99206006608875
[11.98866048] EUR -0.9920828404030838
[11.98847864] EUR -0.9920839302682367
[11.98838772] EUR -0.9920631479891714
[11.98834221] EUR -0.9920840896885634
[11.98831951] EUR -0.9920752887186677
[11.98830814] EUR -0.9920609022304977
[11.98830242] EUR -0.9920879987122028
[11.98829962] EUR -0.9920597690439092
[11.98829815] EUR -0.9920869111342031
[11.98829749] EUR -0.9920924492103098
[12.] JAP -0.9884414716126563
[6.005] JAP -0.9884221353355183
[0.01] JAP -0.9437867364455608
[12.] JAP -0.9884489810619027
[11.99999999] JAP -0.988472849511299
[6.005] JAP -0.9884110720248094
[9.00250001] JAP -0.9884477112937154
[10.50125001] JAP -0.9884355920563264
[11.25062501] JAP -0.9884298676913893
[11.62531251] JAP -0.9884349142335342
[11.81265626] JAP -0.9884296330025826
[11.90632814] JAP -0.988440105562131
[11.95316407] JAP -0.9884369065946178
[11.97658204] JAP -0.9884519643800019
[11.98829102] JAP -0.9884521860616087
[11.99414551] JAP -0.9884429977074711
[11.99414552] JAP -0.9884415070587862
[11.99375552] JAP -0.9884519348417512
[11.99395047] JAP -0.9884351594534163
[11.99404803] JAP -0.9884439478917928
[11.99409676] JAP -0.9884439910375461
[11.99412113] JAP -0.9884329793681672
[11.99413337] JAP -0.988464997391101
[11.99413933] JAP -0.988434534188315
[11.99414246] JAP -0.9884309910317459
[11.99414404] JAP -0.9884509513965961
[11.99414473] JAP -0.988447317830169
[11.9941451] JAP -0.9884582690582455
[12.] CHN -0.9892904479188169
[6.005] CHN -0.9892584075897415
[0.01] CHN -0.9179291695682099
[12.] CHN -0.9892769031819477
[11.99999999] CHN -0.9892885493505162
[6.005] CHN -0.9892867296823684
[9.00249999] CHN -0.9892816026386769
[10.50124999] CHN -0.989270676622128
[11.250625] CHN -0.98931304881538
[11.62531248] CHN -0.9892734063890557
[11.81265624] CHN -0.9893080079245058
[11.9063281] CHN -0.9892858519024168
[11.95316404] CHN -0.9892816702534933
[11.97658202] CHN -0.9893101569218342
[11.98829099] CHN -0.9892877067980067
[11.99414549] CHN -0.9892641058708925
[11.9941455] CHN -0.9892755425434067
[11.99704618] CHN -0.989283696809626
[11.99559584] CHN -0.9892866587685368
[11.99487068] CHN -0.9892795231170305
[11.99450809] CHN -0.9892944356486677
[11.99432681] CHN -0.9892775358210523
[11.99423616] CHN -0.9892737574155577
[11.99419083] CHN -0.9893042323551582
[11.99416818] CHN -0.9892754490307671
[11.99415684] CHN -0.9892964005064333
[11.99415119] CHN -0.9892936908015812
[11.99414836] CHN -0.989294379419683
[11.99414837] CHN -0.9892688766256853
[11.99414638] CHN -0.9892715975573275
[11.99414737] CHN -0.9892741846504418
[11.99414787] CHN -0.9892800404738432
[11.99414812] CHN -0.9892851810097927
[11.99414824] CHN -0.9892915759364582
[11.9941483] CHN -0.9892963493403101
[11.99414833] CHN -0.9892877487346579
[11.99414834] CHN -0.9892681974942192
[11.99414835] CHN -0.9893045543329694
[12.] BRA -0.9830898702835009
[6.005] BRA -0.9830782400896324
[0.01] BRA -0.9373843302275434
[12.] BRA -0.983089045837812
[11.99999999] BRA -0.9830982040120606
[6.00500001] BRA -0.9830797845767186
[9.00250001] BRA -0.9830735505728123
[10.50125002] BRA -0.9830980992379068
[11.250625] BRA -0.9831013569617676
[11.62531249] BRA -0.9830834164230207
[11.81265625] BRA -0.9830929836802922
[11.90632812] BRA -0.9830886486209472
[11.95316406] BRA -0.9830853883503594
[11.97658203] BRA -0.9830963244422216
[11.98829101] BRA -0.9830872003917116
[11.99414551] BRA -0.9830948013565617
[11.99414552] BRA -0.9831018724470187
[11.99669631] BRA -0.983075625683807
[11.99542089] BRA -0.9830939266601868
[11.9947832] BRA -0.9830918635266565
[11.99446435] BRA -0.9830928085165077
[11.99430493] BRA -0.9830912990390379
[11.99422521] BRA -0.983088006439246
[11.99418535] BRA -0.9830849327219664
[11.99416542] BRA -0.9830915186392787
[11.99415546] BRA -0.9830935424391839
[11.99415048] BRA -0.9830840395723534
[11.99414798] BRA -0.9830881870880914
[11.994148] BRA -0.9830967372155777
[12.] BRA -0.9831095530508998
[11.99707401] BRA -0.9831010394833755
[11.99561101] BRA -0.9830964883984155
[11.9948795] BRA -0.9830731379355226
[11.99451373] BRA -0.9830946930151037
[11.99433086] BRA -0.9830976643149248
[11.99423943] BRA -0.9830904361747034
[11.99419371] BRA -0.9830883150645704
[11.99417085] BRA -0.9830690116866515
[11.9941594] BRA -0.983098062256572
[11.9941537] BRA -0.9830875142829544
[12.] IND -0.9809563361353648
[6.005] IND -0.9809428011307539
[0.01] IND -0.9308277906878692
[12.] IND -0.980954933632912
[11.99999999] IND -0.980956992012325
[6.005] IND -0.9809585730631062
[9.00249999] IND -0.9809573559684672
[10.50124998] IND -0.980962799741544
[11.25062496] IND -0.9809596140730105
[11.62531246] IND -0.9809539926873695
[11.81265624] IND -0.9809630866904685
[11.90632809] IND -0.9809571685044863
[11.95316404] IND -0.9809545643417059
[11.97658202] IND -0.9809642320461088
[11.98829098] IND -0.9809538355133522
[11.99414549] IND -0.9809514993540059
[11.99414551] IND -0.980955606208243
[11.99804536] IND -0.9809600360856382
[11.99609544] IND -0.9809625808386774
[11.99512049] IND -0.9809511918508421
[11.99463299] IND -0.9809628302484859
[11.99438926] IND -0.9809510057051251
[11.99426738] IND -0.9809549891056927
[11.99420644] IND -0.980954051267043
[11.99417597] IND -0.9809478774663051
[11.99416072] IND -0.9809549973185471
[11.99415311] IND -0.9809592427170116
[11.99414932] IND -0.9809509755199681
[12.] CAN -0.9958711552037522
[6.005] CAN -0.9957676462362071
[0.01] CAN -0.9457896987232609
[12.] CAN -0.9958713127479476
[11.99999999] CAN -0.9958549750073187
[12.] KOR -0.9983306328236469
[6.005] KOR -0.99829552007598
[0.01] KOR -0.9410081799658583
[12.] KOR -0.9983611116850966
[11.99999999] KOR -0.9983706609624449
[6.00500007] KOR -0.9983061029084976
[9.00250008] KOR -0.9983673014395342
[10.50125003] KOR -0.9983473717064455
[11.25062503] KOR -0.9983388649803264
[11.62531253] KOR -0.9983542825704307
[11.81265627] KOR -0.998361766680956
[11.90632813] KOR -0.9983365637911027
[11.95316409] KOR -0.9983632893241761
[11.97658204] KOR -0.9983646945031118
[11.98829102] KOR -0.9983107024678933
[11.99414555] KOR -0.9983512277589588
[11.99414556] KOR -0.9983646381281426
[11.99756504] KOR -0.9983651353230153
[11.9958553] KOR -0.9983567187923604
[11.99500043] KOR -0.9983824673604185
[11.99457301] KOR -0.9983510989074001
[11.99435928] KOR -0.998373235364646
[11.99425242] KOR -0.9983637212849904
[11.99419899] KOR -0.9983259010714526
[11.99417226] KOR -0.9983582602048268
[11.99415891] KOR -0.9983836609136955
[11.99415225] KOR -0.9983375153937011
[11.99414889] KOR -0.9983971148379035
[11.9941489] KOR -0.9983616433958972
[11.99414646] KOR -0.9983486365874599
[11.99414769] KOR -0.9983551680746218
[11.9941483] KOR -0.9983437601564495
[11.9941486] KOR -0.9983256455621606
[11.99414876] KOR -0.9983397701312307
[11.99414883] KOR -0.9983440392534514
[11.99414887] KOR -0.9983389836756986
[11.99414889] KOR -0.9983791717902752
[11.99414889] KOR -0.9983635955070338
[11.99414889] KOR -0.9983753031414402
[11.99414889] KOR -0.9983646404558137
[12.] RUS -0.9798044069122823
[6.005] RUS -0.9797889698943397
[0.01] RUS -0.9357797018628582
[12.] RUS -0.979805751659044
[11.99999999] RUS -0.9797997763282601
[12.] MEX -0.9811679748289892
[6.005] MEX -0.9811521240380351
[0.01] MEX -0.9399904447490649
[12.] MEX -0.9811592329101796
[11.99999999] MEX -0.9811677678584153
[6.00500003] MEX -0.9811544124366128
[9.00250002] MEX -0.9811548040961788
[10.50125001] MEX -0.9811612241633527
[11.25062501] MEX -0.9811608443739201
[11.6253125] MEX -0.9811667267131319
[11.81265624] MEX -0.9811567120073562
[11.90632812] MEX -0.9811697699633275
[11.95316405] MEX -0.9811487535401323
[11.97658204] MEX -0.9811550277411842
[11.98829102] MEX -0.981152669395508
[11.99414552] MEX -0.9811686047614757
[11.99414553] MEX -0.9811729773728993
[11.9961288] MEX -0.9811669287484495
[11.99513716] MEX -0.9811612825346058
[11.99464132] MEX -0.9811610254693994
[11.99439341] MEX -0.9811624458566766
[11.99426945] MEX -0.9811573916985158
[11.99420746] MEX -0.9811613365894772
[11.99417648] MEX -0.9811719577894511
[11.994161] MEX -0.9811585583886195
[11.99415324] MEX -0.9811785353023059
[11.9941494] MEX -0.9811738982579499
[11.99414747] MEX -0.9811635593144297
[11.99414748] MEX -0.9811538502727949
[11.99414612] MEX -0.9811725378720804
[11.99414679] MEX -0.9811519370213249
[11.99414713] MEX -0.9811580975769175
[11.9941473] MEX -0.9811579275550122
[11.99414739] MEX -0.9811668637833999
[11.99414742] MEX -0.9811611904169606
[11.99414745] MEX -0.9811556212080575
[11.99414746] MEX -0.9811676219410832
[12.] ZAF -0.9812166060751047
[6.005] ZAF -0.9812125282396813
[0.01] ZAF -0.9495426267596068
[12.] ZAF -0.9812278373462214
[11.99999999] ZAF -0.9812226027730495
[12.] ROW -0.9764572810180177
[6.005] ROW -0.9764567807387912
[0.01] ROW -0.9236074268420982
[12.] ROW -0.9764538363104938
[11.99999999] ROW -0.9764555172076371
[6.005] ROW -0.9764558629971551
[9.00249999] ROW -0.9764561474519008
[10.50124999] ROW -0.9764563835485969
[11.25062498] ROW -0.9764563131388416
[11.62531248] ROW -0.9764563707275731
[11.81265623] ROW -0.9764554422044013
[11.90632811] ROW -0.9764562487536134
[11.95316404] ROW -0.9764556373494958
[11.97658201] ROW -0.9764557486281304
[11.988291] ROW -0.9764546528088777
[11.9941455] ROW -0.9764556760435171
[11.99414551] ROW -0.9764580667202785
[11.99758304] ROW -0.9764575555824201
[11.99586428] ROW -0.9764556816831041
[11.99500489] ROW -0.9764567208855753
[11.99457519] ROW -0.9764566176217507
[11.99436035] ROW -0.976456039954066
[11.99425292] ROW -0.9764554928803463
[11.99419921] ROW -0.9764565746883601
[11.99417235] ROW -0.976457741142806
[11.99415893] ROW -0.9764557638278621
[11.99415221] ROW -0.9764550753087374
[11.99414885] ROW -0.9764551630576972
ROW [[12.        ]
 [11.98829749]
 [11.9941451 ]
 [11.99414835]
 [11.9941537 ]
 [11.99414932]
 [12.        ]
 [11.99414889]
 [12.        ]
 [11.99414746]
 [12.        ]
 [11.99414885]]
0.0
  US Nash delta = 12.0000  -> complete protection: False

===== tau off-diagonal x 1.5 (patenting sector) =====
12  countries,  2  sectors 
Solving time : 0.07504883399815299 
Iterations :  306 
Deviation norm :  TODO 
Status :  successful 
Hit the bounds  0  times
0
[12.] USA -0.9960605355001829
[6.005] USA -0.9960136168839427
[0.01] USA -0.9862490218294662
[12.] USA -0.9960624711787183
[11.99999999] USA -0.9960632145085769
[6.005] USA -0.9960511983243466
[9.00250011] USA -0.9960637153642143
[10.50125004] USA -0.9960666455704641
[11.25062498] USA -0.996066108165139
[11.62531245] USA -0.9960897745376083
[11.81265595] USA -0.996062708725236
[11.90632797] USA -0.9960690825510404
[11.95316392] USA -0.9960656159657926
[11.97658193] USA -0.9960804117810357
[11.98829078] USA -0.9960890191721284
[11.99414513] USA -0.9960545699004719
[11.99414514] USA -0.9960544891778255
[11.99343185] USA -0.9960480374813767
[11.99378909] USA -0.9960561586810005
[11.99396696] USA -0.996052597462285
[11.99405623] USA -0.9960856432612811
[11.99409761] USA -0.9960699142109632
[11.99411986] USA -0.9960796931347057
[11.99411988] USA -0.9960619551864655
[11.21044707] USA -0.9960644844107305
[11.60228347] USA -0.9960842569676929
[11.79820167] USA -0.9960715006158686
[11.89616077] USA -0.9960651882331572
[11.94514032] USA -0.9960508570901365
[11.9696301] USA -0.9960660088444783
[11.98187499] USA -0.9960687574239481
[11.98799743] USA -0.9961171149519406
[11.99105863] USA -0.9960775604954205
[11.99258925] USA -0.9960853517076205
[11.99335455] USA -0.9960873465953233
[11.99335457] USA -0.9960859355835212
[11.99328841] USA -0.9960726517830168
[11.99332156] USA -0.9960712467372167
[11.99333814] USA -0.9960633590485092
[11.99334647] USA -0.9960755492174319
[11.99335057] USA -0.9960915804072922
[11.99335254] USA -0.9960849202295419
[11.99335356] USA -0.9960565982759239
[11.99335418] USA -0.9960493116190753
[11.99335446] USA -0.9960784750723022
[11.99335453] USA -0.9960506568104089
[11.99335455] USA -0.9960908444381812
[12.] EUR -0.9907148787500392
[6.005] EUR -0.9906761743375391
[0.01] EUR -0.9658007720168281
[12.] EUR -0.9907020821645025
[11.99999999] EUR -0.9906864293917366
[12.] JAP -0.9893047174386196
[6.005] JAP -0.9892840677570371
[0.01] JAP -0.9569801855894354
[12.] JAP -0.9893116537800141
[11.99999999] JAP -0.9893023496194959
[12.] CHN -0.9876888300859851
[6.005] CHN -0.9876668921669343
[0.01] CHN -0.9375083330246545
[12.] CHN -0.9876779073586934
[11.99999999] CHN -0.9876945991941063
[6.00500012] CHN -0.9876575765761849
[9.00250007] CHN -0.987687864253167
[10.50125003] CHN -0.9876891481040515
[11.25062501] CHN -0.9876886799993945
[11.6253125] CHN -0.9876803021331699
[11.81265625] CHN -0.9876791661335533
[11.90632812] CHN -0.987690106727102
[11.95316406] CHN -0.9876753638014959
[11.97658203] CHN -0.987696249629142
[11.98829101] CHN -0.9876863300934534
[11.9941455] CHN -0.987677282136839
[12.] BRA -0.9843560873696563
[6.005] BRA -0.9843485674743669
[0.01] BRA -0.9481171539082114
[12.] BRA -0.9843560511861387
[11.99999999] BRA -0.9843619984537122
[6.00500001] BRA -0.9843429374539066
[9.00250002] BRA -0.9843537497049907
[10.50125001] BRA -0.9843545133498517
[11.25062501] BRA -0.9843613174635192
[11.6253125] BRA -0.984357576188164
[11.81265625] BRA -0.9843624507353648
[11.90632812] BRA -0.9843646766684783
[11.95316405] BRA -0.9843603756512732
[11.97658202] BRA -0.9843676952506397
[11.98829099] BRA -0.9843574696088423
[11.9941455] BRA -0.98436405751961
[11.99414551] BRA -0.9843644205305052
[11.99448229] BRA -0.9843656531592607
[11.99431392] BRA -0.9843645912741621
[11.99422972] BRA -0.9843501672456324
[11.99418732] BRA -0.9843621202694146
[11.99416637] BRA -0.9843631797730219
[11.99415591] BRA -0.9843598231362073
[11.99415062] BRA -0.9843565595384038
[11.99414791] BRA -0.9843683348247857
[11.9941468] BRA -0.9843590167386361
[11.99414606] BRA -0.9843537534598303
[11.99414566] BRA -0.9843528949491512
[12.] IND -0.982866480271489
[6.005] IND -0.9828585352696998
[0.01] IND -0.9443372954450397
[12.] IND -0.9828670409063776
[11.99999999] IND -0.9828667521206321
[12.] CAN -0.9965360594136944
[6.005] CAN -0.9965176289383099
[0.01] CAN -0.9515585606988871
[12.] CAN -0.9965420305857019
[11.99999999] CAN -0.9965510179811764
[6.00500003] CAN -0.9965245402108627
[9.00250003] CAN -0.9965570425739014
[10.50125] CAN -0.9965324528273061
[11.25062501] CAN -0.9965589663687618
[11.62531249] CAN -0.9965744167667002
[11.81265622] CAN -0.9965586432130638
[11.9063281] CAN -0.9965489580889817
[11.95316404] CAN -0.9965655283789576
[11.976582] CAN -0.9965292841207258
[11.98829101] CAN -0.996515195436539
[11.99414553] CAN -0.9965575768979325
[11.99414554] CAN -0.9965204925408705
[6.00504487] CAN -0.9965098857144721
[8.99959521] CAN -0.9965464613937812
[10.49687037] CAN -0.9965506973879068
[11.24550795] CAN -0.9965682498736511
[11.61982674] CAN -0.9965271190817091
[11.80698614] CAN -0.996547686694542
[11.90056584] CAN -0.996548580743133
[11.94735568] CAN -0.9965484582935098
[11.97075061] CAN -0.9965428937006393
[11.98244807] CAN -0.9965597853509951
[11.9882968] CAN -0.9965473846198184
[11.98829681] CAN -0.9965487440287231
[11.98850362] CAN -0.9965375941802994
[11.98840015] CAN -0.9965632991430582
[11.98834856] CAN -0.9965344714406013
[11.98832261] CAN -0.9965457389062271
[11.9883097] CAN -0.996528874592206
[11.98830315] CAN -0.996574375446249
[11.98830013] CAN -0.9965299158187648
[11.98829837] CAN -0.9965622707957473
[11.98829839] CAN -0.9965498275542345
[11.98829695] CAN -0.9965455890576177
[11.98829767] CAN -0.9965595031703933
[11.98829802] CAN -0.9965638012882801
[11.9882982] CAN -0.9965374015049838
[11.9882983] CAN -0.9965436706839303
[11.98829834] CAN -0.9965398027647964
[11.98829837] CAN -0.9965529194265922
[11.98829837] CAN -0.9965421401855049
[11.98829837] CAN -0.9965264457903947
[11.98829837] CAN -0.9965662743801018
[12.] KOR -0.9966200273620982
[6.005] KOR -0.9965895501501089
[0.01] KOR -0.952864867548815
[12.] KOR -0.9966371533734012
[11.99999999] KOR -0.9966353579100832
[12.] RUS -0.982040433294805
[6.005] RUS -0.9820338479537669
[0.01] RUS -0.9471367620218375
[12.] RUS -0.9820370748606048
[11.99999999] RUS -0.9820377294686402
[6.005] RUS -0.9820296224032126
[9.00250008] RUS -0.9820402637353399
[10.50125001] RUS -0.9820395072756469
[11.25062498] RUS -0.9820337123344841
[11.62531253] RUS -0.9820400905628135
[11.81265623] RUS -0.9820373884533342
[11.90632811] RUS -0.9820375640839084
[11.95316405] RUS -0.9820393657735609
[11.976582] RUS -0.9820366955866789
[11.988291] RUS -0.9820377409914925
[11.99414549] RUS -0.9820396696960506
[11.99414551] RUS -0.9820375575455595
[6.00500001] RUS -0.9820337523997844
[8.99957277] RUS -0.982033002168692
[10.49685916] RUS -0.9820377047321825
[11.24550233] RUS -0.9820379153583402
[11.61982392] RUS -0.9820380433909097
[11.80698471] RUS -0.9820380247403626
[11.90056511] RUS -0.9820320652378683
[11.94735533] RUS -0.982034226506604
[11.97075043] RUS -0.9820345062737376
[11.98244798] RUS -0.9820350101369828
[11.98829675] RUS -0.9820394088833525
[12.] MEX -0.982854368136435
[6.005] MEX -0.9828449409076236
[0.01] MEX -0.9469028511711859
[12.] MEX -0.9828570158725872
[11.99999999] MEX -0.9828560824647602
[12.] ZAF -0.9832302109561593
[6.005] ZAF -0.9832266671246613
[0.01] ZAF -0.9570707802302515
[12.] ZAF -0.9832289942873736
[11.99999999] ZAF -0.9832271844567777
[12.] ROW -0.9799230190969271
[6.005] ROW -0.9799220690255073
[0.01] ROW -0.9330763054244401
[12.] ROW -0.9799223753251366
[11.99999999] ROW -0.9799218526626169
ROW [[11.99335455]
 [12.        ]
 [12.        ]
 [11.9941455 ]
 [11.99414566]
 [12.        ]
 [11.98829837]
 [12.        ]
 [11.98829675]
 [12.        ]
 [12.        ]
 [12.        ]]
0.0
  US Nash delta = 12.0000  -> complete protection: False

===== tau off-diagonal x 2.0 (patenting sector) =====
12  countries,  2  sectors 
Solving time : 0.06775849999394268 
Iterations :  284 
Deviation norm :  TODO 
Status :  successful 
Hit the bounds  0  times
0
[12.] USA -0.9945213886899086
[6.005] USA -0.9944818901049371
[0.01] USA -0.9935193575668565
[12.] USA -0.994518347226896
[11.99999999] USA -0.9945126663993473
[12.] EUR -0.9901016496094099
[6.005] EUR -0.9900701878239604
[0.01] EUR -0.972878993445487
[12.] EUR -0.9900932073095788
[11.99999999] EUR -0.9900999956001755
[6.005] EUR -0.9900776346123642
[9.00250002] EUR -0.9900921330342466
[10.50125001] EUR -0.9900884753950169
[11.25062501] EUR -0.9900785424182752
[11.62531252] EUR -0.9900928852453277
[11.81265626] EUR -0.990102435542468
[11.90632812] EUR -0.9900816336034237
[11.95316407] EUR -0.9901051110822572
[11.97658202] EUR -0.990078036873136
[11.98829103] EUR -0.9900850099599237
[11.99414552] EUR -0.9901019622991489
[11.99414554] EUR -0.9900715081914295
[6.00503474] EUR -0.9900786903426535
[8.99959014] EUR -0.9900829226427255
[10.49686783] EUR -0.9900817944863223
[11.24550668] EUR -0.9900849096253099
[11.61982611] EUR -0.9901057614338206
[11.80698581] EUR -0.990093493515094
[11.90056567] EUR -0.9900868722963988
[11.9473556] EUR -0.9900909177540906
[11.97075056] EUR -0.9900836395230759
[11.98244805] EUR -0.9900797729742676
[11.98829679] EUR -0.9900850718429974
[11.98829681] EUR -0.9900874174807583
[11.98871506] EUR -0.9900708030552999
[11.98850588] EUR -0.9901010923844088
[11.98840139] EUR -0.9900954725146061
[11.98834912] EUR -0.9900916384619048
[11.98832298] EUR -0.990088781042201
[11.9883099] EUR -0.9900842613223915
[11.98830334] EUR -0.990090376704741
[11.98830008] EUR -0.990096449328129
[11.98829847] EUR -0.9900847335944095
[11.98829763] EUR -0.9900950104760773
[11.98829725] EUR -0.990079994188245
[12.] JAP -0.9891993386206297
[6.005] JAP -0.989176226522733
[0.01] JAP -0.9649338544344457
[12.] JAP -0.9892027471633088
[11.99999999] JAP -0.989197153681347
[12.] CHN -0.9872878355631041
[6.005] CHN -0.9872748545349794
[0.01] CHN -0.9486016427286977
[12.] CHN -0.9872899388373334
[11.99999999] CHN -0.9872877261300312
[12.] BRA -0.9850434076458847
[6.005] BRA -0.9850415177187015
[0.01] BRA -0.9551210465214194
[12.] BRA -0.9850489332924061
[11.99999999] BRA -0.9850482457165266
[12.] IND -0.9838637686531687
[6.005] IND -0.9838625927718592
[0.01] IND -0.9525656174148851
[12.] IND -0.983863556346467
[11.99999999] IND -0.9838620430340848
[12.] CAN -0.9956674484573271
[6.005] CAN -0.9956282946793061
[0.01] CAN -0.9566248059855956
[12.] CAN -0.9956584912142322
[11.99999999] CAN -0.9956749685107266
[6.005] CAN -0.9956307924942884
[9.00250001] CAN -0.9956659892067558
[10.50125] CAN -0.9956473443110334
[11.25062501] CAN -0.9956423014821411
[11.62531251] CAN -0.9956742783851699
[11.81265625] CAN -0.9956747673029415
[11.90632812] CAN -0.9956437378671784
[11.95316407] CAN -0.9956779663358096
[11.97658202] CAN -0.9956726059610715
[11.98829101] CAN -0.9956735994228056
[11.9941455] CAN -0.9956787130025395
[11.99414551] CAN -0.9956606124972244
[6.005] CAN -0.9956442609526436
[8.99957276] CAN -0.9956610120347074
[10.49685914] CAN -0.9956647797541341
[11.24550232] CAN -0.9956441836933435
[11.61982392] CAN -0.995642160738419
[11.80698472] CAN -0.9956653369269202
[11.90056512] CAN -0.9956668482262268
[11.94735531] CAN -0.995653295090847
[11.97075041] CAN -0.9956886795381784
[11.98244795] CAN -0.9956649055063668
[11.98829673] CAN -0.9956537086217194
[11.98829674] CAN -0.9956866983056077
[11.99207336] CAN -0.995657202120713
[11.99018505] CAN -0.99566555135887
[11.98924089] CAN -0.9956366611260054
[11.98876881] CAN -0.9956612485454706
[11.98853277] CAN -0.9956688650378656
[11.98841475] CAN -0.9956763742170534
[11.98835575] CAN -0.9956732400337561
[11.98832624] CAN -0.9956621846211656
[11.98831149] CAN -0.9956522503026285
[11.98830411] CAN -0.9956712420062974
[11.98830042] CAN -0.9956519839610803
[11.98830044] CAN -0.9956674306262137
[11.98830367] CAN -0.9956487742417783
[11.98830205] CAN -0.9956873817567695
[11.98830125] CAN -0.9956493771305764
[11.98830084] CAN -0.9956687265222013
[11.98830064] CAN -0.9956671860588139
[11.98830054] CAN -0.9956623998368457
[11.98830049] CAN -0.995651397239404
[11.98830045] CAN -0.9956540310733154
[11.98830044] CAN -0.9956692360821291
[12.] KOR -0.9951520740404677
[6.005] KOR -0.9951188716815452
[0.01] KOR -0.9602941220380716
[12.] KOR -0.9951410377675018
[11.99999999] KOR -0.9951381412463866
[12.] RUS -0.9832595019658255
[6.005] RUS -0.9832577191841415
[0.01] RUS -0.9546103736254183
[12.] RUS -0.9832569614948172
[11.99999999] RUS -0.9832593340971704
[6.005] RUS -0.9832522287264879
[9.00250002] RUS -0.9832540546020738
[10.50125002] RUS -0.983256217294965
[11.25062501] RUS -0.9832587250697862
[11.6253125] RUS -0.983255287476286
[11.81265626] RUS -0.9832524123342524
[11.90632814] RUS -0.9832539555911209
[11.95316408] RUS -0.9832545972952248
[11.97658205] RUS -0.9832605792663011
[11.98829101] RUS -0.9832552536650981
[11.99414551] RUS -0.9832581676031658
[11.99414553] RUS -0.9832574798507677
[11.99175572] RUS -0.9832575628154755
[11.99295062] RUS -0.9832574262656941
[11.99354808] RUS -0.9832564455472474
[11.99384681] RUS -0.9832609908553683
[11.99399613] RUS -0.9832570020323065
[11.99407083] RUS -0.9832566438373976
[11.99410819] RUS -0.9832572412696984
[11.99412686] RUS -0.9832535151259855
[11.99413624] RUS -0.9832597812742043
[11.99414086] RUS -0.983257670423895
[11.99414319] RUS -0.9832597994679394
[11.9941432] RUS -0.9832586310195843
[11.97384267] RUS -0.9832582459262511
[11.98399294] RUS -0.9832551553712672
[11.98906809] RUS -0.9832565281695443
[11.99160566] RUS -0.983257426576573
[11.99287444] RUS -0.9832579286547164
[11.99350883] RUS -0.983257888323798
[11.99382602] RUS -0.9832602465630574
[11.9939846] RUS -0.9832596754409199
[11.9940639] RUS -0.9832580711342732
[11.99410355] RUS -0.9832561384825372
[11.99412339] RUS -0.9832578128098016
[11.99412341] RUS -0.9832579771094934
[11.99412584] RUS -0.9832598978191284
[11.99412472] RUS -0.9832555994885678
[11.99412397] RUS -0.983255283080628
[11.9941236] RUS -0.9832582646480706
[12.] MEX -0.983985457744152
[6.005] MEX -0.983983651596288
[0.01] MEX -0.9531942127107856
[12.] MEX -0.9839849017573548
[11.99999999] MEX -0.9839890257959805
[6.005] MEX -0.9839828252150974
[9.0025] MEX -0.9839856757520286
[10.50125] MEX -0.9839877392465399
[11.250625] MEX -0.9839939798322427
[11.62531248] MEX -0.983985841685105
[11.81265624] MEX -0.9839840956184562
[11.90632812] MEX -0.9839879013486137
[11.95316406] MEX -0.9839851180742389
[11.97658203] MEX -0.9839836247008195
[11.98829102] MEX -0.9839876933620323
[11.9941455] MEX -0.983989826819454
[11.99414552] MEX -0.983982308918269
[6.005] MEX -0.983983738931559
[8.99957276] MEX -0.9839871916335533
[10.49685913] MEX -0.9839872807593313
[11.24550232] MEX -0.9839853895785589
[11.61982392] MEX -0.9839835172686381
[11.80698472] MEX -0.9839809717637208
[11.90056512] MEX -0.9839806224146018
[11.94735532] MEX -0.9839887992395088
[11.97075041] MEX -0.9839879743320191
[11.98244796] MEX -0.9839871120054129
[11.98829673] MEX -0.9839906567201115
[12.] ZAF -0.9842143811017703
[6.005] ZAF -0.9842129938241384
[0.01] ZAF -0.962312833856098
[12.] ZAF -0.9842242257468019
[11.99999999] ZAF -0.9842237089712932
[12.] ROW -0.9816969252674023
[6.005] ROW -0.9816958436784304
[0.01] ROW -0.9412792791599941
[12.] ROW -0.9816968371722694
[11.99999999] ROW -0.9816964965906325
ROW [[12.        ]
 [11.98829725]
 [12.        ]
 [12.        ]
 [12.        ]
 [12.        ]
 [11.98830044]
 [12.        ]
 [11.9941236 ]
 [11.98829673]
 [12.        ]
 [12.        ]]
0.0
  US Nash delta = 12.0000  -> complete protection: False

===== tau off-diagonal x 2.5 (patenting sector) =====
12  countries,  2  sectors 
Solving time : 0.06947600000421517 
Iterations :  286 
Deviation norm :  TODO 
Status :  successful 
Hit the bounds  0  times
0
[12.] USA -0.9934369421070364
[6.005] USA -0.9934170554855504
[0.01] USA -0.9976315260061213
[0.01] USA -0.9976324841000784
[0.01000001] USA -0.9976316952694237
[12.] USA -0.9934238917657078
[11.99999999] USA -0.9934502898453708
[6.005] USA -0.993414000846287
[9.0025] USA -0.9934294957644382
[10.50125] USA -0.9934268938506372
[11.250625] USA -0.9934347604356691
[11.6253125] USA -0.9934529649261512
[11.81265624] USA -0.9934437571455612
[11.90632811] USA -0.9934315234577562
[11.95316406] USA -0.9934179348460667
[11.97658203] USA -0.9934392458297187
[11.98829101] USA -0.9934203922654983
[11.99414551] USA -0.9934304981792912
[11.99414552] USA -0.993445691371016
[11.99628414] USA -0.9934393697401962
[11.99521483] USA -0.9934159118925106
[11.99468016] USA -0.9934431059581371
[11.99441284] USA -0.9934294559834929
[11.99427917] USA -0.993413694101486
[11.99421233] USA -0.9934339631697076
[11.99417892] USA -0.9934426554264022
[11.99416222] USA -0.9934259238399801
[11.99415386] USA -0.9934332672610388
[11.99414968] USA -0.9934356865361297
[11.9941476] USA -0.993435871494805
[11.99414761] USA -0.9934336406209585
[11.99414733] USA -0.9934430014157782
[12.] EUR -0.9896797877029282
[6.005] EUR -0.9896671872566275
[0.01] EUR -0.9772230959197387
[12.] EUR -0.9896790239746501
[11.99999999] EUR -0.9896903586684455
[6.005] EUR -0.9896718512139572
[9.0025] EUR -0.9896763250907462
[10.50125] EUR -0.9896763326917368
[11.250625] EUR -0.989681850619634
[11.6253125] EUR -0.9896756564862389
[11.81265625] EUR -0.9896674067291733
[11.90632813] EUR -0.9896759849406113
[11.95316407] EUR -0.9896708756427893
[11.97658204] EUR -0.989671550920516
[11.98829102] EUR -0.9896789601137614
[11.99414551] EUR -0.9896813645987836
[11.99414553] EUR -0.9896811242403665
[11.99401868] EUR -0.9896938641554925
[11.9940817] EUR -0.9896869976871383
[11.99411343] EUR -0.9896821123290411
[11.99412945] EUR -0.9896859667876028
[11.99413734] EUR -0.9896780411238867
[11.99414152] EUR -0.9896828837132455
[11.99414347] EUR -0.9896857491137032
[11.99414349] EUR -0.9896759444793002
[11.96827391] EUR -0.9896815956903573
[11.98120869] EUR -0.9896774724301325
[11.98767609] EUR -0.9896812123402035
[11.99090978] EUR -0.9896821798711878
[11.99252663] EUR -0.9896739946703343
[11.99333506] EUR -0.9896859786587575
[11.99373926] EUR -0.9896866529261978
[11.99394137] EUR -0.9896875919467594
[11.99404242] EUR -0.9896701387961946
[11.99409296] EUR -0.9896838719489849
[11.99411821] EUR -0.9896878691189136
[11.99411823] EUR -0.9896785364138222
[11.99361876] EUR -0.9896835658293972
[11.99386849] EUR -0.9896765331968109
[11.99399336] EUR -0.9896836955450062
[11.99405579] EUR -0.9896777521722286
[11.99408701] EUR -0.9896742126140633
[11.99410262] EUR -0.9896822789558668
[11.99411042] EUR -0.9896891983388998
[11.99411432] EUR -0.9896948608698689
[11.99411626] EUR -0.9896805580957948
[11.99411724] EUR -0.9896815316518631
[11.99411773] EUR -0.9896859268084351
[12.] JAP -0.9889798643277824
[6.005] JAP -0.9889650071042879
[0.01] JAP -0.9698570687144352
[12.] JAP -0.9889883695035183
[11.99999999] JAP -0.9889895247313183
[6.005] JAP -0.9889713365907985
[9.00250011] JAP -0.9889803782318964
[10.50125011] JAP -0.9889772525101005
[11.25062512] JAP -0.9889790136668126
[11.62531262] JAP -0.9889863627530966
[11.81265632] JAP -0.988978252533556
[11.90632823] JAP -0.9889795879583715
[11.95316417] JAP -0.9889789018002747
[11.97658215] JAP -0.9889818718686471
[11.98829112] JAP -0.9889864428478947
[11.99414557] JAP -0.988989666396795
[11.99414558] JAP -0.9889713725882697
[6.00500105] JAP -0.9889719567084124
[8.99957332] JAP -0.9889777889158271
[10.49685945] JAP -0.9889858310591235
[11.24550251] JAP -0.988980167668019
[11.61982404] JAP -0.9889726065932244
[11.80698481] JAP -0.9889734681758828
[11.9005652] JAP -0.9889726929928786
[11.94735539] JAP -0.988980596731265
[11.97075048] JAP -0.9889774319247489
[11.98244803] JAP -0.9889720990150651
[11.98829681] JAP -0.98897945600863
[11.98829682] JAP -0.9889848083216848
[11.98962068] JAP -0.9889750132108392
[11.98895874] JAP -0.988985920797108
[11.98862778] JAP -0.9889752593729596
[11.98846229] JAP -0.9889781230221536
[11.98837955] JAP -0.9889737174031785
[11.98833817] JAP -0.9889872969928113
[11.9883175] JAP -0.9889806395085883
[11.98830716] JAP -0.9889703752675366
[11.98830197] JAP -0.9889881681826876
[11.9882994] JAP -0.9889848855009669
[11.98829811] JAP -0.9889924935210731
[11.98829813] JAP -0.9889718231106521
[11.98829708] JAP -0.9889808956596822
[11.9882976] JAP -0.9889815760591831
[11.98829786] JAP -0.9889834147018528
[11.98829799] JAP -0.9889822279267457
[11.98829805] JAP -0.9889773015749528
[11.98829809] JAP -0.9889840286399302
[11.9882981] JAP -0.9889772490569377
[11.98829811] JAP -0.9889901000622335
[11.98829811] JAP -0.9889784106675449
[11.98829811] JAP -0.9889903308802014
[11.98829811] JAP -0.9889753046730881
[12.] CHN -0.9871389076861763
[6.005] CHN -0.9871308192339239
[0.01] CHN -0.9550044799106775
[12.] CHN -0.987145613090033
[11.99999999] CHN -0.9871322900958591
[12.] BRA -0.9853885457889916
[6.005] BRA -0.9853811700018907
[0.01] BRA -0.9596332039023263
[12.] BRA -0.9853920725338803
[11.99999999] BRA -0.9853884073323149
[12.] IND -0.9843879947222975
[6.005] IND -0.9843832674872374
[0.01] IND -0.9576760251657735
[12.] IND -0.9843878473623088
[11.99999999] IND -0.9843882246995646
[6.005] IND -0.9843839428844062
[9.00250008] IND -0.9843858798704982
[10.50125008] IND -0.9843900105823655
[11.250625] IND -0.984388224958205
[11.62531249] IND -0.9843894579326858
[11.81265621] IND -0.9843908702366816
[11.90632805] IND -0.9843893485903815
[11.95316399] IND -0.9843900521962433
[11.97658195] IND -0.9843863353320468
[11.98829101] IND -0.9843882249294734
[11.9941455] IND -0.984384985408895
[11.99414551] IND -0.9843948811331656
[11.99978496] IND -0.9843891856882527
[11.99696523] IND -0.9843893133189198
[11.99555537] IND -0.984386225508298
[11.99485043] IND -0.9843889852548499
[11.99449797] IND -0.9843884840195424
[11.99432173] IND -0.9843874274090545
[11.99423362] IND -0.9843846946082153
[11.99418956] IND -0.9843852750259465
[11.99416753] IND -0.984386012210741
[11.99415651] IND -0.9843902389191073
[11.99415101] IND -0.9843881281890451
[11.99415102] IND -0.9843885266299874
[11.99415124] IND -0.9843865612852667
[11.9941511] IND -0.9843874292790714
[11.99415104] IND -0.9843909686712994
[12.] CAN -0.9947178177958589
[6.005] CAN -0.9947240213077336
[0.01] CAN -0.9604038268956029
[6.005] CAN -0.9947221834443402
[6.00500001] CAN -0.9947107119564604
[0.01] CAN -0.9604034567250253
[3.00752229] CAN -0.9946559233135794
[4.50626119] CAN -0.9946948504701331
[5.25563061] CAN -0.9946864563218258
[5.63031533] CAN -0.9947131698465004
[5.81765767] CAN -0.9946893958843193
[5.91132886] CAN -0.9946990563988235
[5.95816444] CAN -0.9947112799960655
[5.98158223] CAN -0.994700231730491
[5.99329113] CAN -0.9946949770869045
[5.99914558] CAN -0.9947055963166404
[5.9991456] CAN -0.9947200428026457
[6.00240879] CAN -0.9947013471120122
[6.00077718] CAN -0.9947099566323556
[5.99996139] CAN -0.9946970157963779
[5.99955348] CAN -0.9946975288156437
[5.99934953] CAN -0.9947133968099509
[5.99924756] CAN -0.9947084509806559
[5.99919657] CAN -0.9947100172575931
[5.99917108] CAN -0.9946984705904711
[5.99915833] CAN -0.994717210544236
[5.99915196] CAN -0.9947080140940163
[5.99914877] CAN -0.9946977065879371
[5.99914879] CAN -0.9947045799684092
[5.99915167] CAN -0.9947039587674518
[5.99915023] CAN -0.9947140901856085
[5.99914952] CAN -0.9947202827544656
[5.99914917] CAN -0.9947054110301271
[5.99914898] CAN -0.9947094198015576
[12.] KOR -0.9941384524299728
[6.005] KOR -0.9941161701040904
[0.01] KOR -0.9646882567820406
[12.] KOR -0.9941518285376199
[11.99999999] KOR -0.9941393860010167
[12.] RUS -0.9838952021266447
[6.005] RUS -0.983893193772706
[0.01] RUS -0.9593406524749636
[12.] RUS -0.9838926216793713
[11.99999999] RUS -0.9838977943582895
[6.005] RUS -0.9838906931555277
[9.0025] RUS -0.9838932489874023
[10.50125] RUS -0.9838936794343839
[11.250625] RUS -0.9838920561922786
[11.6253125] RUS -0.9838936136097088
[11.81265625] RUS -0.9838941452556796
[11.90632812] RUS -0.9838954602615907
[11.95316406] RUS -0.9838968987763007
[11.97658202] RUS -0.9838958874964673
[11.98829101] RUS -0.9838944112685343
[11.9941455] RUS -0.9838946333649708
[11.99414552] RUS -0.9838951604831376
[11.99468693] RUS -0.9838956816683587
[11.99441623] RUS -0.983892987681188
[11.99428084] RUS -0.9838952254062745
[11.99421318] RUS -0.9838936335978937
[11.99417933] RUS -0.9838939658629737
[11.9941624] RUS -0.9838930359257125
[11.99415393] RUS -0.9838934065184566
[11.9941497] RUS -0.9838957128604577
[11.99414761] RUS -0.983894248967658
[11.99414655] RUS -0.9838960630524618
[11.99414605] RUS -0.9838917090473699
[12.] MEX -0.984568371021251
[6.005] MEX -0.9845622869384802
[0.01] MEX -0.9576100333536567
[12.] MEX -0.9845732157060119
[11.99999999] MEX -0.9845664366169466
[12.] ZAF -0.9847201851563906
[6.005] ZAF -0.9847185489641687
[0.01] ZAF -0.9657721411150865
[12.] ZAF -0.9847208213500861
[11.99999999] ZAF -0.9847211001106729
[6.005] ZAF -0.9847184036590478
[9.00250006] ZAF -0.9847200603457892
[10.50125005] ZAF -0.9847220566694577
[11.25062499] ZAF -0.9847178004067464
[11.62531258] ZAF -0.9847221426042719
[11.81265625] ZAF -0.9847212585347936
[11.90632812] ZAF -0.9847195073657876
[11.95316409] ZAF -0.9847224854129006
[11.976582] ZAF -0.9847200470899284
[11.98829102] ZAF -0.9847209645796344
[11.99414551] ZAF -0.9847203010944093
[12.] ROW -0.9826421661992049
[6.005] ROW -0.9826418260399891
[0.01] ROW -0.9471223126739549
[12.] ROW -0.9826423251016375
[11.99999999] ROW -0.9826428887577541
[6.005] ROW -0.9826414492212941
[9.00250001] ROW -0.9826415588503966
[10.50125002] ROW -0.9826428228605915
[11.250625] ROW -0.9826424548549477
[11.6253125] ROW -0.9826428409024298
[11.81265624] ROW -0.9826423231474286
[11.90632812] ROW -0.9826429843285629
[11.95316405] ROW -0.9826424011269744
[11.97658202] ROW -0.9826428825281345
[11.98829101] ROW -0.9826426902268047
[11.9941455] ROW -0.9826423782673892
ROW [[1.00000000e-02]
 [1.19941177e+01]
 [1.19882981e+01]
 [1.20000000e+01]
 [1.20000000e+01]
 [1.19941510e+01]
 [5.99914898e+00]
 [1.20000000e+01]
 [1.19941460e+01]
 [1.20000000e+01]
 [1.19941455e+01]
 [1.19941455e+01]]
0.9991666666666666
1
[12.] USA -0.9934268828316922
[6.005] USA -0.993422248913011
[0.01] USA -0.9976316215547272
[0.01] USA -0.997632177737538
[0.01000001] USA -0.9976319550125253
[12.] USA -0.9934125094535756
[11.99999999] USA -0.9934316159621176
[6.005] USA -0.9933881890375243
[9.00250001] USA -0.9934348231616678
[10.50125] USA -0.9934429878280322
[11.25062499] USA -0.9934408907451748
[11.62531248] USA -0.9934298034157347
[11.81265623] USA -0.9934347444028783
[11.90632811] USA -0.9934370077013729
[11.95316404] USA -0.9934295037154756
[11.97658202] USA -0.993421192953647
[11.988291] USA -0.99342472657041
[11.9941455] USA -0.9934458137295722
[11.99414551] USA -0.9934236165355825
[6.0050094] USA -0.9933971063696369
[8.99957747] USA -0.9934287284541777
[10.49686149] USA -0.9934312802961498
[11.2455035] USA -0.9934484124807272
[11.6198245] USA -0.9934435191232971
[11.806985] USA -0.9934424059121264
[11.90056525] USA -0.9934193832410687
[11.94735538] USA -0.9934292684039168
[11.97075045] USA -0.9934284914695559
[11.98244798] USA -0.9934284935264501
[11.98829674] USA -0.993453367497906
[11.98829676] USA -0.9934344620936478
[11.95470618] USA -0.9934234505405282
[11.97150147] USA -0.9934296619964076
[11.97989912] USA -0.9934209752516968
[11.98409794] USA -0.9934384600546149
[11.98619735] USA -0.9934499504164687
[11.98724705] USA -0.9934259426984268
[11.98777191] USA -0.9934269653884181
[11.98803434] USA -0.9934225044795205
[11.98816555] USA -0.9934314396146308
[11.98823116] USA -0.993453212397365
[11.98826395] USA -0.9934187341267845
[11.98826396] USA -0.9934389978286635
[11.98828091] USA -0.9934292100486745
[11.98827244] USA -0.9934344375053954
[11.9882682] USA -0.9934230005751722
[11.98826608] USA -0.9934436372733618
[11.98826502] USA -0.9934300449378469
[11.98826449] USA -0.9934286121476051
[11.98826422] USA -0.9934268968751919
[11.98826409] USA -0.9934307463293128
[11.98826402] USA -0.9934339909344452
[12.] EUR -1.0410429892865136
[6.005] EUR -1.0410175870318963
[0.01] EUR -1.0200008344569733
[12.] EUR -1.0410330460798214
[11.99999999] EUR -1.0410378805724685
[6.005] EUR -1.041005415970394
[9.00250004] EUR -1.041024045041744
[10.50125004] EUR -1.0410271088204253
[11.25062503] EUR -1.0410300155509715
[11.62531252] EUR -1.0410386798340727
[11.81265625] EUR -1.0410311054374275
[11.90632813] EUR -1.0410199401615263
[11.95316408] EUR -1.0410416052628124
[11.97658203] EUR -1.04102932930573
[11.98829102] EUR -1.0410508635447482
[11.99414548] EUR -1.041023640634606
[11.9941455] EUR -1.0410287879761142
[11.99716449] EUR -1.0410302747234377
[11.99565499] EUR -1.0410201533217702
[11.99490023] EUR -1.0410359105424845
[11.99452288] EUR -1.0410289102607633
[11.99433419] EUR -1.0410352038025876
[11.99423985] EUR -1.0410242422016913
[11.99419267] EUR -1.0410300107572337
[11.99416908] EUR -1.041029926075857
[11.99415729] EUR -1.0410312616744954
[11.9941514] EUR -1.0410244575480758
[11.99414844] EUR -1.0410232208244352
[12.] JAP -1.0400365638724107
[6.005] JAP -1.0400280576636751
[0.01] JAP -1.0091025686481203
[12.] JAP -1.0400462172304203
[11.99999999] JAP -1.0400414973216656
[12.] CHN -1.0377863243661822
[6.005] CHN -1.0377738102051302
[0.01] CHN -0.9912140338673795
[12.] CHN -1.037784501792485
[11.99999999] CHN -1.037783724432798
[12.] BRA -1.0358786403641427
[6.005] BRA -1.0358674247871105
[0.01] BRA -0.9965763106038957
[12.] BRA -1.0358778901953942
[11.99999999] BRA -1.035876810699972
[12.] IND -1.0345858840496343
[6.005] IND -1.0345855317788963
[0.01] IND -0.9873370360235684
[12.] IND -1.0345859027193212
[11.99999999] IND -1.0345868444373099
[6.005] IND -1.034583751561409
[9.00250002] IND -1.0345817654828136
[10.50125004] IND -1.0345849001116825
[11.25062503] IND -1.0345865041596054
[11.62531251] IND -1.0345864447587851
[11.81265625] IND -1.034587192138409
[11.90632812] IND -1.034587721499937
[11.95316404] IND -1.0345900923453994
[11.97658199] IND -1.0345866325425561
[11.98829099] IND -1.0345887497160149
[11.99414547] IND -1.0345889688428702
[11.99414549] IND -1.0345860639117654
[6.00500002] IND -1.034585159131331
[8.99957276] IND -1.0345868466862749
[10.49685912] IND -1.034586949860833
[11.2455023] IND -1.034584849651291
[11.6198239] IND -1.0345810268345164
[11.8069847] IND -1.0345874596949722
[11.90056509] IND -1.0345889720383847
[11.94735528] IND -1.0345843435911812
[11.97075039] IND -1.0345877299218995
[11.98244793] IND -1.0345843430781256
[11.98829671] IND -1.0345831770695164
[11.98829673] IND -1.0345854331177184
[11.99085341] IND -1.0345880938968965
[11.98957508] IND -1.0345851429399884
[11.9889359] IND -1.034588165268595
[11.98861633] IND -1.034589041887374
[11.98845654] IND -1.0345856182325077
[11.98837663] IND -1.0345863527580776
[11.98833669] IND -1.0345882877565737
[11.98831672] IND -1.0345850924550062
[11.98830672] IND -1.0345878715926642
[11.98830173] IND -1.0345867123798418
[11.98829924] IND -1.0345875335467407
[11.98829925] IND -1.034587069347626
[11.98829881] IND -1.0345898630433052
[12.] CAN -1.0463294945052783
[6.005] CAN -1.04631037986814
[0.01] CAN -1.0002809855322516
[12.] CAN -1.046320093685969
[11.99999999] CAN -1.0463147251531852
[12.] KOR -1.0464927492874236
[6.005] KOR -1.0464607960881622
[0.01] KOR -1.0077105355094038
[12.] KOR -1.0464507703131654
[11.99999999] KOR -1.046485963175024
[6.00500227] KOR -1.0464510127695232
[9.00250114] KOR -1.0464647237101503
[10.50125057] KOR -1.0464823271688177
[11.25062528] KOR -1.0464919258242718
[11.62531263] KOR -1.0464687118888976
[11.81265631] KOR -1.0464938862039976
[11.90632815] KOR -1.0464601075255278
[11.95316407] KOR -1.0464862372195076
[11.97658203] KOR -1.046496385356272
[11.988291] KOR -1.046472693647751
[11.9941455] KOR -1.0464745181103263
[11.99414551] KOR -1.0464581795707049
[11.98907218] KOR -1.0464718175720367
[11.99160884] KOR -1.046484255035927
[11.99287716] KOR -1.0464703071607053
[11.99351133] KOR -1.0464668792296397
[11.99382842] KOR -1.0464853928366757
[11.99398695] KOR -1.0464798814618663
[11.99406622] KOR -1.0464844943846923
[11.99410586] KOR -1.046489331485751
[11.99412567] KOR -1.0464938632267802
[11.99413557] KOR -1.046480739998262
[11.99414053] KOR -1.046492502877562
[11.99414055] KOR -1.0464871490453258
[11.99413811] KOR -1.0464795252547305
[11.99413934] KOR -1.04647701458452
[11.99413996] KOR -1.0464980829786528
[11.99414024] KOR -1.0464909372910367
[11.99414039] KOR -1.0464950911712727
[11.99414046] KOR -1.0464840609310864
[11.9941405] KOR -1.0464858904767103
[11.99414052] KOR -1.046483433019348
[11.99414053] KOR -1.0464678761595252
[11.99414053] KOR -1.0464739147033653
[11.99414053] KOR -1.0464917106978635
[12.] RUS -1.0350935622427397
[6.005] RUS -1.0350918720138262
[0.01] RUS -0.9948375842567262
[12.] RUS -1.0350912741134572
[11.99999999] RUS -1.035094915833998
[6.005] RUS -1.0350872882511852
[9.00250001] RUS -1.0350943133679658
[10.50125] RUS -1.0350933230357147
[11.25062499] RUS -1.0350909841409957
[11.6253125] RUS -1.0350921818541068
[11.81265625] RUS -1.0350922384456454
[11.90632812] RUS -1.035093015699111
[11.95316406] RUS -1.0350916864588666
[11.97658203] RUS -1.035093745751461
[11.98829101] RUS -1.0350909311695295
[11.99414551] RUS -1.0350898234923782
[11.99414552] RUS -1.0350928805792923
[11.99681728] RUS -1.035092949904026
[11.9954814] RUS -1.0350919955321818
[11.99481346] RUS -1.0350921046436048
[11.99447949] RUS -1.0350945757979775
[11.99431251] RUS -1.0350934047643268
[11.99422902] RUS -1.0350941849995299
[11.99418727] RUS -1.0350873941802483
[11.99416638] RUS -1.0350905760680111
[11.99415595] RUS -1.035091613861744
[11.99415073] RUS -1.0350909839360725
[11.99414812] RUS -1.0350950905032819
[11.99414814] RUS -1.0350919550846518
[11.9941468] RUS -1.035092893347162
[11.99414746] RUS -1.0350909974315536
[11.9941478] RUS -1.0350941322798386
[11.99414796] RUS -1.0350918706911305
[11.99414805] RUS -1.0350923981198572
[11.99414809] RUS -1.0350921727129037
[11.99414811] RUS -1.0350917416287102
[11.99414812] RUS -1.0350962211301604
[12.] MEX -1.035477261660759
[6.005] MEX -1.03547446191613
[0.01] MEX -0.9929140816362879
[12.] MEX -1.0354757828565855
[11.99999999] MEX -1.035474066717104
[12.] ZAF -1.0351394258566622
[6.005] ZAF -1.0351318015335145
[0.01] ZAF -1.006283199162644
[12.] ZAF -1.0351387760641155
[11.99999999] ZAF -1.0351425641804433
[6.005] ZAF -1.0351370686644081
[9.0025] ZAF -1.0351411028509325
[10.50125] ZAF -1.0351404539950717
[11.250625] ZAF -1.035139137227501
[11.6253125] ZAF -1.0351396066544083
[11.81265625] ZAF -1.0351389666174162
[11.90632812] ZAF -1.0351390951616606
[11.95316406] ZAF -1.0351423961591582
[11.97658202] ZAF -1.0351389005207532
[11.98829101] ZAF -1.0351389918051035
[11.99414551] ZAF -1.0351428656223056
[11.99414552] ZAF -1.0351388878398216
[6.005] ZAF -1.0351352225354145
[8.99957277] ZAF -1.0351380933076413
[10.49685915] ZAF -1.0351369312826906
[11.24550234] ZAF -1.035142794635096
[11.61982392] ZAF -1.0351370122358803
[11.80698472] ZAF -1.0351396367882066
[11.90056512] ZAF -1.0351374608169246
[11.94735532] ZAF -1.0351444939868808
[11.97075041] ZAF -1.035141337463999
[11.98244796] ZAF -1.035138146539587
[11.98829674] ZAF -1.0351408824435788
[11.98829676] ZAF -1.0351409131323548
[11.98834152] ZAF -1.0351442661898826
[11.98831998] ZAF -1.0351437638891767
[11.98830911] ZAF -1.0351382202668626
[11.98830234] ZAF -1.0351431094407513
[11.98830235] ZAF -1.035142227658729
[11.98829693] ZAF -1.0351405768385158
[11.98829966] ZAF -1.0351426481349597
[11.988301] ZAF -1.0351406321085015
[11.98830169] ZAF -1.035142501891618
[11.98830202] ZAF -1.035140703926681
[11.9883022] ZAF -1.0351365095445242
[11.9883023] ZAF -1.035143370222078
[12.] ROW -1.0330152381321716
[6.005] ROW -1.0330145758753093
[0.01] ROW -0.9774336879282017
[12.] ROW -1.0330155045934948
[11.99999999] ROW -1.033015404781114
ROW [[1.00000000e-02]
 [1.19941484e+01]
 [1.20000000e+01]
 [1.20000000e+01]
 [1.20000000e+01]
 [1.19882988e+01]
 [1.20000000e+01]
 [1.19941405e+01]
 [1.19941481e+01]
 [1.20000000e+01]
 [1.19883023e+01]
 [1.20000000e+01]]
0.0
  US Nash delta = 0.0100  -> complete protection: True

===== tau off-diagonal x 3.0 (patenting sector) =====
12  countries,  2  sectors 
Solving time : 0.0702135419996921 
Iterations :  287 
Deviation norm :  TODO 
Status :  successful 
Hit the bounds  0  times
0
[12.] USA -0.9927129473592633
[6.005] USA -0.9926959556443368
[0.01] USA -1.0002179146000016
[0.01] USA -1.0002169398536487
[0.01000001] USA -1.0002171059216363
[6.005] USA -0.9927051761433802
[3.00716303] USA -0.9926632555314162
[1.5082427] USA -0.9926090628029558
[0.75878018] USA -0.9924925152870664
[0.38404386] USA -0.992369292998023
[0.19667051] USA -0.9924325321269071
[0.10298731] USA -0.9932312554180779
[0.05618234] USA -0.9949589147322094
[0.03285766] USA -0.9971133887538827
[0.02129127] USA -0.9986760052181911
[0.01557734] USA -0.9994701151577037
[0.01557735] USA -0.9994702620226565
[0.05823284] USA -0.9948377373096808
[0.03667264] USA -0.9966328794009576
[0.02598299] USA -0.9980275528868958
[0.020708] USA -0.9987573043117928
[0.01810701] USA -0.9991199549849502
[0.01682465] USA -0.9992981913888852
[0.01619239] USA -0.9993853848961355
[0.01588063] USA -0.9994281229403067
[0.01572688] USA -0.9994498408065607
[0.01565109] USA -0.9994598845040619
[0.0156137] USA -0.9994655475362796
[0.01561372] USA -0.9994652642896855
[0.01558975] USA -0.9994684653566085
[0.01560165] USA -0.9994669824907887
[0.01560764] USA -0.9994659122679134
[0.01561066] USA -0.9994655977623831
[0.01561218] USA -0.9994654092738052
[0.01561294] USA -0.9994654154623039
[0.01561333] USA -0.9994656138103867
[0.01561351] USA -0.9994648244868366
[0.01561362] USA -0.9994654108288815
[0.01561367] USA -0.9994650958732747
[0.01561369] USA -0.9994651473398615
[12.] USA -0.992702428798143
[11.99999999] USA -0.992703222336927
[6.005] USA -0.9926975959398385
[9.00250005] USA -0.9927141682606653
[10.50124991] USA -0.9926922913589138
[11.25062505] USA -0.9927232468536791
[11.62531233] USA -0.9927017312237714
[11.81265617] USA -0.9927096152952372
[11.90632802] USA -0.9927348508563999
[11.9531637] USA -0.9926975480981336
[11.9765819] USA -0.9926993775292564
[11.98829098] USA -0.9927109476128702
[11.99414541] USA -0.9927198388924628
[11.99414542] USA -0.9927129770652842
[6.00500014] USA -0.9927050795307694
[8.99957279] USA -0.9927006124264522
[10.49685912] USA -0.9927040461028424
[11.24550228] USA -0.9927197345005744
[11.61982385] USA -0.9926832645810277
[11.80698467] USA -0.9927087772759375
[11.90056505] USA -0.992725087623921
[11.94735522] USA -0.9927108136867485
[11.97075033] USA -0.9927127265971529
[11.98244788] USA -0.9927164733312044
[11.98829665] USA -0.9927178342216907
[11.98829666] USA -0.9927111840589578
[11.80453774] USA -0.9927098376140763
[11.8964172] USA -0.9926967913288696
[11.94235695] USA -0.9927211175467799
[11.96532679] USA -0.9927163671046718
[11.97681172] USA -0.9927087527356859
[11.98255419] USA -0.9927046092346975
[11.98542543] USA -0.9927126499567394
[11.98686105] USA -0.9927008071770714
[11.98757886] USA -0.9927218547461786
[11.98793775] USA -0.9927067256600446
[11.98811721] USA -0.9927063345431768
[11.98811723] USA -0.9927140457795899
[11.98821356] USA -0.9927019434257078
[11.98816538] USA -0.9927176411411088
[11.98814131] USA -0.9927337942430846
[11.98812928] USA -0.9927100862201644
[11.98812325] USA -0.9927192162886536
[11.98812024] USA -0.99270146652559
[11.98811872] USA -0.9926846417124409
[11.98811795] USA -0.9927096659535624
[11.98811758] USA -0.9927166040003745
[11.98811741] USA -0.9927154987212271
[11.98811732] USA -0.992714812164072
[12.] EUR -0.9893638483957341
[6.005] EUR -0.9893592155860248
[0.01] EUR -0.980049484593231
[12.] EUR -0.9893792355134284
[11.99999999] EUR -0.9893719367628324
[12.] JAP -0.9887680457121981
[6.005] JAP -0.9887677474986705
[0.01] JAP -0.973070827163835
[12.] JAP -0.9887727875251363
[11.99999999] JAP -0.9887598334839778
[12.] CHN -0.9870272547666101
[6.005] CHN -0.9870207137556769
[0.01] CHN -0.9591187721757778
[12.] CHN -0.9870259268077983
[11.99999999] CHN -0.9870254666062424
[12.] BRA -0.9855580651815118
[6.005] BRA -0.9855574955769306
[0.01] BRA -0.96268725241815
[12.] BRA -0.985561373239336
[11.99999999] BRA -0.9855612217842656
[12.] IND -0.9846805433809203
[6.005] IND -0.9846793086758714
[0.01] IND -0.9610817070065941
[12.] IND -0.984679697521815
[11.99999999] IND -0.9846822885640678
[6.005] IND -0.9846771303935475
[9.00250001] IND -0.984681962893042
[10.50125] IND -0.9846778093468108
[11.250625] IND -0.9846800660346913
[11.6253125] IND -0.9846836968904978
[11.81265624] IND -0.9846806742788509
[11.90632812] IND -0.9846811441623848
[11.95316405] IND -0.9846817225227933
[11.97658202] IND -0.9846774145621192
[11.98829102] IND -0.984679018046639
[11.99414551] IND -0.9846802645638125
[12.] CAN -0.9939577349778681
[6.005] CAN -0.9939220662071729
[0.01] CAN -0.9631438192844555
[12.] CAN -0.9939447557113785
[11.99999999] CAN -0.9939514683590838
[6.00500002] CAN -0.9939507253659201
[9.00250001] CAN -0.9939431555945326
[10.50125] CAN -0.9939464685292123
[11.250625] CAN -0.9939536782607236
[11.62531249] CAN -0.9939596180447708
[11.81265623] CAN -0.9939414982417671
[11.90632812] CAN -0.9939478524095053
[11.95316406] CAN -0.993940858142904
[11.97658203] CAN -0.9939350618754664
[11.98829103] CAN -0.9939436473021531
[11.99414551] CAN -0.9939496005092858
[11.99414553] CAN -0.9939542814928608
[11.99655078] CAN -0.9939594335125688
[11.99534816] CAN -0.9939480104684864
[11.99474684] CAN -0.9939556681175977
[11.99444619] CAN -0.9939430340735593
[11.99429584] CAN -0.9939550320018752
[11.99422069] CAN -0.9939534155214479
[11.99418311] CAN -0.9939434345052476
[11.9941643] CAN -0.9939515286383945
[11.99415491] CAN -0.9939413813647218
[11.9941502] CAN -0.9939438162129356
[11.99414785] CAN -0.9939470137145253
[11.99414786] CAN -0.9939462280490347
[11.99414751] CAN -0.9939484834422572
[11.99414767] CAN -0.9939560716158238
[12.] KOR -0.9933670977552701
[6.005] KOR -0.9933662315671679
[0.01] KOR -0.9674919822329544
[12.] KOR -0.9933710987380581
[11.99999999] KOR -0.9933875933749661
[6.005] KOR -0.993371742099491
[9.0025] KOR -0.9933611722731209
[10.50125] KOR -0.9933789078857431
[11.250625] KOR -0.9933790515086139
[11.6253125] KOR -0.9933587136090933
[11.81265625] KOR -0.9933912660713838
[11.90632812] KOR -0.9933655862794104
[11.95316406] KOR -0.9933683437349318
[11.97658203] KOR -0.9933646766952049
[11.98829102] KOR -0.99339066735198
[11.9941455] KOR -0.9933838380190824
[11.99414552] KOR -0.9933950084967309
[11.9965094] KOR -0.9933701919176212
[11.99532744] KOR -0.993366391308735
[11.99473646] KOR -0.9933635944427405
[11.99444097] KOR -0.9933930527393049
[11.99429324] KOR -0.9933680406087029
[11.99421936] KOR -0.9933840646044928
[11.99418243] KOR -0.9933815382908193
[11.99416396] KOR -0.9933872796684404
[11.99415473] KOR -0.993369113051327
[11.99415011] KOR -0.9933875550004343
[11.99414781] KOR -0.993372816532948
[11.99414782] KOR -0.9933601194553837
[11.99414658] KOR -0.9933793752884896
[11.99414719] KOR -0.9933836746337756
[11.99414749] KOR -0.993377691788111
[11.99414765] KOR -0.9933605497391872
[11.99414773] KOR -0.9933784498067129
[11.99414777] KOR -0.9933739156374639
[11.99414779] KOR -0.9933756125982487
[12.] RUS -0.9842492213233265
[6.005] RUS -0.9842450864674842
[0.01] RUS -0.9625004387941878
[12.] RUS -0.9842473626938573
[11.99999999] RUS -0.984249950260668
[6.005] RUS -0.9842472975244229
[9.0025] RUS -0.984248894600066
[10.50125] RUS -0.9842502941887201
[11.25062499] RUS -0.9842496405586793
[11.62531249] RUS -0.9842485072555138
[11.81265624] RUS -0.984253313900664
[11.9063281] RUS -0.9842510810914562
[11.95316404] RUS -0.9842532498578029
[11.976582] RUS -0.9842498160723471
[11.98829099] RUS -0.9842503233987284
[11.99414549] RUS -0.984250257041484
[11.9941455] RUS -0.9842483428695186
[11.97750363] RUS -0.9842501738904599
[11.98582456] RUS -0.9842518054234631
[11.98998502] RUS -0.9842516993676006
[11.99206525] RUS -0.9842508600752867
[11.99310537] RUS -0.9842494650192255
[11.99362543] RUS -0.9842494367749253
[11.99388546] RUS -0.984251336477191
[11.99401547] RUS -0.9842522670839854
[11.99408047] RUS -0.9842462657846648
[11.994113] RUS -0.9842490369658948
[11.99412925] RUS -0.9842514280798971
[11.99412926] RUS -0.9842495261265432
[11.99160108] RUS -0.984248874826338
[11.99286517] RUS -0.9842515981885943
[11.99349721] RUS -0.9842492061432864
[11.99381324] RUS -0.9842509107518806
[11.99397124] RUS -0.984250492417803
[11.99405025] RUS -0.9842492385714391
[11.99408976] RUS -0.9842513495790758
[11.9941095] RUS -0.9842512312488748
[11.99411938] RUS -0.9842507959646746
[11.99412431] RUS -0.9842487422057585
[11.99412679] RUS -0.9842489985943593
[11.99412681] RUS -0.9842510353219059
[11.99412806] RUS -0.9842472743133979
[11.99412742] RUS -0.9842503783711205
[11.99412711] RUS -0.9842504366025696
[11.99412696] RUS -0.9842504179275703
[11.99412688] RUS -0.9842504651479349
[12.] MEX -0.9848875740686763
[6.005] MEX -0.9848830951203966
[0.01] MEX -0.9607260159136608
[12.] MEX -0.9848834420658931
[11.99999999] MEX -0.984886653953113
[6.005] MEX -0.9848830188904124
[9.0025] MEX -0.9848859599635857
[10.50124999] MEX -0.9848870428977872
[11.25062499] MEX -0.9848853192510059
[11.62531249] MEX -0.9848881849768794
[11.81265623] MEX -0.9848863162377501
[11.90632811] MEX -0.984888213467732
[11.95316404] MEX -0.9848849611325656
[11.97658202] MEX -0.9848845144526766
[11.98829101] MEX -0.9848846371736921
[11.9941455] MEX -0.9848855067203461
[11.99414552] MEX -0.9848874839466254
[11.99637626] MEX -0.9848817795343207
[11.99526087] MEX -0.9848854310608066
[11.99470318] MEX -0.9848884956211844
[11.99442435] MEX -0.9848869795420733
[11.99428493] MEX -0.9848825706414265
[11.99421521] MEX -0.9848855446371814
[11.99418035] MEX -0.9848895366573651
[11.99416294] MEX -0.9848848535444137
[11.99415422] MEX -0.9848837624967061
[11.99414985] MEX -0.9848795415088853
[11.99414765] MEX -0.98488371003236
[11.99414767] MEX -0.9848870600693908
[12.] MEX -0.9848853793925058
[11.99707383] MEX -0.9848829128907025
[11.99561074] MEX -0.9848844944421934
[11.9948792] MEX -0.9848843160431963
[11.99451343] MEX -0.9848845120897788
[11.99433054] MEX -0.9848839804039995
[11.9942391] MEX -0.9848848242393912
[11.99419338] MEX -0.9848886622414276
[11.99417053] MEX -0.9848854899384318
[11.9941591] MEX -0.9848814020670749
[11.99415337] MEX -0.9848889067570116
[11.99415338] MEX -0.9848857275564531
[11.99415059] MEX -0.9848881704471228
[11.99415198] MEX -0.9848866579788826
[11.99415268] MEX -0.9848862426311517
[11.99415303] MEX -0.9848848486126937
[11.99415321] MEX -0.984885794700108
[11.9941533] MEX -0.9848833340039872
[11.99415334] MEX -0.9848854460795549
[11.99415336] MEX -0.9848863362468714
[11.99415337] MEX -0.9848834424029344
[11.99415337] MEX -0.9848878917759238
[11.99415337] MEX -0.9848878561959347
[12.] ZAF -0.9849885521361215
[6.005] ZAF -0.9849837644671476
[0.01] ZAF -0.968121984498586
[12.] ZAF -0.9849911157292401
[11.99999999] ZAF -0.9849859786842236
[12.] ROW -0.9831898483817499
[6.005] ROW -0.9831891422959645
[0.01] ROW -0.9513136881972761
[12.] ROW -0.9831895178474326
[11.99999999] ROW -0.983190291124825
[6.005] ROW -0.983189252602089
[9.0025] ROW -0.9831897391232848
[10.50125] ROW -0.9831904412541369
[11.25062499] ROW -0.9831894787491418
[11.6253125] ROW -0.9831897791117886
[11.81265625] ROW -0.9831896333462293
[11.90632812] ROW -0.9831893749173382
[11.95316406] ROW -0.9831900733030658
[11.97658203] ROW -0.9831900544503193
[11.98829101] ROW -0.9831903206872877
[11.9941455] ROW -0.9831893868344205
ROW [[ 0.01561369]
 [12.        ]
 [12.        ]
 [12.        ]
 [12.        ]
 [11.99414551]
 [11.99414767]
 [11.99414779]
 [11.99412688]
 [11.99415337]
 [12.        ]
 [11.9941455 ]]
0.9986988590404086
1
[12.] USA -0.9927120550121401
[6.005] USA -0.9926822590574705
[0.01] USA -1.000217124316361
[0.01] USA -1.0002174195661673
[0.01000001] USA -1.0002172791056636
[12.] USA -0.9927131179735166
[11.99999999] USA -0.9927335587623286
[6.005] USA -0.992681778547438
[9.00250001] USA -0.992709335172379
[10.50125001] USA -0.9927129177211323
[11.250625] USA -0.9927152494604139
[11.6253125] USA -0.9927166902682509
[11.81265625] USA -0.9927174316556794
[11.90632812] USA -0.9927151628202648
[11.95316406] USA -0.9927182365965097
[11.97658203] USA -0.9927275612973917
[11.98829101] USA -0.9927160482456298
[11.9941455] USA -0.9927076867995304
[11.99414552] USA -0.9927048581736418
[11.99320523] USA -0.9926993879335256
[11.99367539] USA -0.9926889751480593
[11.9939105] USA -0.9926980743064724
[11.99402803] USA -0.99270374425565
[11.99408677] USA -0.9927089348999603
[11.99411614] USA -0.9927161213296102
[11.9941308] USA -0.9927277184045855
[11.9941381] USA -0.9927027939640879
[11.99414181] USA -0.9926974628751203
[11.99414368] USA -0.9927110503704284
[11.99414459] USA -0.9927260726975238
[12.] EUR -1.0317332602212523
[6.005] EUR -1.031734311021121
[0.01] EUR -1.0152851594645391
[6.005] EUR -1.0317313160028398
[6.00500001] EUR -1.0317335300034254
[12.] EUR -1.0317413606769672
[9.00250003] EUR -1.0317338981496218
[7.50375003] EUR -1.0317315298445098
[6.75437501] EUR -1.031736432246082
[6.37968752] EUR -1.0317220871747577
[6.19234373] EUR -1.0317323654045163
[6.09867187] EUR -1.0317286841635271
[6.05183593] EUR -1.0317260126055081
[6.02841794] EUR -1.03173188308449
[6.01670897] EUR -1.0317393370903734
[6.01085451] EUR -1.0317367019419776
[6.01085453] EUR -1.0317261508637934
[6.00601542] EUR -1.0317212487588
[6.00843498] EUR -1.031723858787599
[6.00964475] EUR -1.03171806394067
[6.01024965] EUR -1.0317294256059697
[6.01055209] EUR -1.0317278462360273
[6.01070331] EUR -1.0317350809223216
[6.01077891] EUR -1.0317190326944092
[6.01081673] EUR -1.0317286896388131
[6.01083563] EUR -1.0317282093914146
[6.01084508] EUR -1.0317339469701856
[6.0108498] EUR -1.031731091327871
[6.01084981] EUR -1.0317373030139694
[6.01085154] EUR -1.0317285806708438
[6.01085067] EUR -1.0317458965861033
[6.01085025] EUR -1.031728928744173
[6.01085002] EUR -1.0317283030884132
[6.01084991] EUR -1.0317258242755358
[6.01084985] EUR -1.0317257044298334
[6.01084982] EUR -1.0317204198917558
[6.0108498] EUR -1.0317312338494
[6.0108498] EUR -1.0317386511467164
[12.] JAP -1.030888369517517
[6.005] JAP -1.03089493723891
[0.01] JAP -1.0053302540529216
[6.005] JAP -1.03089158504019
[6.00500001] JAP -1.0308880000561593
[0.01] JAP -1.0053304256290436
[3.00755312] JAP -1.0308567527216574
[4.50627663] JAP -1.0308873499304327
[5.25563833] JAP -1.030878184682091
[5.63031919] JAP -1.0308819212682951
[5.81765962] JAP -1.0308834279980474
[5.91132982] JAP -1.0308859774518562
[5.95816492] JAP -1.0308977596633375
[5.98158245] JAP -1.0308963812273273
[5.99329121] JAP -1.0308962022043089
[5.9991456] JAP -1.0308894522101952
[5.99914561] JAP -1.0308876307253276
[5.9930987] JAP -1.030886723407138
[5.99612216] JAP -1.0308839346709635
[5.9976339] JAP -1.0308929270919325
[5.99838973] JAP -1.0308862300123627
[5.99876768] JAP -1.0308909623280396
[5.99895663] JAP -1.0308874861766282
[5.99905112] JAP -1.0308798255889493
[5.9990984] JAP -1.0308887764341133
[5.999122] JAP -1.03089368542761
[5.99913378] JAP -1.0308887444145318
[5.99913969] JAP -1.0308873917978545
[5.99913971] JAP -1.0308906417054247
[5.99914348] JAP -1.030893991989177
[5.9991416] JAP -1.0308887553623518
[5.99914065] JAP -1.0308786949557758
[5.99914015] JAP -1.030879445170559
[5.99913991] JAP -1.030891609826028
[5.99913981] JAP -1.0308921307128651
[12.] CHN -1.028982707421046
[6.005] CHN -1.028978281585001
[0.01] CHN -0.9895750806403255
[12.] CHN -1.0289851239399477
[11.99999999] CHN -1.0289729625415944
[12.] BRA -1.0273595345158684
[6.005] BRA -1.027358136206549
[0.01] BRA -0.993043336324366
[12.] BRA -1.027360596753547
[11.99999999] BRA -1.0273641182911564
[6.005] BRA -1.027359060092434
[9.0025] BRA -1.027362594446003
[10.50125] BRA -1.0273633796601815
[11.25062499] BRA -1.0273623463043378
[11.62531249] BRA -1.0273655209265524
[11.81265624] BRA -1.0273623146741369
[11.90632811] BRA -1.0273625240654627
[11.95316405] BRA -1.0273668762113286
[11.97658201] BRA -1.0273656887913054
[11.988291] BRA -1.0273688021709224
[11.99414548] BRA -1.0273651092910996
[11.9941455] BRA -1.0273601126787812
[6.005] BRA -1.0273586571776807
[8.99957275] BRA -1.027362410762768
[10.49685912] BRA -1.027359607055429
[11.24550231] BRA -1.0273628024622647
[11.6198239] BRA -1.0273667913895816
[11.80698469] BRA -1.0273575158798587
[11.90056509] BRA -1.0273613985015277
[11.94735529] BRA -1.0273691042151678
[11.97075038] BRA -1.027368254086421
[11.98244793] BRA -1.0273619081151255
[11.98829671] BRA -1.0273625516898184
[11.98829672] BRA -1.0273676625001167
[11.99125414] BRA -1.0273660858075877
[11.98977543] BRA -1.0273670873483298
[11.98903607] BRA -1.0273632682691876
[11.98866639] BRA -1.027363813353145
[11.98848155] BRA -1.027363164082064
[11.98838913] BRA -1.027361952164071
[11.98834292] BRA -1.0273617372007882
[11.98831981] BRA -1.02736197953194
[11.98830826] BRA -1.0273602402984767
[11.98830248] BRA -1.027366564678289
[11.9882996] BRA -1.0273650608796603
[11.98829961] BRA -1.0273619969810697
[11.98829852] BRA -1.027362570432186
[11.98829906] BRA -1.027363826234449
[11.98829934] BRA -1.0273601316266703
[11.98829948] BRA -1.0273593036002486
[11.98829955] BRA -1.0273638093366526
[11.98829958] BRA -1.0273566587636913
[11.9882996] BRA -1.0273625580659733
[11.9882996] BRA -1.027363686016383
[11.9882996] BRA -1.0273641910071158
[11.9882996] BRA -1.0273667001101872
[12.] IND -1.026278807860573
[6.005] IND -1.026277543762397
[0.01] IND -0.9857476763091362
[12.] IND -1.0262780935782265
[11.99999999] IND -1.026279463786301
[6.005] IND -1.026275045951085
[9.00250002] IND -1.0262782578752896
[10.50125001] IND -1.0262774080166506
[11.25062501] IND -1.0262802479923507
[11.62531249] IND -1.0262797703455222
[11.81265624] IND -1.0262826756657175
[11.90632809] IND -1.0262833163917222
[11.95316402] IND -1.02627914044871
[11.976582] IND -1.026279593642948
[11.98829099] IND -1.0262793062809485
[11.99414549] IND -1.026278441144619
[12.] CAN -1.0363857686229898
[6.005] CAN -1.0363710789275087
[0.01] CAN -0.9956143442391446
[12.] CAN -1.0363962053519065
[11.99999999] CAN -1.0364099790594794
[6.005] CAN -1.0363728208528649
[9.00250001] CAN -1.0363887457431646
[10.50125001] CAN -1.0363836549796144
[11.25062501] CAN -1.036384812002835
[11.62531251] CAN -1.036412404570818
[11.81265625] CAN -1.0363915893445066
[11.90632813] CAN -1.036400712187281
[11.95316406] CAN -1.036384157842857
[11.97658204] CAN -1.036399842690793
[11.98829102] CAN -1.0363978739018433
[11.99414551] CAN -1.036393612455356
[11.99414552] CAN -1.036383162480736
[11.9757387] CAN -1.0363931545185416
[11.98494211] CAN -1.0363965040153165
[11.9895438] CAN -1.0363944965251448
[11.99184466] CAN -1.0363929329966688
[11.99299508] CAN -1.0364028045729
[11.99357029] CAN -1.0363934436863125
[11.9938579] CAN -1.0364006110336312
[11.9940017] CAN -1.0363889094481618
[11.99407361] CAN -1.0363870526965107
[11.99410956] CAN -1.0364012562493636
[11.99412753] CAN -1.0363849963472922
[11.99412754] CAN -1.036408837441377
[11.99414003] CAN -1.036416610448572
[11.99413379] CAN -1.036393884499202
[11.99413066] CAN -1.0363820994302084
[11.99412909] CAN -1.0363884481959207
[11.99412831] CAN -1.0364053050518918
[11.99412793] CAN -1.0363797438780955
[11.99412773] CAN -1.0363956519634783
[11.99412763] CAN -1.0364098838480655
[12.] KOR -1.036329116178323
[6.005] KOR -1.036327988391432
[0.01] KOR -1.0026172721516977
[12.] KOR -1.0363367657508564
[11.99999999] KOR -1.0363339644903828
[12.] RUS -1.0266154660239721
[6.005] RUS -1.0266096226567947
[0.01] RUS -0.9915438935106743
[12.] RUS -1.0266137775516797
[11.99999999] RUS -1.026616390798413
[6.005] RUS -1.026611760457966
[9.00250001] RUS -1.0266114525074792
[10.50125001] RUS -1.0266146175947917
[11.250625] RUS -1.0266149728860816
[11.6253125] RUS -1.026613519537322
[11.81265625] RUS -1.026615398005468
[11.90632812] RUS -1.026612739896896
[11.95316406] RUS -1.0266154283156612
[11.97658203] RUS -1.0266138718565647
[11.98829101] RUS -1.0266148338818792
[11.9941455] RUS -1.0266133598873588
[12.] MEX -1.0269025879216493
[6.005] MEX -1.026899926626171
[0.01] MEX -0.9893887952203834
[12.] MEX -1.0269067693187386
[11.99999999] MEX -1.0269034266670518
[12.] ZAF -1.0267415350866826
[6.005] ZAF -1.0267364671144976
[0.01] ZAF -1.0014032174259706
[12.] ZAF -1.026740156442504
[11.99999999] ZAF -1.0267422155023618
[6.005] ZAF -1.0267351156680384
[9.00250002] ZAF -1.026738294789389
[10.50125002] ZAF -1.0267387305480453
[11.25062501] ZAF -1.0267407779401
[11.6253125] ZAF -1.0267398022127487
[11.81265625] ZAF -1.0267381032025251
[11.90632813] ZAF -1.0267417569006219
[11.95316406] ZAF -1.0267430090398595
[11.97658202] ZAF -1.026739973740012
[11.98829101] ZAF -1.0267392111683677
[11.99414551] ZAF -1.0267374695606926
[11.99414552] ZAF -1.026739661921414
[11.99716454] ZAF -1.026739121779486
[11.99565503] ZAF -1.0267424281518212
[11.99490029] ZAF -1.026743463117013
[11.99452292] ZAF -1.0267394905350438
[11.99433422] ZAF -1.0267420870728323
[11.99423988] ZAF -1.0267399486295896
[11.9941927] ZAF -1.0267420861968914
[11.99416912] ZAF -1.026738773544419
[11.99415732] ZAF -1.0267401412670192
[11.99415142] ZAF -1.0267411259916832
[11.99414848] ZAF -1.0267417310202562
[11.99414849] ZAF -1.0267393444253117
[11.99414693] ZAF -1.0267413336403566
[11.99414771] ZAF -1.026738646718668
[11.9941481] ZAF -1.0267411004629392
[11.99414829] ZAF -1.0267441879478765
[11.99414838] ZAF -1.0267411644654671
[11.99414843] ZAF -1.0267418682072043
[11.99414845] ZAF -1.026741581769226
[11.99414847] ZAF -1.0267391092050122
[11.99414848] ZAF -1.0267386705826593
[11.99414848] ZAF -1.0267406655254512
[11.99414848] ZAF -1.0267405585666434
[12.] ROW -1.0248818637394024
[6.005] ROW -1.0248813056984232
[0.01] ROW -0.9766442849560143
[12.] ROW -1.0248820626788984
[11.99999999] ROW -1.0248819295952112
ROW [[1.00000000e-02]
 [6.01084980e+00]
 [5.99913981e+00]
 [1.20000000e+01]
 [1.19882996e+01]
 [1.19941455e+01]
 [1.19941276e+01]
 [1.20000000e+01]
 [1.19941455e+01]
 [1.20000000e+01]
 [1.19941485e+01]
 [1.20000000e+01]]
0.35953646898102326
2
[12.] USA -0.9927160507662058
[6.005] USA -0.9926971025397993
[0.01] USA -1.0002171628629204
[0.01] USA -1.00021763352688
[0.01000001] USA -1.0002173856174819
[12.] USA -0.9927098890786823
[11.99999999] USA -0.9927143027572823
[6.005] USA -0.9926991587193007
[9.00250002] USA -0.9927188494386024
[10.50124999] USA -0.9927221827579228
[11.25062498] USA -0.992696991968037
[11.62531251] USA -0.9927190609205686
[11.81265624] USA -0.9927170134819537
[11.90632811] USA -0.9927203989076335
[11.95316404] USA -0.9927067725037715
[11.97658202] USA -0.9927056460454682
[11.98829102] USA -0.9927309435980897
[11.99414547] USA -0.9927076626628899
[11.99414549] USA -0.9927180108331248
[11.99824954] USA -0.9927139463022214
[11.99619751] USA -0.9927137085050748
[11.9951715] USA -0.9927289271197951
[11.9946585] USA -0.992700344706326
[11.99440198] USA -0.9927065345239183
[11.99427373] USA -0.9927172088251175
[11.99420961] USA -0.9927122990253495
[11.99417754] USA -0.9927090829054558
[11.99416151] USA -0.9927049526688597
[11.99415349] USA -0.9926985633031035
[11.99414948] USA -0.9927213678639494
[11.99414949] USA -0.9927180140834527
[11.9941485] USA -0.9927011009813614
[11.99414903] USA -0.9927111931168495
[11.99414927] USA -0.9927322931676192
[12.] EUR -1.0396731225142708
[6.005] EUR -1.0396431282000052
[0.01] EUR -1.0221251348225195
[12.] EUR -1.0396625568157145
[11.99999999] EUR -1.0396594081013764
[12.] JAP -1.0387676066314062
[6.005] JAP -1.0387583262388167
[0.01] JAP -1.0120959878594045
[12.] JAP -1.0387784976696093
[11.99999999] JAP -1.038774594239844
[12.] CHN -1.036828522165592
[6.005] CHN -1.036819146606245
[0.01] CHN -0.9959490307403823
[12.] CHN -1.0368248493589654
[11.99999999] CHN -1.0368254002298838
[6.005] CHN -1.0368171733770795
[9.0025001] CHN -1.0368205694815675
[10.50125011] CHN -1.0368225817642966
[11.25062509] CHN -1.0368257070115854
[11.62531253] CHN -1.0368304315422612
[11.81265619] CHN -1.0368292615238914
[11.90632804] CHN -1.036827962062952
[11.95316398] CHN -1.0368288083859059
[11.97658193] CHN -1.0368252294084777
[11.98829096] CHN -1.0368276917372286
[11.99414544] CHN -1.0368279761179633
[11.99414546] CHN -1.0368243731583142
[6.005] CHN -1.0368152108319062
[8.99957275] CHN -1.036823983475277
[10.4968591] CHN -1.0368292075699375
[11.24550227] CHN -1.036825863355204
[11.61982386] CHN -1.0368263673591425
[11.80698466] CHN -1.036822547387373
[11.90056506] CHN -1.0368244392509138
[11.94735526] CHN -1.036828124669263
[11.97075035] CHN -1.0368237497101809
[11.98244791] CHN -1.0368252690886286
[11.98829668] CHN -1.0368296056788768
[11.98829669] CHN -1.036830510261543
[11.98947042] CHN -1.0368283727385412
[11.98888354] CHN -1.0368243238299832
[11.98859007] CHN -1.0368286673114855
[11.98844337] CHN -1.036823696913917
[11.98836997] CHN -1.0368224115756963
[11.98833327] CHN -1.0368258127053278
[11.98831494] CHN -1.0368289796885066
[11.98830581] CHN -1.0368244498001808
[11.9883012] CHN -1.0368285784865676
[11.98829893] CHN -1.0368292021786891
[11.9882978] CHN -1.0368246136687533
[11.98829782] CHN -1.0368281104783204
[12.] CHN -1.036828581264929
[11.99414891] CHN -1.0368213184357387
[11.99122335] CHN -1.036834419780032
[11.9897606] CHN -1.0368306824780946
[11.98902921] CHN -1.0368249570091177
[11.98866351] CHN -1.036829409945357
[11.98848067] CHN -1.0368259257562702
[11.98838924] CHN -1.036829849845506
[11.98834353] CHN -1.0368341385947724
[11.98832069] CHN -1.03682609074918
[11.98830925] CHN -1.0368299966057108
[11.98830926] CHN -1.036829836985535
[11.98830875] CHN -1.0368304331104117
[11.98830898] CHN -1.0368316967772184
[12.] BRA -1.0351730845530138
[6.005] BRA -1.0351720175726513
[0.01] BRA -1.000032677117995
[12.] BRA -1.0351706515196302
[11.99999999] BRA -1.0351807483258375
[6.005] BRA -1.0351663381505878
[9.0025] BRA -1.0351743016273098
[10.50125] BRA -1.0351725118970325
[11.250625] BRA -1.0351760288935856
[11.6253125] BRA -1.0351760149084843
[11.81265624] BRA -1.0351785826021163
[11.90632812] BRA -1.0351772368571799
[11.95316405] BRA -1.0351760192320862
[11.97658202] BRA -1.0351729793139708
[11.98829101] BRA -1.0351728575047954
[11.9941455] BRA -1.035172078171682
[11.99414552] BRA -1.0351742543436449
[11.99518359] BRA -1.0351738846577276
[11.99466455] BRA -1.035174926508457
[11.99440504] BRA -1.035170804446019
[11.99427527] BRA -1.0351805608428095
[11.99421041] BRA -1.0351751093386667
[11.99417797] BRA -1.0351801752134135
[11.99416176] BRA -1.035171774158401
[11.99415363] BRA -1.0351720823190187
[11.99414957] BRA -1.0351754802645678
[11.99414755] BRA -1.0351721033098338
[11.99414653] BRA -1.0351674470565702
[11.99414654] BRA -1.0351764351991108
[12.] BRA -1.035173561866566
[11.99707327] BRA -1.0351750227238505
[11.9956099] BRA -1.0351747302254968
[11.99487822] BRA -1.0351744866822348
[11.99451238] BRA -1.0351725712840387
[11.99432946] BRA -1.035177513958757
[11.994238] BRA -1.0351747305919927
[11.99419227] BRA -1.0351771921086126
[11.9941694] BRA -1.0351763920965706
[11.99415797] BRA -1.0351754032924252
[11.99415226] BRA -1.0351730495642781
[11.99415227] BRA -1.0351747908942726
[11.99415363] BRA -1.0351761671656166
[11.99415296] BRA -1.0351758634868087
[11.99415262] BRA -1.0351745910610348
[11.99415244] BRA -1.0351745026218178
[11.99415236] BRA -1.0351704613840895
[11.9941523] BRA -1.0351727187548507
[11.99415227] BRA -1.0351738526150103
[12.] IND -1.034048251772213
[6.005] IND -1.0340456893370336
[0.01] IND -0.9921317483429031
[12.] IND -1.034047545007135
[11.99999999] IND -1.034049082830836
[6.005] IND -1.0340447566851596
[9.00250001] IND -1.034046769806546
[10.50125001] IND -1.0340486302741512
[11.250625] IND -1.034048287611698
[11.6253125] IND -1.0340462345189578
[11.81265625] IND -1.0340490128710966
[11.90632812] IND -1.034048215162414
[11.95316406] IND -1.0340490399442124
[11.97658202] IND -1.0340469975847997
[11.98829101] IND -1.0340503933446608
[11.99414549] IND -1.0340489086677565
[11.99414551] IND -1.0340475943075935
[11.95971065] IND -1.034047638401593
[11.97692808] IND -1.034046160304907
[11.9855368] IND -1.0340454772239578
[11.98984117] IND -1.0340500665088634
[11.99199332] IND -1.0340489072337053
[11.99306941] IND -1.0340499190380075
[11.99360744] IND -1.0340485639177164
[11.99387647] IND -1.034048541015479
[11.99401098] IND -1.0340497592666513
[11.99407823] IND -1.034051837944115
[11.99411185] IND -1.034048690970749
[12.] CAN -1.0443156867156707
[6.005] CAN -1.04429630279359
[0.01] CAN -1.002611662159065
[12.] CAN -1.0443023249771193
[11.99999999] CAN -1.044299021398884
[12.] KOR -1.044400995344225
[6.005] KOR -1.0443688328950618
[0.01] KOR -1.0100079572985934
[12.] KOR -1.0444115452212406
[11.99999999] KOR -1.0443931074705533
[12.] RUS -1.0345551663670798
[6.005] RUS -1.0345507009277892
[0.01] RUS -0.9987064960368096
[12.] RUS -1.034555220617348
[11.99999999] RUS -1.0345543317597652
[12.] MEX -1.0347469368853164
[6.005] MEX -1.0347452176696244
[0.01] MEX -0.9962507410286554
[12.] MEX -1.0347489749458247
[11.99999999] MEX -1.0347481324870722
[12.] ZAF -1.034541840855659
[6.005] ZAF -1.0345348608544103
[0.01] ZAF -1.0086670789687304
[12.] ZAF -1.034542457801115
[11.99999999] ZAF -1.0345369290245392
[12.] ROW -1.032668717555154
[6.005] ROW -1.0326676663889955
[0.01] ROW -0.9823634753995565
[12.] ROW -1.0326686479048828
[11.99999999] ROW -1.0326685960428228
ROW [[1.00000000e-02]
 [1.20000000e+01]
 [1.20000000e+01]
 [1.19883090e+01]
 [1.19941523e+01]
 [1.19941118e+01]
 [1.20000000e+01]
 [1.20000000e+01]
 [1.20000000e+01]
 [1.20000000e+01]
 [1.20000000e+01]
 [1.20000000e+01]]
0.0
  US Nash delta = 0.0100  -> complete protection: True

=== US Nash delta vs off-diagonal patenting-sector trade-cost factor ===
            US_nash_delta  US_complete_protection
tau_factor                                       
1.000              12.000                   False
1.500              12.000                   False
2.000              12.000                   False
2.500               0.010                    True
3.000               0.010                    True

=== full Nash delta matrix (rows = tau factor, cols = country) ===
              USA    EUR    JAP    CHN    BRA    IND    CAN    KOR    RUS    MEX    ZAF    ROW
tau_factor                                                                                    
1.000      12.000 12.000 12.000 12.000 12.000 12.000 12.000 12.000 12.000 12.000 12.000 12.000
1.500      12.000 12.000 12.000 12.000 12.000 12.000 12.000 12.000 12.000 12.000 12.000 12.000
2.000      12.000 12.000 12.000 12.000 12.000 12.000 12.000 12.000 12.000 12.000 12.000 12.000
2.500       0.010 12.000 12.000 12.000 12.000 12.000 12.000 12.000 12.000 12.000 12.000 12.000
3.000       0.010 12.000 12.000 12.000 12.000 12.000 12.000 12.000 12.000 12.000 12.000 12.000

US first provides complete patent protection at tau factor = 2.5

saved nash_trade_cost_deviation_2000.csv
