baseline calibration_results_matched_economy/2000/ | countries ['USA', 'EUR', 'JAP', 'CHN', 'BRA', 'IND', 'CAN', 'KOR', 'RUS', 'MEX', 'ZAF', 'ROW']

===== tau off-diagonal x 2.1 (patenting sector) =====
12  countries,  2  sectors 
Solving time : 0.0941275829973165 
Iterations :  286 
Deviation norm :  TODO 
Status :  successful 
Hit the bounds  0  times
0
[12.] USA -0.994260666700428
[6.005] USA -0.9942505358863708
[0.01] USA -0.9945196123250843
[0.01] USA -0.9945201256630332
[0.01000001] USA -0.9945197798069906
[12.] USA -0.9942828996254134
[11.99999999] USA -0.9942598660961955
[12.] EUR -0.9899924702751229
[6.005] EUR -0.9899855532842216
[0.01] EUR -0.9739168672325884
[12.] EUR -0.9899968101046582
[11.99999999] EUR -0.9899997606401276
[6.005] EUR -0.9899747189484756
[9.00250006] EUR -0.9899807296800107
[10.50125007] EUR -0.9899839671899167
[11.25062507] EUR -0.9899976145756109
[11.62531253] EUR -0.9900004220674211
[11.81265626] EUR -0.9899924654828873
[11.90632814] EUR -0.9899919846410957
[11.95316408] EUR -0.9899921689095026
[11.97658205] EUR -0.9899840977389438
[11.98829106] EUR -0.9899912993666546
[11.99414554] EUR -0.9900035042606005
[11.99414556] EUR -0.9899912098676612
[6.005] EUR -0.9899866217168979
[8.99957278] EUR -0.9899979441575126
[10.49685917] EUR -0.9899951565338535
[11.24550236] EUR -0.9899951317847037
[11.61982396] EUR -0.9899976486480185
[11.80698475] EUR -0.9899901766811317
[11.90056516] EUR -0.9899931125330547
[11.94735536] EUR -0.9900036000445801
[11.97075045] EUR -0.9900024587879818
[11.982448] EUR -0.989999102637105
[11.98829677] EUR -0.9899983994970171
[11.98829679] EUR -0.98998759484874
[11.94587749] EUR -0.9899999528261677
[11.96708713] EUR -0.9899920089874159
[11.97769195] EUR -0.9899912911888615
[11.98299437] EUR -0.9899967177966228
[11.98564557] EUR -0.9899951666049734
[11.98697117] EUR -0.9900040202085361
[11.98763397] EUR -0.9899936602723338
[11.98796537] EUR -0.9899949279308379
[11.98813108] EUR -0.9899917155404362
[11.98821393] EUR -0.9900048053851499
[11.98825535] EUR -0.9899848262884896
[11.98825536] EUR -0.9899944580320605
[11.98827487] EUR -0.989987030265667
[11.98826511] EUR -0.9899896011136778
[11.98826023] EUR -0.9899916577525919
[11.98825779] EUR -0.989984301919725
[11.98825657] EUR -0.9899891250520008
[11.98825596] EUR -0.9900043227495734
[11.98825567] EUR -0.9899887429762544
[11.98825551] EUR -0.9900008854543408
[12.] JAP -0.9891581460961388
[6.005] JAP -0.9891318700816581
[0.01] JAP -0.9661078786648476
[12.] JAP -0.9891585117800571
[11.99999999] JAP -0.989164872181209
[6.00500001] JAP -0.98914570469887
[9.00250002] JAP -0.9891623822222747
[10.50125001] JAP -0.9891588315595503
[11.250625] JAP -0.9891552430177496
[11.62531251] JAP -0.9891563315859276
[11.81265626] JAP -0.9891600090245865
[11.90632813] JAP -0.9891656476928953
[11.95316405] JAP -0.9891435456844107
[11.97658204] JAP -0.9891554153546191
[11.98829103] JAP -0.9891533922838484
[11.99414552] JAP -0.9891563172130646
[11.99414553] JAP -0.9891546616549691
[11.99208542] JAP -0.9891517941528972
[11.99311549] JAP -0.9891667716821202
[11.99363046] JAP -0.9891597487163439
[11.99388797] JAP -0.9891554240741032
[11.99401675] JAP -0.9891598257857338
[11.99408112] JAP -0.989154803986327
[11.99411333] JAP -0.9891525852081444
[11.99412944] JAP -0.9891663698625869
[11.99413743] JAP -0.9891588786842458
[11.99414146] JAP -0.9891475577692235
[11.99414353] JAP -0.9891540091240968
[11.99414355] JAP -0.989164503327339
[11.99414525] JAP -0.9891643922825688
[11.9941444] JAP -0.989161771681975
[11.99414397] JAP -0.9891594593717393
[11.99414375] JAP -0.9891587481352
[11.99414365] JAP -0.9891604509767513
[11.99414359] JAP -0.98915745255852
[11.99414356] JAP -0.9891524831315452
[11.99414355] JAP -0.9891424439616371
[11.99414353] JAP -0.9891619424545707
[12.] CHN -0.9872582578358626
[6.005] CHN -0.9872433208743329
[0.01] CHN -0.9501498797387166
[12.] CHN -0.9872517065053169
[11.99999999] CHN -0.9872548141735519
[6.005] CHN -0.9872402251761205
[9.00250003] CHN -0.9872355111648456
[10.50125005] CHN -0.9872600902863283
[11.25062501] CHN -0.9872517473305864
[11.6253125] CHN -0.9872513926298652
[11.81265625] CHN -0.9872505729264317
[11.90632813] CHN -0.9872410793317231
[11.95316409] CHN -0.9872588493420973
[11.97658203] CHN -0.987252255444896
[11.98829101] CHN -0.987234861972976
[11.99414555] CHN -0.9872529790706516
[11.99414556] CHN -0.9872486824754492
[6.0050002] CHN -0.9872391441352284
[8.9995729] CHN -0.987251067338538
[10.49685923] CHN -0.9872499393219933
[11.24550239] CHN -0.9872534265133357
[11.61982397] CHN -0.9872496897584767
[11.80698476] CHN -0.987249844025747
[11.90056516] CHN -0.9872508065717504
[11.94735536] CHN -0.9872462248406698
[11.97075046] CHN -0.9872536673715797
[11.982448] CHN -0.9872505059085054
[11.98829678] CHN -0.9872517922155452
[11.98829679] CHN -0.9872569926637008
[11.99149948] CHN -0.9872558038171766
[11.98989814] CHN -0.987246528933303
[11.98909745] CHN -0.9872505191769134
[11.98869711] CHN -0.9872500858247184
[11.98849694] CHN -0.987251753526326
[11.98839686] CHN -0.9872444406362507
[11.98834681] CHN -0.9872542858108636
[11.9883218] CHN -0.9872584863022362
[11.9883093] CHN -0.987260242629538
[11.98830305] CHN -0.9872441083601703
[11.9882999] CHN -0.9872414816692879
[11.98829992] CHN -0.9872535579335474
[12.] CHN -0.9872561791118089
[11.99414996] CHN -0.9872512876365648
[11.99122494] CHN -0.987251117257292
[11.98976243] CHN -0.9872425971216122
[11.98903117] CHN -0.9872414856435725
[11.98866554] CHN -0.9872491968502289
[11.98848272] CHN -0.9872473392631873
[11.98839132] CHN -0.9872396441764527
[11.98834561] CHN -0.9872540767607623
[11.98832277] CHN -0.9872556578677075
[11.98831134] CHN -0.9872484021922163
[11.98831136] CHN -0.9872453145767878
[11.98830901] CHN -0.9872513923508993
[11.98831017] CHN -0.9872486450056376
[11.98831076] CHN -0.9872558102703435
[11.98831103] CHN -0.9872423035148805
[11.9883112] CHN -0.9872564461227982
[12.] BRA -0.9851273038336332
[6.005] BRA -0.9851309078667366
[0.01] BRA -0.9561829283261994
[6.005] BRA -0.9851256977975164
[6.00500001] BRA -0.9851345617261217
[12.] BRA -0.9851352232149856
[9.00250001] BRA -0.985134007232013
[7.50375001] BRA -0.9851331720513662
[6.75437501] BRA -0.9851313421425771
[6.37968751] BRA -0.9851273390393407
[6.19234376] BRA -0.9851296066704904
[6.09867188] BRA -0.9851335055091447
[6.05183595] BRA -0.9851265402006302
[6.02841797] BRA -0.9851300571101952
[6.01670899] BRA -0.9851289647814647
[6.0108545] BRA -0.98512889599865
[6.01085451] BRA -0.9851321558943097
[6.01426009] BRA -0.9851280271133929
[6.01255729] BRA -0.9851307655447642
[6.0117059] BRA -0.9851292500410082
[6.0112802] BRA -0.9851234150226765
[6.01106734] BRA -0.9851290182589534
[6.01096092] BRA -0.9851287230725633
[6.01090771] BRA -0.9851282639939941
[6.0108811] BRA -0.9851314904649431
[6.01086781] BRA -0.9851257205057257
[6.01086114] BRA -0.9851327342872782
[6.01085783] BRA -0.9851244899713832
[6.01085785] BRA -0.9851286633173245
[6.03265717] BRA -0.9851304728876641
[6.02175751] BRA -0.9851221894647672
[6.01630767] BRA -0.9851243421226505
[6.01358275] BRA -0.9851304039866378
[6.0122203] BRA -0.9851275333084156
[6.01153907] BRA -0.9851317428426867
[6.01119846] BRA -0.9851228270195977
[6.01102814] BRA -0.9851248381800803
[6.01094299] BRA -0.9851350649630627
[6.01090043] BRA -0.9851285101411942
[6.01087914] BRA -0.9851275485790364
[6.01087915] BRA -0.985130207402989
[6.01091654] BRA -0.9851251790419224
[6.01089783] BRA -0.9851293810890028
[6.01088849] BRA -0.9851268380293089
[6.01088381] BRA -0.9851325904157284
[6.01088149] BRA -0.985128774986892
[6.01088032] BRA -0.9851330638727038
[6.01087974] BRA -0.9851301891768539
[6.01087945] BRA -0.985127002177586
[6.01087929] BRA -0.9851253576179875
[6.01087921] BRA -0.9851241234945488
[6.01087916] BRA -0.9851260996952516
[12.] IND -0.983997372959033
[6.005] IND -0.9839908946077512
[0.01] IND -0.9537753791623199
[12.] IND -0.9839950174804992
[11.99999999] IND -0.9839919951312461
[12.] CAN -0.9954643037957389
[6.005] CAN -0.9954573510305178
[0.01] CAN -0.9574789007892576
[12.] CAN -0.9954484333004299
[11.99999999] CAN -0.995477723015193
[6.005] CAN -0.9954417603045252
[9.0025] CAN -0.9954473178940942
[10.50125] CAN -0.9954825770939432
[11.25062499] CAN -0.9954586862372589
[11.62531249] CAN -0.9954602972761287
[11.81265624] CAN -0.9954642148415016
[11.90632812] CAN -0.9954744675922709
[11.95316405] CAN -0.9954698351261912
[11.97658202] CAN -0.9954783502840535
[11.988291] CAN -0.9954591489282345
[11.9941455] CAN -0.9954574008378222
[11.99414551] CAN -0.9954590085167103
[11.99445012] CAN -0.9954714318683925
[11.99429788] CAN -0.9954817299441862
[11.9942218] CAN -0.9954611816372978
[11.99418367] CAN -0.9954496667400273
[11.99416455] CAN -0.9954663844094696
[11.99415506] CAN -0.9954744327223243
[11.99415036] CAN -0.9954669310736972
[11.99414798] CAN -0.995461550676595
[11.99414676] CAN -0.9954727247038481
[11.99414677] CAN -0.9954609757197919
[11.99414565] CAN -0.9954767004524484
[11.9941462] CAN -0.9954666593168049
[11.99414648] CAN -0.9954696000169515
[11.99414662] CAN -0.995473153399026
[11.99414669] CAN -0.9954733149222238
[11.99414672] CAN -0.9954621371997328
[11.99414674] CAN -0.9954820287753544
[12.] KOR -0.9949169001673828
[6.005] KOR -0.9948936394530808
[0.01] KOR -0.9613577197805724
[12.] KOR -0.9949210764363676
[11.99999999] KOR -0.994913992343806
[12.] RUS -0.9834163290908939
[6.005] RUS -0.9834138080917587
[0.01] RUS -0.9557288644612385
[12.] RUS -0.9834175759623293
[11.99999999] RUS -0.9834192411880512
[6.005] RUS -0.9834143795550749
[9.00250001] RUS -0.9834148073937443
[10.50125002] RUS -0.9834184000845897
[11.25062501] RUS -0.9834192455885666
[11.6253125] RUS -0.9834150521996711
[11.81265626] RUS -0.9834182376038613
[11.90632813] RUS -0.9834171138489686
[11.95316407] RUS -0.9834183197565929
[11.97658203] RUS -0.9834198752096815
[11.988291] RUS -0.9834142819345707
[11.99414552] RUS -0.9834189882132235
[11.99414553] RUS -0.983418331490863
[11.99033316] RUS -0.9834184730674405
[11.99223935] RUS -0.983418949241851
[11.99319243] RUS -0.983417547250689
[11.99366899] RUS -0.9834148981097283
[11.9939073] RUS -0.9834199068956152
[11.9940264] RUS -0.9834181309299881
[11.99408597] RUS -0.9834177381451796
[11.99411576] RUS -0.9834149092866988
[11.99413068] RUS -0.9834161980824498
[11.99413813] RUS -0.9834189296231854
[11.99414182] RUS -0.9834212117912949
[11.99414184] RUS -0.983417227360648
[11.87849133] RUS -0.9834172821677958
[11.93631659] RUS -0.9834179867310293
[11.96522921] RUS -0.9834164287375999
[11.97968553] RUS -0.9834175694400499
[11.98691368] RUS -0.9834182489129949
[11.99052776] RUS -0.9834154713192583
[11.9923348] RUS -0.9834155957099339
[11.99323832] RUS -0.9834211918046508
[11.99369007] RUS -0.9834173249836554
[11.99391596] RUS -0.9834170343410943
[11.9940289] RUS -0.9834195684374156
[11.99402891] RUS -0.9834180672899435
[11.99396063] RUS -0.9834142273175847
[11.99399479] RUS -0.9834189605223647
[11.99401185] RUS -0.9834194628129275
[11.99402037] RUS -0.9834172812372829
[11.99402465] RUS -0.9834173154972419
[11.99402678] RUS -0.983416993506456
[11.99402785] RUS -0.9834167538344494
[11.99402839] RUS -0.983414999619322
[11.99402867] RUS -0.9834174882160669
[11.99402879] RUS -0.983420261006525
[11.99402884] RUS -0.9834197021972184
[12.] MEX -0.9841337961599526
[6.005] MEX -0.9841284964503135
[0.01] MEX -0.9542101229016001
[12.] MEX -0.9841378103859116
[11.99999999] MEX -0.9841341641584058
[12.] ZAF -0.9843448210503658
[6.005] ZAF -0.9843456021463269
[0.01] ZAF -0.9631226307903106
[6.005] ZAF -0.9843470477130706
[6.00500001] ZAF -0.9843477650283285
[12.] ZAF -0.9843500172702782
[9.00250003] ZAF -0.9843492045315846
[7.50375004] ZAF -0.984343196648383
[6.75437498] ZAF -0.9843452927794175
[6.37968747] ZAF -0.984344170663582
[6.19234371] ZAF -0.9843444486133741
[6.09867183] ZAF -0.984343573821973
[6.05183588] ZAF -0.9843429677432193
[6.0284179] ZAF -0.9843424378819339
[6.0167089] ZAF -0.9843437721524597
[6.01085442] ZAF -0.9843443837094809
[6.01085443] ZAF -0.9843398397831022
[6.00579819] ZAF -0.9843418784933529
[6.00832631] ZAF -0.9843496988721486
[6.00959035] ZAF -0.9843428110070523
[6.01022239] ZAF -0.9843444066649459
[6.0105384] ZAF -0.9843414441050954
[6.01069641] ZAF -0.9843437546598763
[6.01077542] ZAF -0.9843439585908809
[6.01081492] ZAF -0.9843441350770645
[6.01083467] ZAF -0.9843425358634194
[6.01084454] ZAF -0.9843445566992747
[6.01084948] ZAF -0.9843459358073506
[6.01084949] ZAF -0.984342074290909
[6.01082155] ZAF -0.9843415441627752
[6.01083552] ZAF -0.9843456040333511
[6.0108425] ZAF -0.9843409489291307
[6.010846] ZAF -0.9843406190232621
[6.01084775] ZAF -0.9843467652470173
[6.01084861] ZAF -0.9843499101927435
[6.01084904] ZAF -0.9843381348608252
[6.01084927] ZAF -0.9843399162568611
[6.01084939] ZAF -0.9843393334048867
[6.01084944] ZAF -0.9843400419689697
[6.01084947] ZAF -0.9843446934260388
[12.] ROW -0.981933316638824
[6.005] ROW -0.9819325863660235
[0.01] ROW -0.9426169486042677
[12.] ROW -0.9819323965960814
[11.99999999] ROW -0.9819324456941421
[8.70508493] ROW -0.981932483047782
[10.35254245] ROW -0.981932884683781
[11.17627115] ROW -0.9819326910277022
[11.58813553] ROW -0.9819329346231751
[11.79406768] ROW -0.9819331792114526
[11.89703372] ROW -0.9819330006668886
[11.94851677] ROW -0.981932689771911
[11.97425834] ROW -0.981932448126861
[11.98712916] ROW -0.9819335807717315
[11.9935644] ROW -0.9819318847382134
[11.99678228] ROW -0.9819328512919836
ROW [[1.00000000e-02]
 [1.19882555e+01]
 [1.19941435e+01]
 [1.19883112e+01]
 [6.01087916e+00]
 [1.20000000e+01]
 [1.19941467e+01]
 [1.20000000e+01]
 [1.19940288e+01]
 [1.20000000e+01]
 [6.01084947e+00]
 [1.19967823e+01]]
0.9991666666666666
1
[12.] USA -0.9942470287688465
[6.005] USA -0.9942458396715975
[0.01] USA -0.9945197909660572
[0.01] USA -0.9945203299379692
[0.01000001] USA -0.9945198377621164
[12.] USA -0.9942475774993959
[11.99999999] USA -0.9942571204989301
[6.005] USA -0.9942368655878256
[9.00250001] USA -0.9942577552972389
[10.50125] USA -0.9942591738836415
[11.25062499] USA -0.994230036437023
[11.62531251] USA -0.9942514562896598
[11.81265625] USA -0.9942528773781227
[11.90632812] USA -0.9942414005715698
[11.95316407] USA -0.9942622284009561
[11.97658202] USA -0.994270260012419
[11.98829099] USA -0.9942370287817459
[11.9941455] USA -0.994249177800064
[11.99414552] USA -0.9942509296566416
[11.99505355] USA -0.9942535396452484
[11.99459955] USA -0.9942578851516468
[11.99437256] USA -0.9942458149459434
[11.99425902] USA -0.9942666145209833
[11.99420234] USA -0.9942485047527552
[11.99417392] USA -0.9942504011654639
[11.99415972] USA -0.9942774156101698
[11.99415273] USA -0.9942789191866397
[11.99414925] USA -0.9942590392417892
[11.99414742] USA -0.9942492949310661
[11.99414646] USA -0.9942714914590411
[12.] EUR -1.0425414019853154
[6.005] EUR -1.0425310204189182
[0.01] EUR -1.0175754311384486
[12.] EUR -1.0425441645247815
[11.99999999] EUR -1.0425522771208073
[6.00500003] EUR -1.0425272306797713
[9.00250003] EUR -1.042532320268603
[10.50125003] EUR -1.0425500668658712
[11.25062501] EUR -1.0425563122013672
[11.62531249] EUR -1.0425531569700424
[11.81265624] EUR -1.0425469715319773
[11.90632812] EUR -1.0425501047081709
[11.95316405] EUR -1.042541374734699
[11.97658203] EUR -1.042541075951036
[11.98829102] EUR -1.042541149508244
[11.99414551] EUR -1.0425468455029514
[11.99414553] EUR -1.0425419650317962
[11.9853053] EUR -1.0425460530870783
[11.98972541] EUR -1.0425391961454302
[11.99193547] EUR -1.042535228302353
[11.99304051] EUR -1.0425426392822812
[11.99359302] EUR -1.0425461514981662
[11.99386927] EUR -1.0425498902086867
[11.99400738] EUR -1.0425435046776665
[11.99407645] EUR -1.0425482364042669
[11.99411098] EUR -1.0425643225337677
[11.99412822] EUR -1.0425369716467876
[11.99413688] EUR -1.0425382936927357
[11.9941369] EUR -1.04256634128174
[11.99414423] EUR -1.0425420478522855
[11.99414056] EUR -1.0425529094005594
[11.99413872] EUR -1.0425473485948338
[11.9941378] EUR -1.0425452815904492
[11.99413734] EUR -1.0425552205202309
[11.99413712] EUR -1.042537478508571
[11.994137] EUR -1.0425414840345453
[11.99413694] EUR -1.0425601406965384
[12.] JAP -1.041438406367283
[6.005] JAP -1.0414279422003974
[0.01] JAP -1.005738415785657
[12.] JAP -1.0414361586081848
[11.99999999] JAP -1.041438078308654
[6.005] JAP -1.0414179689126106
[9.00250007] JAP -1.0414317817094252
[10.50125005] JAP -1.0414417540256817
[11.250625] JAP -1.0414364841708927
[11.6253125] JAP -1.0414282614870205
[11.81265628] JAP -1.041423174622951
[11.90632819] JAP -1.0414303326211636
[11.95316412] JAP -1.041440425952204
[11.97658204] JAP -1.0414274137840094
[11.98829106] JAP -1.0414288012581103
[11.99414556] JAP -1.0414391116349124
[11.99414557] JAP -1.0414295401384095
[6.00500102] JAP -1.0414189106850376
[8.9995733] JAP -1.0414328785884464
[10.49685943] JAP -1.0414382849221304
[11.2455025] JAP -1.041444862075628
[11.61982402] JAP -1.041442484761508
[11.80698479] JAP -1.0414392572357563
[11.90056517] JAP -1.041439928344597
[11.94735536] JAP -1.0414368305224355
[11.97075046] JAP -1.0414343863039752
[11.98244801] JAP -1.0414201724830603
[11.9882968] JAP -1.0414352762576264
[11.98829681] JAP -1.0414364396091842
[11.98893064] JAP -1.0414418060013586
[11.98861376] JAP -1.0414386929836887
[11.9884553] JAP -1.0414387423574154
[11.98837607] JAP -1.041429225338259
[11.9883364] JAP -1.0414422098057154
[11.98831664] JAP -1.04144480611001
[11.98830678] JAP -1.0414348183193125
[11.98830179] JAP -1.041445658498626
[11.98829936] JAP -1.0414375426020563
[11.9882981] JAP -1.0414432707298018
[11.9882975] JAP -1.0414452505816432
[12.] CHN -1.0388177141919752
[6.005] CHN -1.038801988156475
[0.01] CHN -0.9856940754060295
[12.] CHN -1.0388136238886811
[11.99999999] CHN -1.038821835875324
[6.005] CHN -1.0388092593751015
[9.0025] CHN -1.038812681826464
[10.50125] CHN -1.038806671904832
[11.25062501] CHN -1.0388126106963205
[11.6253125] CHN -1.03880865252762
[11.81265626] CHN -1.0388167237586146
[11.90632813] CHN -1.0388138907918778
[11.95316406] CHN -1.0388234576683903
[11.97658202] CHN -1.0388178822864198
[11.98829101] CHN -1.0388016811100231
[11.99414551] CHN -1.0388049466772136
[11.99414553] CHN -1.038808875481105
[11.99604005] CHN -1.0388215289465255
[11.99509281] CHN -1.0388161682149621
[11.99461918] CHN -1.038817963942481
[11.99438237] CHN -1.038814955575285
[11.99426396] CHN -1.0388138003395975
[11.99420476] CHN -1.0388153027357203
[11.99417515] CHN -1.0388164298906861
[11.99416036] CHN -1.0388216262686982
[11.99415297] CHN -1.0388152623669713
[11.99414926] CHN -1.0388119572834131
[11.9941474] CHN -1.03881393789022
[11.99414742] CHN -1.0388111531954316
[11.99414662] CHN -1.0388203981783515
[11.99414699] CHN -1.0388100961767064
[11.99414721] CHN -1.0388096832909166
[11.99414731] CHN -1.038822255180245
[12.] BRA -1.0365810451004671
[6.005] BRA -1.0365734322751827
[0.01] BRA -0.9927795214000446
[12.] BRA -1.036578483736709
[11.99999999] BRA -1.036582808590832
[6.005] BRA -1.0365729116667537
[9.00250001] BRA -1.0365749069536987
[10.50125001] BRA -1.036580158466488
[11.250625] BRA -1.0365776949619068
[11.6253125] BRA -1.036575349563284
[11.81265626] BRA -1.0365753232455646
[11.90632813] BRA -1.0365756944423699
[11.95316407] BRA -1.0365794683610128
[11.97658203] BRA -1.03657842923671
[11.98829102] BRA -1.0365767534030812
[11.99414551] BRA -1.036577435951208
[11.99414553] BRA -1.0365732091339677
[11.74173181] BRA -1.0365794731372653
[11.86793866] BRA -1.036578703730005
[11.93104208] BRA -1.0365750446017934
[11.9625938] BRA -1.0365734886699567
[11.97836966] BRA -1.0365774832980936
[11.98625759] BRA -1.0365752201203644
[11.99020155] BRA -1.036582612291837
[11.99217352] BRA -1.0365855217346245
[11.9931595] BRA -1.0365754231004842
[11.99365251] BRA -1.0365812371921583
[11.993899] BRA -1.0365785433697665
[11.99389902] BRA -1.0365782486870625
[11.99388053] BRA -1.0365765714018091
[11.99388982] BRA -1.0365786039571963
[11.99389441] BRA -1.0365758493193424
[11.99389677] BRA -1.0365754613217275
[11.99389796] BRA -1.0365819815835897
[11.99389798] BRA -1.0365785695852203
[11.99282846] BRA -1.036573049645136
[11.99336323] BRA -1.0365781241260925
[11.99363061] BRA -1.0365852139544163
[11.99376428] BRA -1.0365812390274387
[11.99383112] BRA -1.0365879581422897
[11.99386453] BRA -1.0365818644469695
[11.99388125] BRA -1.0365816445547376
[11.9938896] BRA -1.036578741135326
[11.99389379] BRA -1.036581942098255
[11.99389588] BRA -1.0365808842097795
[11.99389692] BRA -1.03658125252332
[12.] IND -1.0350934066117037
[6.005] IND -1.0350902163260975
[0.01] IND -0.9819553460414049
[12.] IND -1.0350967717429624
[11.99999999] IND -1.0350939783848825
[12.] CAN -1.0484950095150745
[6.005] CAN -1.0484519073052838
[0.01] CAN -0.9980766203062726
[12.] CAN -1.048469154291142
[11.99999999] CAN -1.048479840256179
[6.00500006] CAN -1.0484481527236098
[9.00250005] CAN -1.0484690490032091
[10.50125002] CAN -1.0484594679296912
[11.25062502] CAN -1.0484538659787745
[11.62531252] CAN -1.0484626103860493
[11.81265626] CAN -1.0484667799519816
[11.90632813] CAN -1.0484909561958964
[11.95316405] CAN -1.048484831102
[11.97658201] CAN -1.048457953820852
[11.98829102] CAN -1.0484612228301935
[11.99414551] CAN -1.0484785143605522
[11.99414553] CAN -1.0484859588278341
[11.9965494] CAN -1.04845440286894
[11.99534743] CAN -1.0484540200737327
[11.99474645] CAN -1.0484619492512242
[11.99444596] CAN -1.0485016585422133
[11.99429576] CAN -1.0484705321060896
[11.99422063] CAN -1.0484721474968945
[11.99418306] CAN -1.04847703327386
[11.99416429] CAN -1.0484643847902917
[11.99415489] CAN -1.0484950226573728
[11.99415022] CAN -1.0484731307190822
[11.99414786] CAN -1.048483919860216
[11.99414787] CAN -1.0484612266568876
[11.99414609] CAN -1.0484708693089322
[11.99414698] CAN -1.0484475166688423
[11.99414743] CAN -1.0484693024540028
[11.99414765] CAN -1.048452494316545
[11.99414776] CAN -1.0484788388598265
[11.99414781] CAN -1.0484831279886853
[11.99414784] CAN -1.0484648224618107
[11.99414785] CAN -1.0484875099863709
[12.] KOR -1.048864457797013
[6.005] KOR -1.0488466431857753
[0.01] KOR -1.0051555419678389
[12.] KOR -1.048891445796112
[11.99999999] KOR -1.048890919116704
[12.] RUS -1.035606625617242
[6.005] RUS -1.0355988332498531
[0.01] RUS -0.9905213405690257
[12.] RUS -1.0356038053015888
[11.99999999] RUS -1.0356078759764815
[6.005] RUS -1.035601829597996
[9.0025] RUS -1.0356038655723674
[10.50125] RUS -1.0356069183398766
[11.250625] RUS -1.0356051579418577
[11.6253125] RUS -1.0356057635066154
[11.81265624] RUS -1.03560830152356
[11.90632811] RUS -1.035610177552919
[11.95316405] RUS -1.0356086936841367
[11.97658201] RUS -1.0356046058388726
[11.98829101] RUS -1.0356057243968373
[11.9941455] RUS -1.0356053820193465
[11.99414551] RUS -1.0356069918342536
[11.99580463] RUS -1.03560348521039
[11.99497505] RUS -1.035605316617011
[11.99456028] RUS -1.0356089570981186
[11.9943529] RUS -1.0356053383772879
[11.9942492] RUS -1.0356078092512178
[11.99419736] RUS -1.0356064154847888
[11.99417144] RUS -1.0356045458707677
[11.99415846] RUS -1.0356016819038427
[11.99415196] RUS -1.0356050199155757
[11.99414873] RUS -1.0356055677920175
[11.99414712] RUS -1.0356077660940897
[11.99414713] RUS -1.0356050754205284
[11.9941461] RUS -1.0356097403998414
[11.9941466] RUS -1.0356050774045316
[11.99414687] RUS -1.035606723194997
[11.99414699] RUS -1.0356071797625124
[11.99414706] RUS -1.0356044028728948
[11.99414709] RUS -1.0356078863957177
[11.9941471] RUS -1.0356050402881334
[11.99414711] RUS -1.0356043516849438
[11.99414712] RUS -1.035605649550061
[11.99414712] RUS -1.0356063919123406
[11.99414712] RUS -1.0356054756462314
[12.] MEX -1.0362001758269483
[6.005] MEX -1.0361876988291305
[0.01] MEX -0.9895181129794439
[12.] MEX -1.03619708498335
[11.99999999] MEX -1.0362051345373795
[6.00500002] MEX -1.0361905412725978
[9.00250001] MEX -1.0361999840745846
[10.50125] MEX -1.0361958554447253
[11.250625] MEX -1.0361999861465676
[11.6253125] MEX -1.0361952515190873
[11.81265625] MEX -1.0361945262989696
[11.90632813] MEX -1.0361973452437816
[11.95316406] MEX -1.036196825379655
[11.97658203] MEX -1.0361997047270135
[11.98829101] MEX -1.0361979578636993
[11.99414551] MEX -1.0361940634303703
[11.99414552] MEX -1.036198100296451
[11.99610091] MEX -1.0361982273087738
[11.99512321] MEX -1.0361942499754362
[11.99463436] MEX -1.0361960913752797
[11.99438994] MEX -1.0361984547912626
[11.99426773] MEX -1.0361986419713707
[11.99420663] MEX -1.0361973720148705
[11.99417607] MEX -1.0361980055269815
[11.9941608] MEX -1.0362028591625883
[11.99415317] MEX -1.036198938642112
[11.99414935] MEX -1.0361986920090787
[11.99414743] MEX -1.0361985532840687
[11.99414745] MEX -1.0361998293679906
[11.99414833] MEX -1.0361990438541953
[11.99414788] MEX -1.0361975547857507
[11.99414765] MEX -1.0361997533793892
[11.99414755] MEX -1.03619679022008
[11.99414748] MEX -1.0361983333323754
[11.99414746] MEX -1.0361950295603473
[11.99414744] MEX -1.036199515597249
[12.] ZAF -1.035718660821308
[6.005] ZAF -1.035710253878397
[0.01] ZAF -1.0036800098901375
[12.] ZAF -1.0357223468517847
[11.99999999] ZAF -1.0357212177781272
[12.] ROW -1.0332963779185518
[6.005] ROW -1.0332950959285458
[0.01] ROW -0.9724214769500232
[12.] ROW -1.0332964682706005
[11.99999999] ROW -1.0332963184727346
ROW [[1.00000000e-02]
 [1.19941369e+01]
 [1.19882975e+01]
 [1.19941473e+01]
 [1.19938969e+01]
 [1.20000000e+01]
 [1.19941479e+01]
 [1.20000000e+01]
 [1.19941471e+01]
 [1.19941474e+01]
 [1.20000000e+01]
 [1.20000000e+01]]
0.0
  US Nash delta = 0.0100  -> complete protection: True

===== tau off-diagonal x 2.2 (patenting sector) =====
12  countries,  2  sectors 
Solving time : 0.06880608398932964 
Iterations :  284 
Deviation norm :  TODO 
Status :  successful 
Hit the bounds  0  times
0
[12.] USA -0.9940411812228366
[6.005] USA -0.9940054371861862
[0.01] USA -0.9954185265077362
[0.01] USA -0.9954188467489691
[0.01000001] USA -0.9954191002225423
[6.005] USA -0.9939930874607492
[3.00745809] USA -0.9939501051868651
[1.50868588] USA -0.9938761905405576
[0.7592976] USA -0.9937289710333306
[0.38459913] USA -0.9934655008478744
[0.19724217] USA -0.9931919653984864
[0.10355567] USA -0.9932627826318481
[0.05671455] USA -0.9938121693592746
[0.03331014] USA -0.9946276113633681
[0.02163186] USA -0.9952012545575084
[0.01580954] USA -0.9953793120445499
[0.01580956] USA -0.9953788697919136
[0.01211659] USA -0.9954240574509046
[0.01396231] USA -0.9954092244430073
[0.01488542] USA -0.9953958600449216
[0.0153472] USA -0.9953874811330401
[0.01557823] USA -0.995383364821127
[0.01569382] USA -0.99538125034692
[0.01575165] USA -0.9953800510406899
[0.01578058] USA -0.9953796826852014
[0.01579506] USA -0.9953785410920661
[0.01580231] USA -0.9953789450774754
[0.01580593] USA -0.9953788072066714
[12.] USA -0.9940288602052417
[11.99999999] USA -0.994029850234556
[6.005] USA -0.994006731448117
[9.00250017] USA -0.9940143651915873
[10.50125019] USA -0.9940150149432585
[11.2506252] USA -0.9940163257875763
[11.62531269] USA -0.9940142517470268
[11.81265646] USA -0.9940397106184792
[11.90632815] USA -0.9940206527574201
[11.95316414] USA -0.9940179362560577
[11.97658215] USA -0.9940226033481032
[11.98829112] USA -0.9940286371036882
[11.99414556] USA -0.9940173504385519
[11.99414558] USA -0.9940315630603908
[11.99961875] USA -0.9940224290435097
[11.99688216] USA -0.9940558379390216
[11.99551388] USA -0.9940313743388807
[11.99482973] USA -0.9940236633815357
[11.99448765] USA -0.9940393840561399
[11.99431662] USA -0.9939876960501809
[11.99423107] USA -0.9940226778673987
[11.99418832] USA -0.9940185651387314
[11.99416694] USA -0.9940334879848722
[11.99415626] USA -0.9940315384678202
[11.99415092] USA -0.9940296531115143
[11.99415093] USA -0.9940291344858124
[11.99415073] USA -0.9940452885310884
[12.] EUR -0.9899095294610918
[6.005] EUR -0.989901695341289
[0.01] EUR -0.9748608287273062
[12.] EUR -0.9899130407143524
[11.99999999] EUR -0.9899122462535397
[12.] JAP -0.9891280216945263
[6.005] JAP -0.9891072285445637
[0.01] JAP -0.9671765924204835
[12.] JAP -0.9891205807287015
[11.99999999] JAP -0.9891119034537676
[12.] CHN -0.9872178692677376
[6.005] CHN -0.9872067106350144
[0.01] CHN -0.9515453278392735
[12.] CHN -0.9872180310096713
[11.99999999] CHN -0.9872156428695971
[12.] BRA -0.9852087830311982
[6.005] BRA -0.9852033771525726
[0.01] BRA -0.9571546023253404
[12.] BRA -0.9852136799285648
[11.99999999] BRA -0.9852110037046102
[12.] IND -0.9841089867559888
[6.005] IND -0.9841045001416431
[0.01] IND -0.9548829571890317
[12.] IND -0.9841153081796634
[11.99999999] IND -0.9841120155256923
[12.] CAN -0.9952781094705424
[6.005] CAN -0.9952412941897342
[0.01] CAN -0.9582842576545049
[12.] CAN -0.9952733095925743
[11.99999999] CAN -0.9952820093526976
[6.00500002] CAN -0.9952614906688708
[9.00250002] CAN -0.9952515996373539
[10.50125003] CAN -0.9952776902105572
[11.25062501] CAN -0.9952698879883052
[11.62531251] CAN -0.9952639875258078
[11.81265626] CAN -0.9952528168483387
[11.90632815] CAN -0.995274612783044
[11.95316407] CAN -0.9952675842493092
[11.97658204] CAN -0.995250205642185
[11.98829104] CAN -0.9952772390495972
[11.99414552] CAN -0.9952670672606692
[11.99414553] CAN -0.9952701270572109
[11.99566883] CAN -0.9952836934526076
[11.99490722] CAN -0.9952879454357526
[11.99452642] CAN -0.9952571631627118
[11.99433594] CAN -0.9952814435456784
[11.99424076] CAN -0.9952673721210699
[11.99419314] CAN -0.9952494339914933
[11.99416929] CAN -0.9952796243913996
[11.99415743] CAN -0.995281821713311
[11.99415151] CAN -0.9952833309701559
[11.99414855] CAN -0.995271505496075
[11.99414705] CAN -0.9952632394435554
[11.99414706] CAN -0.9952795538913254
[12.] CAN -0.995265129533716
[11.99707352] CAN -0.995296781980525
[11.9956103] CAN -0.9952528276348221
[11.99487867] CAN -0.9952805295148588
[11.99451287] CAN -0.9952681107725266
[11.99432996] CAN -0.9952787798334626
[11.99423851] CAN -0.9952659647073514
[11.99419278] CAN -0.9952858588327628
[11.99416992] CAN -0.9952944040015016
[11.9941585] CAN -0.9952777369317478
[11.99415278] CAN -0.9952574936447169
[11.99415279] CAN -0.9952722501251106
[11.99420708] CAN -0.9952699893788072
[11.99417994] CAN -0.995278599912496
[11.99416637] CAN -0.9952769624593174
[11.99415958] CAN -0.9952786412183043
[11.99415619] CAN -0.99525739888124
[11.99415449] CAN -0.9952461398690696
[11.99415363] CAN -0.9952597149925916
[11.9941532] CAN -0.9952851612605657
[11.99415301] CAN -0.9952628498464385
[11.9941529] CAN -0.9952910857910942
[12.] KOR -0.9947150762727538
[6.005] KOR -0.9946821576314764
[0.01] KOR -0.9623156168872409
[12.] KOR -0.9947145021449857
[11.99999999] KOR -0.9946899067056477
[12.] RUS -0.9835626182048759
[6.005] RUS -0.9835561143925585
[0.01] RUS -0.9567510715845177
[12.] RUS -0.9835579855581896
[11.99999999] RUS -0.9835589633489504
[6.005] RUS -0.983557958502326
[9.0025] RUS -0.9835607199398191
[10.50124998] RUS -0.9835576170497072
[11.25062499] RUS -0.9835610660529838
[11.62531247] RUS -0.9835605339125199
[11.81265622] RUS -0.9835614263744846
[11.90632808] RUS -0.9835606777990297
[11.95316402] RUS -0.9835585421053226
[11.97658201] RUS -0.9835584210980814
[11.988291] RUS -0.9835627755300976
[11.99414546] RUS -0.9835581940375913
[12.] MEX -0.9842631270871302
[6.005] MEX -0.9842633086042175
[0.01] MEX -0.955153507088661
[6.005] MEX -0.9842600274809682
[6.00500001] MEX -0.9842645752516078
[12.] MEX -0.9842642477570482
[9.00250001] MEX -0.9842663002624001
[7.50375001] MEX -0.9842609359963274
[6.75437501] MEX -0.9842638971283132
[6.37968751] MEX -0.9842669509702168
[6.19234377] MEX -0.9842588724404508
[6.09867188] MEX -0.9842622311320067
[6.05183594] MEX -0.984258121349124
[6.02841797] MEX -0.9842618441118351
[6.01670899] MEX -0.9842629755758074
[6.0108545] MEX -0.9842565212620714
[6.01085451] MEX -0.9842631874045991
[12.] MEX -0.9842657322530245
[9.00542726] MEX -0.9842639703365985
[7.50814089] MEX -0.9842631323066229
[6.7594977] MEX -0.9842644474670239
[6.38517611] MEX -0.9842630628179854
[6.19801531] MEX -0.984257572021667
[6.10443491] MEX -0.9842601425048119
[6.05764471] MEX -0.9842603784528703
[6.03424961] MEX -0.9842592938118611
[6.02255206] MEX -0.9842618625287531
[6.01670328] MEX -0.984258178635897
[6.0167033] MEX -0.9842619721731426
[6.02442714] MEX -0.984263173749969
[6.02056522] MEX -0.9842590821882338
[6.01863425] MEX -0.984256610714344
[6.01766877] MEX -0.9842649798804912
[6.01718604] MEX -0.9842550858382135
[6.01694465] MEX -0.984260135425197
[6.01682397] MEX -0.984258232494649
[6.01676363] MEX -0.9842585786140219
[6.01673346] MEX -0.9842591293314579
[6.01671837] MEX -0.9842618676872728
[6.01671083] MEX -0.9842595598932091
[6.01671085] MEX -0.9842621770231517
[6.01672763] MEX -0.9842606347685606
[6.01671924] MEX -0.9842602677669163
[6.01671504] MEX -0.9842622325157615
[6.01671294] MEX -0.9842570300211482
[6.01671188] MEX -0.9842597749076604
[6.01671136] MEX -0.984262107415876
[6.0167111] MEX -0.984260704976222
[6.01671097] MEX -0.9842622283538334
[12.] ZAF -0.9844612899836049
[6.005] ZAF -0.984459992751221
[0.01] ZAF -0.9638676430435754
[12.] ZAF -0.9844622155858692
[11.99999999] ZAF -0.9844592353974336
[12.] ROW -0.9821424470544735
[6.005] ROW -0.9821408765601944
[0.01] ROW -0.9438636516625771
[12.] ROW -0.982141974088191
[11.99999999] ROW -0.9821417720312864
ROW [[ 0.01580593]
 [12.        ]
 [12.        ]
 [12.        ]
 [12.        ]
 [12.        ]
 [11.9941529 ]
 [12.        ]
 [11.99414546]
 [ 6.01671097]
 [12.        ]
 [12.        ]]
0.9986828389766161
1
[12.] USA -0.9940353701124036
[6.005] USA -0.9940006246937689
[0.01] USA -0.9954188784308098
[0.01] USA -0.9954190935006344
[0.01000001] USA -0.9954189381378703
[12.] USA -0.9940444097156687
[11.99999999] USA -0.9940251251631745
[12.] EUR -1.0336477948269251
[6.005] EUR -1.0336362509790726
[0.01] EUR -1.0109564803705677
[12.] EUR -1.0336595978785856
[11.99999999] EUR -1.0336422703356911
[12.] JAP -1.032621117360448
[6.005] JAP -1.0326146434337826
[0.01] JAP -0.9994862289678601
[12.] JAP -1.0326213873236247
[11.99999999] JAP -1.0326122123462118
[12.] CHN -1.030208494341548
[6.005] CHN -1.0301935721095328
[0.01] CHN -0.9808860753326337
[12.] CHN -1.0302066506227512
[11.99999999] CHN -1.0302034318516278
[12.] BRA -1.028093512987891
[6.005] BRA -1.0280838165067694
[0.01] BRA -0.9864821025483732
[12.] BRA -1.0280956966074408
[11.99999999] BRA -1.0280873375224144
[12.] IND -1.02672310034703
[6.005] IND -1.026721161638521
[0.01] IND -0.9769361718454344
[12.] IND -1.0267184249008023
[11.99999999] IND -1.026722812099925
[6.005] IND -1.0267169786100065
[9.0025] IND -1.026718691115613
[10.50125] IND -1.026721177147715
[11.250625] IND -1.0267184623610737
[11.6253125] IND -1.0267230777919627
[11.81265624] IND -1.0267250662762726
[11.90632811] IND -1.0267196886366627
[11.95316405] IND -1.026721800145782
[11.97658202] IND -1.026720775262387
[11.98829101] IND -1.0267168811475205
[11.99414551] IND -1.026720207277274
[11.99414552] IND -1.026719433298197
[11.99289143] IND -1.0267179227789098
[11.99351849] IND -1.0267207261707938
[11.99383199] IND -1.0267192511966976
[11.99398876] IND -1.0267202021463644
[11.99406713] IND -1.0267172447307464
[11.99410635] IND -1.026720038760691
[11.99412593] IND -1.0267204963600176
[11.99413571] IND -1.0267184845967585
[11.99414063] IND -1.0267214194578445
[11.99414305] IND -1.0267229599006413
[11.99414425] IND -1.0267205694807702
[12.] CAN -1.039356342634049
[6.005] CAN -1.0393367923123422
[0.01] CAN -0.991156487799303
[12.] CAN -1.039336541536645
[11.99999999] CAN -1.0393372712487194
[6.005] CAN -1.0393255864671798
[9.00250011] CAN -1.0393449881651393
[10.50124997] CAN -1.0393557531376982
[11.25062479] CAN -1.0393720009904959
[11.62531203] CAN -1.0393661765653062
[11.81265571] CAN -1.0393565359894135
[11.90632765] CAN -1.0393514201619913
[11.95316367] CAN -1.039372285408397
[11.97658147] CAN -1.0393461187181336
[11.98829064] CAN -1.0393653754687529
[11.99414502] CAN -1.0393539439730577
[11.99414504] CAN -1.03935874342863
[11.99922729] CAN -1.039337433584622
[11.99668613] CAN -1.039322981067681
[11.99541553] CAN -1.0393739447475319
[11.99478031] CAN -1.039349312607209
[11.99446266] CAN -1.0393477548011387
[11.99430383] CAN -1.0393577893236337
[11.99422443] CAN -1.0393479192291863
[11.99418472] CAN -1.0393385067900114
[11.99416485] CAN -1.0393531398701155
[11.99415494] CAN -1.0393347752855984
[11.99414995] CAN -1.0393194289857042
[11.99414997] CAN -1.039360288320173
[12.] CAN -1.0393507445480226
[11.99707498] CAN -1.039360313107277
[11.99561247] CAN -1.0393550883828213
[11.99488122] CAN -1.0393264413272871
[11.99451559] CAN -1.0393613659486642
[11.99433278] CAN -1.0393240760657432
[11.99424136] CAN -1.0393548219345714
[11.99419566] CAN -1.039358469171599
[11.99417281] CAN -1.0393468932543597
[11.99416139] CAN -1.0393479637466625
[11.99415567] CAN -1.0393569828878613
[11.99415569] CAN -1.0393632068860086
[11.9941567] CAN -1.0393682983937385
[11.9941562] CAN -1.0393523733328185
[11.99415593] CAN -1.039337952951605
[11.99415578] CAN -1.039353526796781
[11.99415573] CAN -1.0393639844791447
[12.] KOR -1.0395198464696007
[6.005] KOR -1.0394716569190858
[0.01] KOR -0.9979431261612118
[12.] KOR -1.0395100010549074
[11.99999999] KOR -1.0395070013508778
[12.] RUS -1.0270344137517584
[6.005] RUS -1.0270302837401102
[0.01] RUS -0.9841999929506517
[12.] RUS -1.0270328175854635
[11.99999999] RUS -1.0270359741239279
[6.005] RUS -1.0270319763529498
[9.0025] RUS -1.0270339362348853
[10.50125] RUS -1.0270359003800271
[11.25062499] RUS -1.0270322830722203
[11.6253125] RUS -1.0270355546065053
[11.81265624] RUS -1.02703388926779
[11.90632812] RUS -1.0270347483363806
[11.95316405] RUS -1.027036064200749
[11.97658202] RUS -1.027037255993456
[11.988291] RUS -1.0270335145709901
[11.9941455] RUS -1.027034694659412
[11.99414551] RUS -1.0270355001560683
[11.99533574] RUS -1.0270331833047568
[11.99474061] RUS -1.0270333299355177
[11.99444304] RUS -1.02703830536234
[11.9942943] RUS -1.027033150289598
[11.99421989] RUS -1.0270373440831715
[11.99418272] RUS -1.0270342657650864
[11.9941641] RUS -1.0270356283282391
[11.99415481] RUS -1.0270323065560425
[11.99415013] RUS -1.0270325145263908
[11.99414779] RUS -1.027034095473511
[11.99414664] RUS -1.0270365705766205
[11.99414666] RUS -1.0270327750222454
[11.9941457] RUS -1.0270368494960511
[11.99414617] RUS -1.0270329550738326
[11.99414641] RUS -1.0270329879040783
[11.99414653] RUS -1.0270356331790145
[11.99414659] RUS -1.027033097850528
[11.99414662] RUS -1.0270317432388738
[11.99414664] RUS -1.0270331955419392
[11.99414664] RUS -1.027035412552872
[11.99414664] RUS -1.0270341119688202
[11.99414664] RUS -1.0270324518426228
[11.99414664] RUS -1.0270351468129284
[12.] MEX -1.0276278321164802
[6.005] MEX -1.0276178043291773
[0.01] MEX -0.9831252018998211
[12.] MEX -1.0276270535920853
[11.99999999] MEX -1.027624024748634
[12.] ZAF -1.0272804549947374
[6.005] ZAF -1.0272756146876847
[0.01] ZAF -0.9967245107939856
[12.] ZAF -1.027276188021778
[11.99999999] ZAF -1.0272795589770052
[6.005] ZAF -1.027275139090823
[9.0025] ZAF -1.0272750301583256
[10.50125] ZAF -1.027278500232099
[11.250625] ZAF -1.0272827922430185
[11.62531248] ZAF -1.0272792029101643
[11.81265624] ZAF -1.0272763164881886
[11.90632812] ZAF -1.0272723908957133
[11.95316407] ZAF -1.027276151676901
[11.97658203] ZAF -1.0272778033011876
[11.98829101] ZAF -1.0272816419986708
[11.99414549] ZAF -1.0272802350299826
[11.99414551] ZAF -1.0272837059395807
[11.99711551] ZAF -1.0272818811936486
[11.99563051] ZAF -1.0272764495115716
[11.99488799] ZAF -1.0272758359916951
[11.99451673] ZAF -1.0272807488791225
[11.99433112] ZAF -1.0272776516145752
[11.9942383] ZAF -1.0272744642139588
[11.99419188] ZAF -1.0272770578731432
[11.99416868] ZAF -1.027282170295517
[11.99415709] ZAF -1.0272777956979768
[11.99415129] ZAF -1.0272827785424146
[11.9941484] ZAF -1.0272786688382916
[11.99414841] ZAF -1.0272793595887622
[11.99414912] ZAF -1.0272769756292799
[11.99414874] ZAF -1.0272772923403921
[11.99414855] ZAF -1.0272800550182588
[12.] ROW -1.0249480100626753
[6.005] ROW -1.0249467946366342
[0.01] ROW -0.9679551160227997
[12.] ROW -1.0249475659203542
[11.99999999] ROW -1.0249475797917047
[11.06910942] ROW -1.0249472551846948
[11.53455488] ROW -1.0249476195559841
[11.76727741] ROW -1.0249477010197952
[11.88363863] ROW -1.0249475975689653
[11.9418193] ROW -1.024947832397621
[11.97090951] ROW -1.024947482203727
[11.9854548] ROW -1.0249475967191166
[11.99272738] ROW -1.0249477461618446
[11.99636359] ROW -1.0249477091402281
[11.99818172] ROW -1.0249480822096955
[11.99909058] ROW -1.0249480217780895
ROW [[1.00000000e-02]
 [1.20000000e+01]
 [1.20000000e+01]
 [1.20000000e+01]
 [1.20000000e+01]
 [1.19941443e+01]
 [1.19941557e+01]
 [1.20000000e+01]
 [1.19941466e+01]
 [1.20000000e+01]
 [1.19941486e+01]
 [1.19990906e+01]]
0.36732615182279893
2
[12.] USA -0.9940391112792324
[6.005] USA -0.993998632754274
[0.01] USA -0.9954191445210666
[0.01] USA -0.995418761140747
[0.01000001] USA -0.9954187344270614
[12.] USA -0.994019111345518
[11.99999999] USA -0.9940081318529739
[12.] EUR -1.042138642749046
[6.005] EUR -1.0421004938226786
[0.01] EUR -1.0182670839434171
[12.] EUR -1.0421362530174703
[11.99999999] EUR -1.0421290862696249
[12.] JAP -1.0410474817925488
[6.005] JAP -1.0410501324889672
[0.01] JAP -1.0066889040605487
[6.005] JAP -1.0410235202874023
[6.00500001] JAP -1.0410399994002986
[12.] JAP -1.04105709713569
[9.00250002] JAP -1.041035441924112
[7.50375001] JAP -1.041041157526268
[6.75437501] JAP -1.0410418159399573
[6.37968752] JAP -1.0410452657638436
[6.19234377] JAP -1.041039631179501
[6.09867189] JAP -1.0410544828991335
[6.05183596] JAP -1.0410491032541374
[6.02841799] JAP -1.0410562362800755
[6.01670901] JAP -1.0410431871995867
[6.01085451] JAP -1.0410331865311946
[6.01085453] JAP -1.0410321221486558
[6.01049931] JAP -1.041029611750407
[6.01067694] JAP -1.0410469630348667
[6.01076563] JAP -1.0410485847430444
[6.01080996] JAP -1.0410480982945265
[6.01083213] JAP -1.0410534133856832
[6.01084318] JAP -1.0410506722044357
[6.01084872] JAP -1.0410503477757904
[6.01085149] JAP -1.0410456102644805
[6.01085291] JAP -1.0410306210182447
[6.01085373] JAP -1.041027636392854
[6.01085416] JAP -1.0410382706274663
[12.] CHN -1.0385465697753309
[6.005] CHN -1.0385259754893763
[0.01] CHN -0.9872783826753808
[12.] CHN -1.0385253727250368
[11.99999999] CHN -1.0385373536690425
[6.005] CHN -1.038517293990199
[9.00250001] CHN -1.0385340795975635
[10.50125] CHN -1.0385386250227508
[11.25062499] CHN -1.0385349181762664
[11.62531249] CHN -1.0385408619617091
[11.81265623] CHN -1.0385327242583267
[11.90632811] CHN -1.0385412372300566
[11.95316405] CHN -1.0385289302894716
[11.97658202] CHN -1.038530549363509
[11.98829101] CHN -1.0385492112798442
[11.99414549] CHN -1.038532018240364
[11.9941455] CHN -1.0385393895071127
[11.99637548] CHN -1.0385414101172508
[11.99526049] CHN -1.03852804711678
[11.99470299] CHN -1.0385402125236443
[11.99442425] CHN -1.0385360959032834
[11.99428487] CHN -1.0385348003172619
[11.99421518] CHN -1.0385314559027055
[11.99418034] CHN -1.0385300216541695
[11.99416291] CHN -1.0385181275067668
[11.99415419] CHN -1.038543710132127
[11.99414985] CHN -1.0385451595599415
[11.99414768] CHN -1.0385345719244017
[11.9941477] CHN -1.0385391769372312
[11.99415133] CHN -1.0385388902672128
[11.99414952] CHN -1.0385317001394905
[11.99414859] CHN -1.0385421412324967
[11.99414815] CHN -1.0385454329874682
[11.99414794] CHN -1.0385306745333118
[11.9941478] CHN -1.0385359525196913
[11.99414774] CHN -1.0385476740259387
[12.] BRA -1.0363921713553672
[6.005] BRA -1.0363866830457127
[0.01] BRA -0.9938454551637409
[12.] BRA -1.0363964362343558
[11.99999999] BRA -1.0363925747901745
[12.] IND -1.0349681808702573
[6.005] IND -1.034961947101174
[0.01] IND -0.9834745530727311
[12.] IND -1.0349662330202134
[11.99999999] IND -1.034967748689265
[6.005] IND -1.0349624888117346
[9.00250002] IND -1.0349632338699777
[10.50125002] IND -1.0349687020787806
[11.250625] IND -1.0349696565912494
[11.62531248] IND -1.0349688393171113
[11.81265623] IND -1.0349697699207165
[11.9063281] IND -1.0349673408714744
[11.95316404] IND -1.0349684424594152
[11.97658201] IND -1.034968110616165
[11.988291] IND -1.034968219040164
[11.99414549] IND -1.0349649411581492
[11.9941455] IND -1.0349700964571855
[11.99866983] IND -1.034972475874929
[11.99640767] IND -1.0349694877760547
[11.99527659] IND -1.0349669062544715
[11.99471104] IND -1.034968785239595
[11.99442827] IND -1.0349686392898392
[11.99428688] IND -1.0349677600163458
[11.99421619] IND -1.0349661475143426
[11.99418084] IND -1.0349657831748569
[11.99416317] IND -1.0349698711565434
[11.99415433] IND -1.0349690122496358
[11.99414992] IND -1.0349687359190751
[11.99414993] IND -1.034966390321443
[11.99414853] IND -1.0349664586674152
[11.99414923] IND -1.034962736772937
[11.99414959] IND -1.0349651977646743
[11.99414977] IND -1.0349629338253339
[11.99414986] IND -1.0349666289962223
[11.99414989] IND -1.0349677293227437
[11.99414991] IND -1.0349693934525672
[12.] CAN -1.0478755149482848
[6.005] CAN -1.0478359550486582
[0.01] CAN -0.9986576181722404
[12.] CAN -1.047875206857273
[11.99999999] CAN -1.0478951514788637
[6.00500039] CAN -1.0478780059910016
[9.0025002] CAN -1.0478569049399278
[10.5012501] CAN -1.0478935309590802
[11.25062505] CAN -1.047900077773204
[11.62531251] CAN -1.0478815597101343
[11.81265625] CAN -1.047884663998094
[11.90632812] CAN -1.047853223342122
[11.95316407] CAN -1.04789070053036
[11.97658203] CAN -1.0478742707553945
[11.98829101] CAN -1.0478890312747404
[11.9941455] CAN -1.0478875375017687
[11.99414552] CAN -1.0478803254461837
[11.99082936] CAN -1.0478906819927247
[11.99248743] CAN -1.0478582664303688
[11.9933165] CAN -1.0478888011788705
[11.993731] CAN -1.0478962359451274
[11.99393824] CAN -1.0478680982183604
[11.99404189] CAN -1.0478487333630986
[11.99409374] CAN -1.047863145489949
[11.99411964] CAN -1.047874471998076
[11.99413259] CAN -1.0478679890389015
[11.99413906] CAN -1.047886692011234
[11.99414228] CAN -1.0478711483273215
[11.9941423] CAN -1.0478785493157319
[11.99414391] CAN -1.0478709439240297
[11.9941431] CAN -1.0478693571579367
[11.99414269] CAN -1.0478765366082015
[11.99414249] CAN -1.0478852404967236
[12.] KOR -1.048198637381657
[6.005] KOR -1.0481623608771464
[0.01] KOR -1.005881159451882
[12.] KOR -1.048195558883638
[11.99999999] KOR -1.048204506124351
[6.005] KOR -1.0481828548279737
[9.00250001] KOR -1.0481804566324522
[10.50125002] KOR -1.048194899388596
[11.25062501] KOR -1.048208837758631
[11.62531249] KOR -1.048199824788245
[11.81265624] KOR -1.0482240924733417
[11.9063281] KOR -1.048218754798668
[11.95316403] KOR -1.0481976195972114
[11.97658201] KOR -1.0482028631206388
[11.988291] KOR -1.0482190313792397
[11.99414548] KOR -1.0482080108505394
[11.9941455] KOR -1.048207839609611
[11.99403124] KOR -1.0482262077693842
[11.99408756] KOR -1.048204829067324
[11.99411666] KOR -1.0482037589480777
[11.99413125] KOR -1.0481919899503327
[11.994139] KOR -1.048230687193088
[11.99413902] KOR -1.0481861668664088
[11.84564019] KOR -1.0482044559342147
[11.9198896] KOR -1.0481833358074288
[11.95701431] KOR -1.0482200768407786
[11.97557666] KOR -1.0482041343444284
[11.98485783] KOR -1.0481714152575412
[11.98949843] KOR -1.048227724904798
[11.99181871] KOR -1.0482215900716236
[11.99297886] KOR -1.0481910194478727
[11.99355894] KOR -1.048218858062491
[11.99384897] KOR -1.048229101094476
[11.99399399] KOR -1.048209387349287
[11.993994] KOR -1.0482033940839979
[11.99397143] KOR -1.0482266384000718
[11.99398269] KOR -1.0482257687346488
[11.99398832] KOR -1.048213819982881
[11.99399115] KOR -1.0482193760588132
[11.99399255] KOR -1.0482174570820435
[11.99399326] KOR -1.0481981441358401
[11.99399364] KOR -1.0481989529364837
[11.99399382] KOR -1.0482071733889156
[11.99399391] KOR -1.0482063491467073
[11.99399395] KOR -1.0482026279590348
[11.99399397] KOR -1.0482136922611218
[12.] RUS -1.0354729653408263
[6.005] RUS -1.035470947464673
[0.01] RUS -0.9917379881801172
[12.] RUS -1.0354777911163229
[11.99999999] RUS -1.0354761467660125
[12.] MEX -1.036008469482681
[6.005] MEX -1.0360055108051047
[0.01] MEX -0.9904424365376461
[12.] MEX -1.0360112439119165
[11.99999999] MEX -1.0360121686614798
[6.005] MEX -1.0360034996701115
[9.00250006] MEX -1.0360082796452585
[10.50125006] MEX -1.036012845346163
[11.25062501] MEX -1.0360107698728611
[11.62531251] MEX -1.0360114714115616
[11.81265625] MEX -1.0360144756090524
[11.9063281] MEX -1.0360124341030905
[11.95316404] MEX -1.0360154242047663
[11.97658199] MEX -1.036010068836319
[11.988291] MEX -1.0360124408900044
[11.99414549] MEX -1.0360061014671955
[11.99414551] MEX -1.0360101253286125
[11.99890596] MEX -1.0360107807940468
[11.99652574] MEX -1.0360084371466438
[11.99533562] MEX -1.0360198607604518
[11.99474058] MEX -1.0360092969696881
[11.99444304] MEX -1.0360070270793074
[11.99429427] MEX -1.0360082532766572
[11.99421988] MEX -1.0360091025484526
[11.99418269] MEX -1.0360138393042333
[11.99416411] MEX -1.036008483301257
[11.9941548] MEX -1.0360117301359764
[11.99415016] MEX -1.0360137222429509
[11.99415017] MEX -1.036014979266039
[11.99415228] MEX -1.0360114442303483
[11.9941512] MEX -1.0360122591256486
[11.99415067] MEX -1.036010962949878
[11.9941504] MEX -1.0360149428395662
[11.99415029] MEX -1.0360150749093968
[12.] ZAF -1.0355679228078352
[6.005] ZAF -1.0355678490979834
[0.01] ZAF -1.0044094679597209
[12.] ZAF -1.0355750373223898
[11.99999999] ZAF -1.035568358433645
[12.] ROW -1.0332346174730476
[6.005] ROW -1.0332334696084051
[0.01] ROW -0.9737815316566685
[12.] ROW -1.0332346666359278
[11.99999999] ROW -1.0332345392609865
ROW [[1.00000000e-02]
 [1.20000000e+01]
 [6.01085416e+00]
 [1.19941477e+01]
 [1.20000000e+01]
 [1.19941499e+01]
 [1.19941425e+01]
 [1.19939940e+01]
 [1.20000000e+01]
 [1.19941503e+01]
 [1.20000000e+01]
 [1.20000000e+01]]
0.0
  US Nash delta = 0.0100  -> complete protection: True

===== tau off-diagonal x 2.3 (patenting sector) =====
12  countries,  2  sectors 
Solving time : 0.06898825000098441 
Iterations :  289 
Deviation norm :  TODO 
Status :  successful 
Hit the bounds  0  times
0
[12.] USA -0.9938229597059257
[6.005] USA -0.9937839458075439
[0.01] USA -0.9962300723418409
[0.01] USA -0.99622998814347
[0.01000001] USA -0.9962296702746821
[12.] USA -0.9938333540100996
[11.99999999] USA -0.9938201368956772
[12.] EUR -0.9898360013855497
[6.005] EUR -0.9898225846091707
[0.01] EUR -0.9757200518536919
[12.] EUR -0.9898339835455268
[11.99999999] EUR -0.989828661802665
[12.] JAP -0.9890758656002934
[6.005] JAP -0.9890511571534323
[0.01] JAP -0.9681510379451567
[12.] JAP -0.9890660471837396
[11.99999999] JAP -0.9890627354589036
[12.] CHN -0.9871887713014222
[6.005] CHN -0.9871844181691396
[0.01] CHN -0.9528082241767095
[12.] CHN -0.9871859427800644
[11.99999999] CHN -0.987188295391825
[6.005] CHN -0.9871841506408795
/Users/slepot/anaconda/envs/TRIPS/lib/python3.12/multiprocessing/resource_tracker.py:254: UserWarning: resource_tracker: There appear to be 5 leaked semaphore objects to clean up at shutdown
  warnings.warn('resource_tracker: There appear to be %d '
