new-fee UUPCOST rescale ratio = 1.04664

RUNNING 4 mono configs


========================================================================
  label: base
  calib_parameters: ['delta', 'T', 'eta']
  delta_free_by_sector: [0, 12]
  fe_free: 0
  fo_free: 0
  nu_free: 0
  moments: ['SPFLOW', 'DOMPATINUS', 'OUT', 'RD', 'RP', 'SRGDP', 'UUPCOST']
  weights: {'SPFLOW': 1, 'DOMPATINUS': 1, 'OUT': 5, 'RD': 10, 'RP': 1, 'SRGDP': 1, 'UUPCOST': 1}
  r_hjort_recomputed_for_1992: True
  UUPCOST_target_newfee: 0.0016339
  nu_seed_patent: 0.05387
  [base] initial solve: successful | obj=3.7671
fe :  [0.08263491] fo :  [0.05270316] delta :  [[0.0796478 ]
 [0.08649414]
 [0.09691331]
 [0.13603759]
 [0.15560797]
 [0.2222137 ]
 [0.06533472]
 [0.05940816]
 [0.21006018]
 [0.18912276]
 [0.15536466]
 [1.40461998]] nu :  [0.05386976] k : [1.10274735 1.25136328] theta : [6.23952397] sigma : [2.9] zeta : [0.00858743] rho : 0.02 kappa : 0.5
   Iteration     Total nfev        Cost      Cost reduction    Step norm     Optimality   
       0              1         7.0956e+00                                    4.57e+07    
       1              2         5.2613e+00      1.83e+00       2.83e+05       3.24e+07    
       2              3         4.0759e+00      1.19e+00       4.32e-03       1.63e+07    
       3              4         3.3408e+00      7.35e-01       7.35e-03       6.33e+06    
fe :  [0.08263491] fo :  [0.05270316] delta :  [[0.08357744]
 [0.08826594]
 [0.09694014]
 [0.15068567]
 [0.1666745 ]
 [0.26296089]
 [0.06324223]
 [0.06424171]
 [0.24744238]
 [0.19662493]
 [0.15302573]
 [1.39013069]] nu :  [0.05386976] k : [1.10274735 1.25136328] theta : [6.23952397] sigma : [2.9] zeta : [0.00858743] rho : 0.02 kappa : 0.5
       4              5         3.1090e+00      2.32e-01       7.21e-03       1.03e+06    
       5              6         1.5295e+00      1.58e+00       1.23e+04       1.34e+05    
       6              8         1.2425e+00      2.87e-01       2.60e+04       3.00e+06    
       7              9         1.1488e+00      9.38e-02       1.00e+04       3.36e+06    
fe :  [0.08263491] fo :  [0.05270316] delta :  [[0.10292184]
 [0.11090234]
 [0.10163935]
 [0.2124426 ]
 [0.18547613]
 [0.44738046]
 [0.04402344]
 [0.0763148 ]
 [0.40807041]
 [0.20863213]
 [0.12521854]
 [1.253318  ]] nu :  [0.05386976] k : [1.10274735 1.25136328] theta : [6.23952397] sigma : [2.9] zeta : [0.00858743] rho : 0.02 kappa : 0.5
       8             10         1.1448e+00      3.93e-03       2.17e+02       2.89e+06    
       9             11         1.1346e+00      1.02e-02       6.20e+02       2.52e+06    
      10             12         1.0709e+00      6.37e-02       1.07e+04       8.02e+05    
      11             13         1.0547e+00      1.63e-02       1.26e+04       3.62e+05    
fe :  [0.08263491] fo :  [0.05270316] delta :  [[0.10204325]
 [0.10300933]
 [0.0945652 ]
 [0.20261663]
 [0.17632883]
 [0.42816214]
 [0.03908099]
 [0.07111671]
 [0.39031012]
 [0.19576938]
 [0.1149138 ]
 [1.18437986]] nu :  [0.05386976] k : [1.10274735 1.25136328] theta : [6.23952397] sigma : [2.9] zeta : [0.00858743] rho : 0.02 kappa : 0.5
      12             20         1.0535e+00      1.13e-03       1.01e+02       8.00e+05    
      13             23         1.0521e+00      1.41e-03       2.10e+00       1.11e+05    
      14             24         1.0521e+00      2.12e-05       4.26e-01       9.92e+04    
      15             28         1.0521e+00      4.33e-05       2.03e-03       2.66e+03    
fe :  [0.08263491] fo :  [0.05270316] delta :  [[0.10303354]
 [0.10644601]
 [0.09729637]
 [0.20765525]
 [0.18046223]
 [0.43665833]
 [0.04085765]
 [0.07341678]
 [0.39765023]
 [0.20093189]
 [0.11908371]
 [1.20824614]] nu :  [0.05386976] k : [1.10274735 1.25136328] theta : [6.23952397] sigma : [2.9] zeta : [0.00858743] rho : 0.02 kappa : 0.5
      16             30         1.0521e+00      3.39e-07       1.33e-04       4.43e+01    
      17             31         1.0521e+00      2.00e-08       3.31e-05       7.82e-02    
      18             32         1.0521e+00      9.84e-08       7.67e-06       6.36e+02    
`xtol` termination condition is satisfied.
Function evaluations 32, initial cost 7.0956e+00, final cost 1.0521e+00, first-order optimality 6.36e+02.
   Iteration     Total nfev        Cost      Cost reduction    Step norm     Optimality   
       0              1         1.0521e+00                                    6.00e-02    
fe :  [0.08263491] fo :  [0.05270316] delta :  [[0.10319747]
 [0.10585253]
 [0.09694401]
 [0.20660509]
 [0.17966777]
 [0.43468966]
 [0.04063848]
 [0.07299531]
 [0.39676234]
 [0.20055436]
 [0.1185852 ]
 [1.21659702]] nu :  [0.05386976] k : [1.10274735 1.25136328] theta : [6.23952397] sigma : [2.9] zeta : [0.00858743] rho : 0.02 kappa : 0.5
       1             11         1.0520e+00      8.93e-05       2.87e-01       1.77e+05    
       2             16         1.0520e+00      1.44e-05       3.55e-04       2.64e+03    
       3             19         1.0520e+00      1.22e-07       2.62e-05       3.39e+02    
fe :  [0.08263491] fo :  [0.05270316] delta :  [[0.102612  ]
 [0.10519253]
 [0.09652504]
 [0.20548762]
 [0.17864877]
 [0.43241595]
 [0.04018353]
 [0.07235883]
 [0.39465725]
 [0.19923291]
 [0.1178373 ]
 [1.20868176]] nu :  [0.05386976] k : [1.10274735 1.25136328] theta : [6.23952397] sigma : [2.9] zeta : [0.00858743] rho : 0.02 kappa : 0.5
       4             20         1.0520e+00      5.14e-08       5.76e-06       8.01e+02    
`xtol` termination condition is satisfied.
Function evaluations 20, initial cost 1.0521e+00, final cost 1.0520e+00, first-order optimality 8.01e+02.
   Iteration     Total nfev        Cost      Cost reduction    Step norm     Optimality   
       0              1         1.0520e+00                                    1.66e-02    
       1              8         1.0519e+00      2.75e-05       3.67e-01       2.08e+05    
       2              9         1.0518e+00      1.15e-04       1.03e-01       6.16e+03    
fe :  [0.08263491] fo :  [0.05270316] delta :  [[0.10221878]
 [0.10425758]
 [0.09565536]
 [0.20440242]
 [0.17766487]
 [0.43130459]
 [0.03955362]
 [0.07173001]
 [0.39198201]
 [0.1973852 ]
 [0.11649971]
 [1.19298135]] nu :  [0.05386976] k : [1.10274735 1.25136328] theta : [6.23952397] sigma : [2.9] zeta : [0.00858743] rho : 0.02 kappa : 0.5
       3             10         1.0518e+00      2.13e-05       1.72e-01       2.06e+04    
       4             11         1.0517e+00      9.03e-05       3.28e-01       6.13e+03    
       5             13         1.0517e+00      7.04e-06       6.16e-02       1.04e+05    
       6             18         1.0517e+00      3.57e-07       3.59e-05       1.07e+02    
       7             20         1.0517e+00      0.00e+00       0.00e+00       1.07e+02    
`xtol` termination condition is satisfied.
Function evaluations 20, initial cost 1.0520e+00, final cost 1.0517e+00, first-order optimality 1.07e+02.
fe :  [0.08263491] fo :  [0.05270316] delta :  [[0.10147921]
 [0.1021767 ]
 [0.09377429]
 [0.2012176 ]
 [0.17482171]
 [0.42515453]
 [0.03830108]
 [0.07012542]
 [0.38641436]
 [0.19434059]
 [0.11438123]
 [1.17568017]] nu :  [0.05386976] k : [1.10274735 1.25136328] theta : [6.23952397] sigma : [2.9] zeta : [0.00858743] rho : 0.02 kappa : 0.5
   Iteration     Total nfev        Cost      Cost reduction    Step norm     Optimality   
       0              1         1.0517e+00                                    4.15e+02    
       1              5         1.0510e+00      6.97e-04       2.39e+03       3.44e+05    
       2              6         1.0496e+00      1.46e-03       2.90e+03       1.76e+04    
       3              7         1.0486e+00      9.53e-04       6.33e+03       7.54e+03    
fe :  [0.08263491] fo :  [0.05270316] delta :  [[0.10195757]
 [0.10388195]
 [0.09519852]
 [0.20377475]
 [0.17711255]
 [0.43009712]
 [0.03931575]
 [0.0714209 ]
 [0.3909023 ]
 [0.19680158]
 [0.11609848]
 [1.18954413]] nu :  [0.05386976] k : [1.10274735 1.25136328] theta : [6.23952397] sigma : [2.9] zeta : [0.00858743] rho : 0.02 kappa : 0.5
       4             17         1.0486e+00      3.80e-06       4.47e-04       7.29e+02    
       5             18         1.0486e+00      5.08e-07       8.50e-05       8.95e-03    
       6             19         1.0486e+00      1.01e-06       2.52e-04       5.79e+01    
       7             20         1.0486e+00      1.01e-06       2.44e-04       6.76e+02    
fe :  [0.08263491] fo :  [0.05270316] delta :  [[0.10192128]
 [0.10384576]
 [0.0951592 ]
 [0.20371182]
 [0.17705855]
 [0.42998763]
 [0.03930066]
 [0.07139192]
 [0.39079619]
 [0.19674217]
 [0.11606054]
 [1.18934743]] nu :  [0.05386976] k : [1.10274735 1.25136328] theta : [6.23952397] sigma : [2.9] zeta : [0.00858743] rho : 0.02 kappa : 0.5
       8             21         1.0486e+00      2.17e-06       3.57e-04       5.97e+02    
       9             36         1.0486e+00      2.90e-11       5.23e-10       2.89e+02    
`ftol` termination condition is satisfied.
Function evaluations 36, initial cost 1.0517e+00, final cost 1.0486e+00, first-order optimality 2.89e+02.
   Iteration     Total nfev        Cost      Cost reduction    Step norm     Optimality   
       0              1         1.0486e+00                                    8.81e-03    
       1             12         1.0485e+00      7.54e-05       2.60e-01       2.93e+05    
fe :  [0.08263491] fo :  [0.05270316] delta :  [[0.10164873]
 [0.10292684]
 [0.09427472]
 [0.20225971]
 [0.17569817]
 [0.42715514]
 [0.03869129]
 [0.07066055]
 [0.38870253]
 [0.19547606]
 [0.11521399]
 [1.18279378]] nu :  [0.05386976] k : [1.10274735 1.25136328] theta : [6.23952397] sigma : [2.9] zeta : [0.00858743] rho : 0.02 kappa : 0.5
       2             13         1.0485e+00      3.58e-05       6.81e-02       5.44e+04    
       3             14         1.0485e+00      7.59e-06       2.44e-02       4.71e+03    
       4             23         1.0485e+00      2.47e-09       1.00e-06       8.78e+02    
`ftol` termination condition is satisfied.
Function evaluations 23, initial cost 1.0486e+00, final cost 1.0485e+00, first-order optimality 8.78e+02.
   Iteration     Total nfev        Cost      Cost reduction    Step norm     Optimality   
       0              1         1.0485e+00                                    8.87e-03    
fe :  [0.08263491] fo :  [0.05270316] delta :  [[0.10108908]
 [0.10111623]
 [0.09265669]
 [0.19960894]
 [0.17346934]
 [0.4223322 ]
 [0.03768954]
 [0.06930084]
 [0.38380891]
 [0.19288881]
 [0.1132771 ]
 [1.1682129 ]] nu :  [0.05386976] k : [1.10274735 1.25136328] theta : [6.23952397] sigma : [2.9] zeta : [0.00858743] rho : 0.02 kappa : 0.5
       1             12         1.0485e+00      1.94e-06       3.09e-01       2.83e+05    
       2             14         1.0484e+00      3.78e-05       9.60e-03       2.91e+04    
       3             16         1.0484e+00      6.01e-06       7.12e-04       5.97e+03    
fe :  [0.08263491] fo :  [0.05270316] delta :  [[0.10143915]
 [0.10241273]
 [0.09383716]
 [0.20151503]
 [0.17509802]
 [0.42570566]
 [0.03840086]
 [0.07021592]
 [0.38737191]
 [0.19476815]
 [0.11468934]
 [1.17610575]] nu :  [0.05386976] k : [1.10274735 1.25136328] theta : [6.23952397] sigma : [2.9] zeta : [0.00858743] rho : 0.02 kappa : 0.5
       4             26         1.0484e+00      2.49e-09       2.76e-07       7.14e+02    
`ftol` termination condition is satisfied.
Function evaluations 26, initial cost 1.0485e+00, final cost 1.0484e+00, first-order optimality 7.14e+02.
  [base] DONE obj=1.4481 (successful) nu_patent=0.0539 -> calibration_results_matched_economy/baseline_2000_variations/pre_trips_tries_mono_newfee/base/

========================================================================
  label: fefo
  calib_parameters: ['delta', 'T', 'eta', 'fe', 'fo']
  delta_free_by_sector: [0, 12]
  fe_free: 1
  fo_free: 1
  nu_free: 0
  moments: ['SPFLOW', 'DOMPATINUS', 'OUT', 'RD', 'RP', 'SRGDP', 'UUPCOST']
  weights: {'SPFLOW': 1, 'DOMPATINUS': 1, 'OUT': 5, 'RD': 10, 'RP': 1, 'SRGDP': 1, 'UUPCOST': 1}
  r_hjort_recomputed_for_1992: True
  UUPCOST_target_newfee: 0.0016339
  nu_seed_patent: 0.05387
  [fefo] initial solve: successful | obj=3.7671
fe :  [0.08263491] fo :  [0.05270316] delta :  [[0.0796478 ]
 [0.08649414]
 [0.09691331]
 [0.13603759]
 [0.15560797]
 [0.2222137 ]
 [0.06533472]
 [0.05940816]
 [0.21006018]
 [0.18912276]
 [0.15536466]
 [1.40461998]] nu :  [0.05386976] k : [1.10274735 1.25136328] theta : [6.23952397] sigma : [2.9] zeta : [0.00858743] rho : 0.02 kappa : 0.5
   Iteration     Total nfev        Cost      Cost reduction    Step norm     Optimality   
       0              1         7.0956e+00                                    4.57e+07    
       1              2         5.2583e+00      1.84e+00       2.83e+05       3.23e+07    
       2              3         4.0732e+00      1.19e+00       4.32e-03       1.63e+07    
fe :  [0.08500952] fo :  [0.05351801] delta :  [[0.08360938]
 [0.08825402]
 [0.09691296]
 [0.15053941]
 [0.16647912]
 [0.26276612]
 [0.06316887]
 [0.06412915]
 [0.24725383]
 [0.19640766]
 [0.15282703]
 [1.38906428]] nu :  [0.05386976] k : [1.10274735 1.25136328] theta : [6.23952397] sigma : [2.9] zeta : [0.00858743] rho : 0.02 kappa : 0.5
       3              4         3.3398e+00      7.33e-01       7.35e-03       6.33e+06    
       4              5         3.1077e+00      2.32e-01       7.22e-03       1.03e+06    
       5              6         1.7037e+00      1.40e+00       1.41e+04       3.33e+04    
       6              7         1.5605e+00      1.43e-01       7.55e+03       2.77e+04    
fe :  [0.31702632] fo :  [0.07920351] delta :  [[0.11066934]
 [0.10814824]
 [0.09717032]
 [0.20895857]
 [0.17857412]
 [0.4467012 ]
 [0.04055018]
 [0.07165379]
 [0.40653913]
 [0.20156176]
 [0.12029213]
 [1.2452187 ]] nu :  [0.05386976] k : [1.10274735 1.25136328] theta : [6.23952397] sigma : [2.9] zeta : [0.00858743] rho : 0.02 kappa : 0.5
       7              8         1.1706e+00      3.90e-01       2.05e+04       5.99e+05    
       8              9         1.1646e+00      6.01e-03       4.62e+03       3.65e+05    
       9             10         1.1644e+00      1.76e-04       7.83e+03       5.11e+05    
      10             11         1.0896e+00      7.49e-02       1.10e+04       9.13e+06    
fe :  [0.1037567] fo :  [0.04755978] delta :  [[0.11236786]
 [0.11076514]
 [0.0999385 ]
 [0.21122001]
 [0.18387841]
 [0.4435196 ]
 [0.04224321]
 [0.07536674]
 [0.40496886]
 [0.20484039]
 [0.12127454]
 [1.23169715]] nu :  [0.05386976] k : [1.10274735 1.25136328] theta : [6.23952397] sigma : [2.9] zeta : [0.00858743] rho : 0.02 kappa : 0.5
      11             12         1.0514e+00      3.82e-02       7.96e+03       6.87e+04    
      12             13         1.0512e+00      2.30e-04       2.88e+02       5.84e+05    
      13             15         1.0491e+00      2.03e-03       3.05e+02       2.49e+05    
      14             19         1.0478e+00      1.32e-03       1.47e-01       4.00e+04    
fe :  [0.06693313] fo :  [0.02777707] delta :  [[0.12031085]
 [0.11237911]
 [0.10259618]
 [0.21525224]
 [0.18754667]
 [0.44977691]
 [0.04377857]
 [0.07785766]
 [0.41042372]
 [0.20867698]
 [0.12408655]
 [1.2374604 ]] nu :  [0.05386976] k : [1.10274735 1.25136328] theta : [6.23952397] sigma : [2.9] zeta : [0.00858743] rho : 0.02 kappa : 0.5
      15             20         1.0473e+00      4.83e-04       1.63e-01       9.72e+04    
      16             21         1.0472e+00      1.49e-04       1.70e-01       1.07e+05    
      17             23         1.0472e+00      2.31e-05       1.66e-02       3.04e+04    
      18             24         1.0471e+00      3.28e-05       4.87e-03       2.94e+04    
fe :  [0.06130055] fo :  [0.02377483] delta :  [[0.12528113]
 [0.11765592]
 [0.10733374]
 [0.22271524]
 [0.19427388]
 [0.46356391]
 [0.04698036]
 [0.08187929]
 [0.42392797]
 [0.21588102]
 [0.12959676]
 [1.27325548]] nu :  [0.05386976] k : [1.10274735 1.25136328] theta : [6.23952397] sigma : [2.9] zeta : [0.00858743] rho : 0.02 kappa : 0.5
      19             32         1.0471e+00      8.95e-07       3.20e-05       1.54e+03    
      20             33         1.0471e+00      6.70e-09       6.48e-07       5.05e+02    
Both `ftol` and `xtol` termination conditions are satisfied.
Function evaluations 33, initial cost 7.0956e+00, final cost 1.0471e+00, first-order optimality 5.05e+02.
   Iteration     Total nfev        Cost      Cost reduction    Step norm     Optimality   
       0              1         1.0471e+00                                    1.45e+02    
       1             11         1.0471e+00      3.66e-07       2.17e-04       3.00e+03    
fe :  [0.06130029] fo :  [0.02377433] delta :  [[0.12532283]
 [0.11771923]
 [0.10739656]
 [0.22280969]
 [0.19437761]
 [0.46363833]
 [0.0470137 ]
 [0.08199641]
 [0.42397808]
 [0.21597005]
 [0.12967944]
 [1.27333462]] nu :  [0.05386976] k : [1.10274735 1.25136328] theta : [6.23952397] sigma : [2.9] zeta : [0.00858743] rho : 0.02 kappa : 0.5
       2             12         1.0471e+00      2.71e-08       5.46e-05       3.68e+03    
       3             13         1.0471e+00      9.73e-09       1.36e-05       8.26e+02    
       4             17         1.0471e+00      0.00e+00       0.00e+00       8.26e+02    
`xtol` termination condition is satisfied.
Function evaluations 17, initial cost 1.0471e+00, final cost 1.0471e+00, first-order optimality 8.26e+02.
   Iteration     Total nfev        Cost      Cost reduction    Step norm     Optimality   
       0              1         1.0471e+00                                    6.88e+01    
fe :  [0.06129997] fo :  [0.02377391] delta :  [[0.12532679]
 [0.11774206]
 [0.10741322]
 [0.22284699]
 [0.19441934]
 [0.46366575]
 [0.04701471]
 [0.08203302]
 [0.4239888 ]
 [0.21600327]
 [0.12970621]
 [1.27337086]] nu :  [0.05386976] k : [1.10274735 1.25136328] theta : [6.23952397] sigma : [2.9] zeta : [0.00858743] rho : 0.02 kappa : 0.5
       1             11         1.0471e+00      2.87e-08       8.55e-05       2.45e+03    
       2             12         1.0471e+00      2.17e-08       2.16e-05       5.71e+02    
       3             13         1.0471e+00      0.00e+00       0.00e+00       5.71e+02    
`xtol` termination condition is satisfied.
Function evaluations 13, initial cost 1.0471e+00, final cost 1.0471e+00, first-order optimality 5.71e+02.
   Iteration     Total nfev        Cost      Cost reduction    Step norm     Optimality   
       0              1         1.0471e+00                                    1.81e-02    
       1              6         1.0466e+00      4.98e-04       1.86e+00       1.06e+05    
fe :  [0.04361492] fo :  [0.01668793] delta :  [[0.13330687]
 [0.12516961]
 [0.11441002]
 [0.23402777]
 [0.20457765]
 [0.4823927 ]
 [0.05176173]
 [0.08815457]
 [0.44104826]
 [0.22699537]
 [0.13781941]
 [1.31876433]] nu :  [0.05386976] k : [1.10274735 1.25136328] theta : [6.23952397] sigma : [2.9] zeta : [0.00858743] rho : 0.02 kappa : 0.5
       2             10         1.0465e+00      1.25e-04       8.62e-03       1.06e+05    
       3             12         1.0465e+00      4.95e-06       2.10e-03       1.95e+04    
       4             13         1.0465e+00      3.98e-06       5.47e-04       2.69e+03    
       5             14         1.0465e+00      7.52e-07       5.32e-04       4.44e+03    
fe :  [0.04360259] fo :  [0.01660571] delta :  [[0.13357447]
 [0.12540768]
 [0.11464674]
 [0.23448053]
 [0.20502882]
 [0.48356708]
 [0.05198605]
 [0.08836317]
 [0.44200137]
 [0.22748244]
 [0.13811993]
 [1.32128523]] nu :  [0.05386976] k : [1.10274735 1.25136328] theta : [6.23952397] sigma : [2.9] zeta : [0.00858743] rho : 0.02 kappa : 0.5
       6             16         1.0465e+00      2.13e-08       3.40e-05       1.10e+02    
       7             17         1.0465e+00      3.66e-08       8.47e-06       4.17e+02    
       8             19         1.0465e+00      1.81e-09       2.11e-06       7.58e-02    
       9             20         1.0465e+00      2.61e-09       5.64e-07       2.88e+02    
`ftol` termination condition is satisfied.
Function evaluations 20, initial cost 1.0471e+00, final cost 1.0465e+00, first-order optimality 2.88e+02.
fe :  [0.04360252] fo :  [0.01660569] delta :  [[0.13357488]
 [0.12540811]
 [0.11464724]
 [0.23448092]
 [0.2050292 ]
 [0.48356949]
 [0.05198631]
 [0.08836356]
 [0.44200294]
 [0.22748282]
 [0.13812024]
 [1.32129496]] nu :  [0.05386976] k : [1.10274735 1.25136328] theta : [6.23952397] sigma : [2.9] zeta : [0.00858743] rho : 0.02 kappa : 0.5
   Iteration     Total nfev        Cost      Cost reduction    Step norm     Optimality   
       0              1         1.0465e+00                                    1.07e+02    
       1             15         1.0465e+00      7.39e-10       7.02e-07       3.27e-02    
       2             16         1.0465e+00      8.10e-11       2.30e-07       4.57e+01    
       3             17         1.0465e+00      2.09e-10       1.01e-07       1.24e-01    
fe :  [0.04360251] fo :  [0.01660569] delta :  [[0.13357503]
 [0.12540827]
 [0.11464742]
 [0.23448106]
 [0.20502935]
 [0.48356974]
 [0.05198641]
 [0.08836371]
 [0.44200314]
 [0.22748297]
 [0.13812036]
 [1.32129544]] nu :  [0.05386976] k : [1.10274735 1.25136328] theta : [6.23952397] sigma : [2.9] zeta : [0.00858743] rho : 0.02 kappa : 0.5
       4             19         1.0465e+00      5.44e-11       2.73e-09       9.88e-02    
`ftol` termination condition is satisfied.
Function evaluations 19, initial cost 1.0465e+00, final cost 1.0465e+00, first-order optimality 9.88e-02.
   Iteration     Total nfev        Cost      Cost reduction    Step norm     Optimality   
       0              1         1.0465e+00                                    1.27e-01    
       1             19         1.0465e+00      5.81e-11       2.73e-09       9.92e-02    
`ftol` termination condition is satisfied.
Function evaluations 19, initial cost 1.0465e+00, final cost 1.0465e+00, first-order optimality 9.92e-02.
  [fefo] DONE obj=1.4467 (successful) nu_patent=0.0539 -> calibration_results_matched_economy/baseline_2000_variations/pre_trips_tries_mono_newfee/fefo/

========================================================================
  label: nu
  calib_parameters: ['delta', 'T', 'eta', 'nu']
  delta_free_by_sector: [0, 12]
  fe_free: 0
  fo_free: 0
  nu_free: 1
  moments: ['SPFLOW', 'DOMPATINUS', 'OUT', 'RD', 'RP', 'SRGDP', 'UUPCOST', 'TO']
  weights: {'SPFLOW': 1, 'DOMPATINUS': 1, 'OUT': 5, 'RD': 10, 'RP': 1, 'SRGDP': 1, 'UUPCOST': 1, 'TO': 5}
  r_hjort_recomputed_for_1992: True
  UUPCOST_target_newfee: 0.0016339
  nu_seed_patent: 0.05387
  [nu] initial solve: successful | obj=4.0254
fe :  [0.08263491] fo :  [0.05270316] delta :  [[0.0796478 ]
 [0.08649414]
 [0.09691331]
 [0.13603759]
 [0.15560797]
 [0.2222137 ]
 [0.06533472]
 [0.05940816]
 [0.21006018]
 [0.18912276]
 [0.15536466]
 [1.40461998]] nu :  [0.05386976] k : [1.10274735 1.25136328] theta : [6.23952397] sigma : [2.9] zeta : [0.00858743] rho : 0.02 kappa : 0.5
   Iteration     Total nfev        Cost      Cost reduction    Step norm     Optimality   
       0              1         8.1019e+00                                    5.81e+07    
       1              2         3.9141e+00      4.19e+00       6.95e+04       2.83e+07    
       2              3         1.3683e+00      2.55e+00       1.74e+04       3.05e+06    
       3              4         1.2463e+00      1.22e-01       1.92e+04       2.05e+06    
fe :  [0.08263491] fo :  [0.05270316] delta :  [[0.10668708]
 [0.11087112]
 [0.10046239]
 [0.21776311]
 [0.18693186]
 [0.44938931]
 [0.04459469]
 [0.07756539]
 [0.41262876]
 [0.20844469]
 [0.12513776]
 [1.26782573]] nu :  [0.05567912] k : [1.10274735 1.25136328] theta : [6.23952397] sigma : [2.9] zeta : [0.00858743] rho : 0.02 kappa : 0.5
       4              5         1.1373e+00      1.09e-01       2.96e+04       1.13e+06    
       5              7         1.0780e+00      5.93e-02       9.37e+01       4.22e+05    
       6              8         1.0559e+00      2.21e-02       2.37e+04       1.40e+06    
fe :  [0.08263491] fo :  [0.05270316] delta :  [[0.10240457]
 [0.10205648]
 [0.09260791]
 [0.20107266]
 [0.17457539]
 [0.42601107]
 [0.03758028]
 [0.06974466]
 [0.38792485]
 [0.19452492]
 [0.11407846]
 [1.179787  ]] nu :  [0.05489537] k : [1.10274735 1.25136328] theta : [6.23952397] sigma : [2.9] zeta : [0.00858743] rho : 0.02 kappa : 0.5
       7             11         1.0532e+00      2.73e-03       9.91e+02       1.91e+06    
       8             13         1.0518e+00      1.38e-03       1.01e+02       1.81e+06    
       9             14         1.0486e+00      3.24e-03       1.96e+01       1.20e+05    
      10             17         1.0483e+00      2.29e-04       4.55e-01       2.86e+04    
fe :  [0.08263491] fo :  [0.05270316] delta :  [[0.10203047]
 [0.10070577]
 [0.09197112]
 [0.19951847]
 [0.17307171]
 [0.42189938]
 [0.03665793]
 [0.06872052]
 [0.38427061]
 [0.19274329]
 [0.11281249]
 [1.17172101]] nu :  [0.05493096] k : [1.10274735 1.25136328] theta : [6.23952397] sigma : [2.9] zeta : [0.00858743] rho : 0.02 kappa : 0.5
      11             18         1.0483e+00      3.31e-06       8.61e-01       2.37e+04    
      12             24         1.0483e+00      4.30e-07       4.39e-05       4.19e+02    
      13             25         1.0483e+00      6.32e-08       1.34e-05       5.33e+03    
`xtol` termination condition is satisfied.
Function evaluations 25, initial cost 8.1019e+00, final cost 1.0483e+00, first-order optimality 5.33e+03.
   Iteration     Total nfev        Cost      Cost reduction    Step norm     Optimality   
       0              1         1.0483e+00                                    5.02e+03    
fe :  [0.08263491] fo :  [0.05270316] delta :  [[0.10305551]
 [0.10445775]
 [0.09525828]
 [0.20504333]
 [0.17816537]
 [0.43192963]
 [0.03896715]
 [0.07167357]
 [0.39479118]
 [0.19877723]
 [0.11688236]
 [1.20126043]] nu :  [0.05488772] k : [1.10274735 1.25136328] theta : [6.23952397] sigma : [2.9] zeta : [0.00858743] rho : 0.02 kappa : 0.5
       1              3         1.0444e+00      3.89e-03       2.02e+04       4.00e+05    
       2              9         1.0438e+00      5.95e-04       1.46e+00       2.67e+05    
       3             11         1.0438e+00      9.30e-05       3.27e-01       1.37e+05    
       4             12         1.0436e+00      1.40e-04       8.19e-02       2.50e+04    
fe :  [0.08263491] fo :  [0.05270316] delta :  [[0.10200534]
 [0.10062699]
 [0.09199956]
 [0.19937063]
 [0.17302912]
 [0.42146405]
 [0.03666466]
 [0.06877252]
 [0.38309808]
 [0.19266751]
 [0.11277851]
 [1.16999318]] nu :  [0.05493308] k : [1.10274735 1.25136328] theta : [6.23952397] sigma : [2.9] zeta : [0.00858743] rho : 0.02 kappa : 0.5
       5             16         1.0436e+00      3.17e-06       1.10e-03       1.50e+04    
       6             19         1.0436e+00      1.77e-07       1.89e-05       6.26e-01    
`xtol` termination condition is satisfied.
Function evaluations 19, initial cost 1.0483e+00, final cost 1.0436e+00, first-order optimality 6.26e-01.
   Iteration     Total nfev        Cost      Cost reduction    Step norm     Optimality   
       0              1         1.0436e+00                                    1.08e+00    
       1             15         1.0436e+00      0.00e+00       0.00e+00       1.08e+00    
`xtol` termination condition is satisfied.
Function evaluations 15, initial cost 1.0436e+00, final cost 1.0436e+00, first-order optimality 1.08e+00.
   Iteration     Total nfev        Cost      Cost reduction    Step norm     Optimality   
       0              1         1.0436e+00                                    4.85e-01    
fe :  [0.08263491] fo :  [0.05270316] delta :  [[0.10201107]
 [0.10063768]
 [0.09200855]
 [0.19948407]
 [0.17312116]
 [0.42167514]
 [0.03667241]
 [0.0687773 ]
 [0.38402161]
 [0.19326261]
 [0.11318309]
 [1.17048257]] nu :  [0.05493178] k : [1.10274735 1.25136328] theta : [6.23952397] sigma : [2.9] zeta : [0.00858743] rho : 0.02 kappa : 0.5
       1             28         1.0436e+00      5.86e-11       3.29e-11       1.34e-01    
`ftol` termination condition is satisfied.
Function evaluations 28, initial cost 1.0436e+00, final cost 1.0436e+00, first-order optimality 1.34e-01.
   Iteration     Total nfev        Cost      Cost reduction    Step norm     Optimality   
       0              1         1.0436e+00                                    1.08e+00    
       1             24         1.0436e+00      2.08e-11       1.30e-10       9.38e-01    
`ftol` termination condition is satisfied.
Function evaluations 24, initial cost 1.0436e+00, final cost 1.0436e+00, first-order optimality 9.38e-01.
fe :  [0.08263491] fo :  [0.05270316] delta :  [[0.10200797]
 [0.10063072]
 [0.09200379]
 [0.19937504]
 [0.17303348]
 [0.42146866]
 [0.03666858]
 [0.06877603]
 [0.38310513]
 [0.19267469]
 [0.11278584]
 [1.16999748]] nu :  [0.05493311] k : [1.10274735 1.25136328] theta : [6.23952397] sigma : [2.9] zeta : [0.00858743] rho : 0.02 kappa : 0.5
   Iteration     Total nfev        Cost      Cost reduction    Step norm     Optimality   
       0              1         1.0436e+00                                    1.08e+00    
       1             24         1.0436e+00      2.08e-11       1.30e-10       9.38e-01    
`ftol` termination condition is satisfied.
Function evaluations 24, initial cost 1.0436e+00, final cost 1.0436e+00, first-order optimality 9.38e-01.
  [nu] DONE obj=1.4447 (successful) nu_patent=0.0549 -> calibration_results_matched_economy/baseline_2000_variations/pre_trips_tries_mono_newfee/nu/

========================================================================
  label: all
  calib_parameters: ['delta', 'T', 'eta', 'fe', 'fo', 'nu']
  delta_free_by_sector: [0, 12]
  fe_free: 1
  fo_free: 1
  nu_free: 1
  moments: ['SPFLOW', 'DOMPATINUS', 'OUT', 'RD', 'RP', 'SRGDP', 'UUPCOST', 'TO']
  weights: {'SPFLOW': 1, 'DOMPATINUS': 1, 'OUT': 5, 'RD': 10, 'RP': 1, 'SRGDP': 1, 'UUPCOST': 1, 'TO': 5}
  r_hjort_recomputed_for_1992: True
  UUPCOST_target_newfee: 0.0016339
  nu_seed_patent: 0.05387
  [all] initial solve: successful | obj=4.0254
fe :  [0.08263491] fo :  [0.05270316] delta :  [[0.0796478 ]
 [0.08649414]
 [0.09691331]
 [0.13603759]
 [0.15560797]
 [0.2222137 ]
 [0.06533472]
 [0.05940816]
 [0.21006018]
 [0.18912276]
 [0.15536466]
 [1.40461998]] nu :  [0.05386976] k : [1.10274735 1.25136328] theta : [6.23952397] sigma : [2.9] zeta : [0.00858743] rho : 0.02 kappa : 0.5
   Iteration     Total nfev        Cost      Cost reduction    Step norm     Optimality   
       0              1         8.1019e+00                                    5.81e+07    
       1              2         3.9038e+00      4.20e+00       6.97e+04       2.82e+07    
       2              3         1.3655e+00      2.54e+00       1.75e+04       3.03e+06    
fe :  [0.09031025] fo :  [0.04536209] delta :  [[0.11225125]
 [0.11021199]
 [0.10474206]
 [0.22119216]
 [0.19903942]
 [0.45494695]
 [0.05103264]
 [0.08194206]
 [0.4182828 ]
 [0.22135692]
 [0.13527491]
 [1.32507499]] nu :  [0.05579875] k : [1.10274735 1.25136328] theta : [6.23952397] sigma : [2.9] zeta : [0.00858743] rho : 0.02 kappa : 0.5
       3              4         1.1879e+00      1.78e-01       5.98e+04       1.25e+06    
       4              5         1.1755e+00      1.24e-02       6.91e+04       4.41e+06    
       5              6         1.1432e+00      3.23e-02       5.54e+03       4.20e+06    
       6              7         1.0861e+00      5.70e-02       1.72e+04       1.63e+06    
fe :  [0.03019413] fo :  [0.01311218] delta :  [[0.1327649 ]
 [0.1250748 ]
 [0.11461425]
 [0.23423442]
 [0.20483409]
 [0.4826984 ]
 [0.05249265]
 [0.08875892]
 [0.44056761]
 [0.22711423]
 [0.13782238]
 [1.32401677]] nu :  [0.05283107] k : [1.10274735 1.25136328] theta : [6.23952397] sigma : [2.9] zeta : [0.00858743] rho : 0.02 kappa : 0.5
       7             12         1.0798e+00      6.34e-03       3.52e-01       1.25e+05    
       8             13         1.0775e+00      2.26e-03       3.64e-01       2.00e+05    
       9             15         1.0769e+00      6.47e-04       2.82e-02       8.02e+04    
      10             17         1.0769e+00      2.14e-05       8.67e-03       4.85e+04    
fe :  [0.02040216] fo :  [0.00810722] delta :  [[0.14652897]
 [0.13841753]
 [0.12700521]
 [0.25302903]
 [0.22229791]
 [0.51626282]
 [0.06113406]
 [0.09948536]
 [0.47128043]
 [0.24582267]
 [0.15192239]
 [1.39766335]] nu :  [0.05201927] k : [1.10274735 1.25136328] theta : [6.23952397] sigma : [2.9] zeta : [0.00858743] rho : 0.02 kappa : 0.5
      11             18         1.0769e+00      2.22e-06       2.27e-03       1.42e+04    
      12             21         1.0769e+00      3.42e-07       3.56e-05       6.81e+02    
      13             23         1.0769e+00      0.00e+00       0.00e+00       6.81e+02    
`xtol` termination condition is satisfied.
Function evaluations 23, initial cost 8.1019e+00, final cost 1.0769e+00, first-order optimality 6.81e+02.
   Iteration     Total nfev        Cost      Cost reduction    Step norm     Optimality   
       0              1         1.0769e+00                                    2.13e+02    
       1             14         1.0769e+00      0.00e+00       0.00e+00       2.13e+02    
`xtol` termination condition is satisfied.
Function evaluations 14, initial cost 1.0769e+00, final cost 1.0769e+00, first-order optimality 2.13e+02.
fe :  [0.02040206] fo :  [0.0081072] delta :  [[0.14653498]
 [0.1384241 ]
 [0.12701258]
 [0.25303812]
 [0.2223061 ]
 [0.51627238]
 [0.06114583]
 [0.09949369]
 [0.47129081]
 [0.24583042]
 [0.15192978]
 [1.39768298]] nu :  [0.0520189] k : [1.10274735 1.25136328] theta : [6.23952397] sigma : [2.9] zeta : [0.00858743] rho : 0.02 kappa : 0.5
   Iteration     Total nfev        Cost      Cost reduction    Step norm     Optimality   
       0              1         1.0769e+00                                    5.89e-02    
       1              7         1.0768e+00      9.95e-05       5.03e-01       1.52e+05    
       2             11         1.0767e+00      2.47e-05       2.62e-03       1.78e+04    
       3             12         1.0767e+00      1.24e-05       7.03e-03       2.68e+03    
fe :  [0.01698285] fo :  [0.00682675] delta :  [[0.15003401]
 [0.14179279]
 [0.13026464]
 [0.25795051]
 [0.22671165]
 [0.52415582]
 [0.06341755]
 [0.10234793]
 [0.47878001]
 [0.2505534 ]
 [0.15547449]
 [1.42562879]] nu :  [0.05182713] k : [1.10274735 1.25136328] theta : [6.23952397] sigma : [2.9] zeta : [0.00858743] rho : 0.02 kappa : 0.5
       4             16         1.0767e+00      1.49e-08       8.49e-05       1.50e+03    
       5             17         1.0767e+00      0.00e+00       0.00e+00       1.50e+03    
`xtol` termination condition is satisfied.
Function evaluations 17, initial cost 1.0769e+00, final cost 1.0767e+00, first-order optimality 1.50e+03.
   Iteration     Total nfev        Cost      Cost reduction    Step norm     Optimality   
       0              1         1.0767e+00                                    1.35e+03    
       1             14         1.0767e+00      3.05e-09       2.64e-06       4.92e+03    
       2             22         1.0767e+00      1.06e-10       2.97e-09       2.49e+03    
`ftol` termination condition is satisfied.
Function evaluations 22, initial cost 1.0767e+00, final cost 1.0767e+00, first-order optimality 2.49e+03.
fe :  [0.01698285] fo :  [0.00682675] delta :  [[0.15003444]
 [0.14179321]
 [0.13026512]
 [0.25795101]
 [0.22671223]
 [0.52415643]
 [0.06341835]
 [0.10234838]
 [0.47878062]
 [0.25055392]
 [0.15547496]
 [1.42562921]] nu :  [0.05182874] k : [1.10274735 1.25136328] theta : [6.23952397] sigma : [2.9] zeta : [0.00858743] rho : 0.02 kappa : 0.5
   Iteration     Total nfev        Cost      Cost reduction    Step norm     Optimality   
       0              1         1.0767e+00                                    2.52e+03    
       1             24         1.0767e+00      3.53e-11       1.57e-09       1.59e+03    
`ftol` termination condition is satisfied.
Function evaluations 24, initial cost 1.0767e+00, final cost 1.0767e+00, first-order optimality 1.59e+03.
   Iteration     Total nfev        Cost      Cost reduction    Step norm     Optimality   
       0              1         1.0767e+00                                    1.71e+03    
fe :  [0.01698285] fo :  [0.00682675] delta :  [[0.15003444]
 [0.14179321]
 [0.13026512]
 [0.25795101]
 [0.22671223]
 [0.52415643]
 [0.06341835]
 [0.10234838]
 [0.47878062]
 [0.25055392]
 [0.15547496]
 [1.42562921]] nu :  [0.05182874] k : [1.10274735 1.25136328] theta : [6.23952397] sigma : [2.9] zeta : [0.00858743] rho : 0.02 kappa : 0.5
       1             24         1.0767e+00      1.85e-11       1.57e-09       1.25e+03    
`ftol` termination condition is satisfied.
Function evaluations 24, initial cost 1.0767e+00, final cost 1.0767e+00, first-order optimality 1.25e+03.
  [all] DONE obj=1.4675 (successful) nu_patent=0.0518 -> calibration_results_matched_economy/baseline_2000_variations/pre_trips_tries_mono_newfee/all/

saved calibration_results_matched_economy/baseline_2000_variations/pre_trips_tries_mono_newfee/pre_trips_tries_mono_comparison.csv

=== ratio delta_1992/delta_2015 (patenting sector) by config ===
config   all  base  fefo   nu
country                      
BRA     1.46  1.13  1.32 1.11
CAN     0.97  0.59  0.80 0.56
CHN     1.90  1.48  1.72 1.47
EUR     1.64  1.18  1.45 1.16
IND     2.36  1.92  2.18 1.90
JAP     1.34  0.97  1.18 0.95
KOR     1.72  1.18  1.49 1.16
MEX     1.32  1.03  1.20 1.02
ROW     1.01  0.84  0.94 0.83
RUS     2.28  1.84  2.10 1.82
USA     1.88  1.27  1.68 1.28
ZAF     1.00  0.74  0.89 0.73

=== calibrated nu_patent by config + objective ===
        nu_patent  obj
config                
base         0.05 1.45
fefo         0.05 1.45
nu           0.05 1.44
all          0.05 1.47
