patched RDPHARMACHEM rows (filled from earliest-available ANBERD year):
  row 7 (CAN)  RD ratio pharma = 0.0493  [from 1994]
  row 7 (CAN)  RD ratio chemicals = 0.0319  [from 1994]
  row 8 (KOR)  RD ratio pharma = 0.0139  [from 1995]
  row 8 (KOR)  RD ratio chemicals = 0.0667  [from 1995]
======================================================================
PRE-TRIPS multi-sector calibration  (seed 8.8 -> 8.81)
data: data_smooth_3_years/data_12_countries_3_sectors_1992_RDPHARMACHEM_fix/
======================================================================

N=12  S=3  sectors=['Non patent', 'Patent', 'Pharma Chemicals']
calib_parameters = ['delta', 'T', 'eta']
delta shape = (12, 3)  (free entries per sector via mask)
delta mask sums by column = [ 0 12  0]
12  countries,  3  sectors 
Solving time : 0.24818675000278745 
Iterations :  818 
Deviation norm :  TODO 
Status :  successful 
Hit the bounds  0  times

--- moment target shapes (1992) ---
  SPFLOW         target shape (12, 11, 2)
  DOMPATINUS     target shape (2,)
  OUT            target shape ()
  RD             target shape (12,)
  RP             target shape (12,)
  SRGDP          target shape (12,)
  UUPCOSTS       target shape (2,)
  RDPHARMACHEM   target shape (5,)
SPFLOW_target.ndim = 3 (expect 3 for sector-resolved)
fe :  [0.10322757 0.0360563 ] fo :  [0.05561134 0.01156073] delta :  [[0.08793932 0.08793932]
 [0.10601833 0.10601833]
 [0.11316564 0.11316564]
 [0.16194812 0.16194812]
 [0.17779985 0.17779985]
 [0.24150643 0.24150643]
 [0.07481053 0.07481053]
 [0.07801511 0.07801511]
 [0.24365702 0.24365702]
 [0.20480966 0.20480966]
 [0.18760604 0.18760604]
 [1.58447318 1.58447318]] nu :  [0.06367108 0.11917209] k : [1.2392668  1.30073864 1.04438013] theta : [5.9624753  3.42331145] sigma : [2.9        1.96935185] zeta : [0.00741939 0.04188144] rho : 0.02 kappa : 0.5
   Iteration     Total nfev        Cost      Cost reduction    Step norm     Optimality   
       0              1         9.6031e+00                                    6.67e+07    
       1              2         7.6753e+00      1.93e+00       3.42e-03       2.97e+07    
fe :  [0.10322757 0.0360563 ] fo :  [0.05561134 0.01156073] delta :  [[0.08793932 0.08793932]
 [0.10601833 0.10601833]
 [0.11316564 0.11316564]
 [0.16194812 0.16194812]
 [0.17779985 0.17779985]
 [0.24150643 0.24150643]
 [0.07481053 0.07481053]
 [0.07801511 0.07801511]
 [0.24365703 0.24365703]
 [0.20480966 0.20480966]
 [0.18760604 0.18760604]
 [1.58447318 1.58447318]] nu :  [0.06367108 0.11917209] k : [1.2392668  1.30073864 1.04438013] theta : [5.9624753  3.42331145] sigma : [2.9        1.96935185] zeta : [0.00741939 0.04188144] rho : 0.02 kappa : 0.5
       2              3         5.2345e+00      2.44e+00       9.30e-03       1.26e+07    
       3              4         3.8209e+00      1.41e+00       1.37e-02       4.86e+06    
       4              5         1.4567e+00      2.36e+00       7.68e+03       3.01e+05    
fe :  [0.10322757 0.0360563 ] fo :  [0.05561134 0.01156073] delta :  [[0.12945763 0.12945763]
 [0.1395298  0.1395298 ]
 [0.1338784  0.1338784 ]
 [0.27836401 0.27836401]
 [0.27582699 0.27582699]
 [0.51058475 0.51058475]
 [0.07247662 0.07247662]
 [0.12141899 0.12141899]
 [0.49931307 0.49931307]
 [0.32590906 0.32590906]
 [0.21721528 0.21721528]
 [1.86312012 1.86312012]] nu :  [0.06367108 0.11917209] k : [1.2392668  1.30073864 1.04438013] theta : [5.9624753  3.42331145] sigma : [2.9        1.96935185] zeta : [0.00741939 0.04188144] rho : 0.02 kappa : 0.5
       5              6         1.4430e+00      1.36e-02       1.40e+03       3.39e+05    
       6              7         1.1810e+00      2.62e-01       4.84e+03       2.48e+06    
       7              8         1.1557e+00      2.53e-02       4.51e+03       2.24e+06    
fe :  [0.10322757 0.0360563 ] fo :  [0.05561134 0.01156073] delta :  [[0.14355275 0.14355275]
 [0.14702981 0.14702981]
 [0.13326345 0.13326345]
 [0.28358929 0.28358929]
 [0.24093111 0.24093111]
 [0.58689867 0.58689867]
 [0.05364722 0.05364722]
 [0.103943   0.103943  ]
 [0.55514076 0.55514076]
 [0.28629571 0.28629571]
 [0.18147764 0.18147764]
 [1.62507145 1.62507145]] nu :  [0.06367108 0.11917209] k : [1.2392668  1.30073864 1.04438013] theta : [5.9624753  3.42331145] sigma : [2.9        1.96935185] zeta : [0.00741939 0.04188144] rho : 0.02 kappa : 0.5
       8             10         1.1397e+00      1.60e-02       1.03e+03       3.37e+06    
       9             11         1.0842e+00      5.55e-02       1.03e+02       3.21e+06    
fe :  [0.10322757 0.0360563 ] fo :  [0.05561134 0.01156073] delta :  [[0.14377066 0.14377066]
 [0.1541447  0.1541447 ]
 [0.14055991 0.14055991]
 [0.2954896  0.2954896 ]
 [0.25376971 0.25376971]
 [0.60802299 0.60802299]
 [0.05778267 0.05778267]
 [0.10936961 0.10936961]
 [0.57337296 0.57337296]
 [0.28417    0.28417   ]
 [0.18345388 0.18345388]
 [1.71095379 1.71095379]] nu :  [0.06367108 0.11917209] k : [1.2392668  1.30073864 1.04438013] theta : [5.9624753  3.42331145] sigma : [2.9        1.96935185] zeta : [0.00741939 0.04188144] rho : 0.02 kappa : 0.5
      10             12         1.0627e+00      2.15e-02       1.33e+02       6.29e+04    
      11             13         1.0477e+00      1.50e-02       1.77e+02       4.37e+05    
      12             14         1.0072e+00      4.05e-02       1.35e+03       9.06e+04    
fe :  [0.10322757 0.0360563 ] fo :  [0.05561134 0.01156073] delta :  [[0.14162883 0.14162883]
 [0.14939919 0.14939919]
 [0.13568252 0.13568252]
 [0.28856084 0.28856084]
 [0.24684634 0.24684634]
 [0.59304422 0.59304422]
 [0.05479876 0.05479876]
 [0.10539279 0.10539279]
 [0.55986578 0.55986578]
 [0.27678559 0.27678559]
 [0.17769959 0.17769959]
 [1.67468698 1.67468698]] nu :  [0.06367108 0.11917209] k : [1.2392668  1.30073864 1.04438013] theta : [5.9624753  3.42331145] sigma : [2.9        1.96935185] zeta : [0.00741939 0.04188144] rho : 0.02 kappa : 0.5
      13             15         9.8518e-01      2.21e-02       2.99e+03       1.99e+05    
      14             16         9.7861e-01      6.56e-03       3.21e+03       1.47e+05    
      15             22         9.7703e-01      1.58e-03       3.27e-01       9.27e+04    
fe :  [0.10322757 0.0360563 ] fo :  [0.05561134 0.01156073] delta :  [[0.13879035 0.13879035]
 [0.14295001 0.14295001]
 [0.12867349 0.12867349]
 [0.27822579 0.27822579]
 [0.23819141 0.23819141]
 [0.5731829  0.5731829 ]
 [0.05150835 0.05150835]
 [0.10011677 0.10011677]
 [0.5415597  0.5415597 ]
 [0.26725436 0.26725436]
 [0.17104577 0.17104577]
 [1.62185884 1.62185884]] nu :  [0.06367108 0.11917209] k : [1.2392668  1.30073864 1.04438013] theta : [5.9624753  3.42331145] sigma : [2.9        1.96935185] zeta : [0.00741939 0.04188144] rho : 0.02 kappa : 0.5
      16             23         9.7682e-01      2.15e-04       1.19e+00       4.98e+04    
      17             29         9.7681e-01      2.04e-06       2.70e-04       1.39e+03    
      18             30         9.7681e-01      3.62e-07       2.99e-04       1.42e+03    
fe :  [0.10322757 0.0360563 ] fo :  [0.05561134 0.01156073] delta :  [[0.13884919 0.13884919]
 [0.14301939 0.14301939]
 [0.1288116  0.1288116 ]
 [0.27844164 0.27844164]
 [0.23823425 0.23823425]
 [0.57336746 0.57336746]
 [0.05171737 0.05171737]
 [0.10019284 0.10019284]
 [0.54178421 0.54178421]
 [0.26744166 0.26744166]
 [0.17118839 0.17118839]
 [1.62196333 1.62196333]] nu :  [0.06367108 0.11917209] k : [1.2392668  1.30073864 1.04438013] theta : [5.9624753  3.42331145] sigma : [2.9        1.96935185] zeta : [0.00741939 0.04188144] rho : 0.02 kappa : 0.5
      19             32         9.7681e-01      1.24e-08       1.77e-05       1.26e+02    
      20             33         9.7681e-01      1.49e-08       7.01e-06       1.41e+02    
`xtol` termination condition is satisfied.
Function evaluations 33, initial cost 9.6031e+00, final cost 9.7681e-01, first-order optimality 1.41e+02.
fe :  [0.10322757 0.0360563 ] fo :  [0.05561134 0.01156073] delta :  [[0.13884914 0.13884914]
 [0.14301934 0.14301934]
 [0.12881157 0.12881157]
 [0.27844163 0.27844163]
 [0.23823408 0.23823408]
 [0.57336738 0.57336738]
 [0.05171866 0.05171866]
 [0.10019282 0.10019282]
 [0.5417842  0.5417842 ]
 [0.26744162 0.26744162]
 [0.17118834 0.17118834]
 [1.6219632  1.6219632 ]] nu :  [0.06367108 0.11917209] k : [1.2392668  1.30073864 1.04438013] theta : [5.9624753  3.42331145] sigma : [2.9        1.96935185] zeta : [0.00741939 0.04188144] rho : 0.02 kappa : 0.5
   Iteration     Total nfev        Cost      Cost reduction    Step norm     Optimality   
       0              1         9.7681e-01                                    3.74e+02    
       1              3         9.6568e-01      1.11e-02       4.56e+03       1.37e+05    
       2             14         9.6563e-01      4.32e-05       1.06e-03       2.09e+03    
fe :  [0.10322757 0.0360563 ] fo :  [0.05561134 0.01156073] delta :  [[0.13954621 0.13954621]
 [0.14476978 0.14476978]
 [0.13065401 0.13065401]
 [0.28157798 0.28157798]
 [0.24070938 0.24070938]
 [0.57920747 0.57920747]
 [0.05257199 0.05257199]
 [0.10175534 0.10175534]
 [0.54745407 0.54745407]
 [0.27044291 0.27044291]
 [0.17333246 0.17333246]
 [1.63749737 1.63749737]] nu :  [0.06367108 0.11917209] k : [1.2392668  1.30073864 1.04438013] theta : [5.9624753  3.42331145] sigma : [2.9        1.96935185] zeta : [0.00741939 0.04188144] rho : 0.02 kappa : 0.5
       3             15         9.6563e-01      5.02e-06       1.01e-03       1.49e+03    
       4             23         9.6563e-01      1.33e-08       1.59e-05       1.69e+02    
       5             24         9.6563e-01      0.00e+00       0.00e+00       1.69e+02    
`xtol` termination condition is satisfied.
Function evaluations 24, initial cost 9.7681e-01, final cost 9.6563e-01, first-order optimality 1.69e+02.
fe :  [0.10322757 0.0360563 ] fo :  [0.05561134 0.01156073] delta :  [[0.13954622 0.13954622]
 [0.14476978 0.14476978]
 [0.13065401 0.13065401]
 [0.28157798 0.28157798]
 [0.24070938 0.24070938]
 [0.57920747 0.57920747]
 [0.05257199 0.05257199]
 [0.10175534 0.10175534]
 [0.54745407 0.54745407]
 [0.27044292 0.27044292]
 [0.17333246 0.17333246]
 [1.63749737 1.63749737]] nu :  [0.06367108 0.11917209] k : [1.2392668  1.30073864 1.04438013] theta : [5.9624753  3.42331145] sigma : [2.9        1.96935185] zeta : [0.00741939 0.04188144] rho : 0.02 kappa : 0.5
   Iteration     Total nfev        Cost      Cost reduction    Step norm     Optimality   
       0              1         9.6563e-01                                    2.08e+02    
       1             19         9.6563e-01      0.00e+00       0.00e+00       2.08e+02    
`xtol` termination condition is satisfied.
Function evaluations 19, initial cost 9.6563e-01, final cost 9.6563e-01, first-order optimality 2.08e+02.
   Iteration     Total nfev        Cost      Cost reduction    Step norm     Optimality   
       0              1         9.6563e-01                                    2.69e+02    
       1             23         9.6563e-01      2.33e-13       2.13e-08       1.01e-02    
       2             26         9.6563e-01      0.00e+00       0.00e+00       1.01e-02    
`xtol` termination condition is satisfied.
Function evaluations 26, initial cost 9.6563e-01, final cost 9.6563e-01, first-order optimality 1.01e-02.
fe :  [0.10322757 0.0360563 ] fo :  [0.05561134 0.01156073] delta :  [[0.13954622 0.13954622]
 [0.14476978 0.14476978]
 [0.13065401 0.13065401]
 [0.28157798 0.28157798]
 [0.24070938 0.24070938]
 [0.57920747 0.57920747]
 [0.05257199 0.05257199]
 [0.10175534 0.10175534]
 [0.54745407 0.54745407]
 [0.27044293 0.27044293]
 [0.17333246 0.17333246]
 [1.63749737 1.63749737]] nu :  [0.06367108 0.11917209] k : [1.2392668  1.30073864 1.04438013] theta : [5.9624753  3.42331145] sigma : [2.9        1.96935185] zeta : [0.00741939 0.04188144] rho : 0.02 kappa : 0.5
   Iteration     Total nfev        Cost      Cost reduction    Step norm     Optimality   
       0              1         9.6563e-01                                    1.68e-02    
       1              7         9.6553e-01      9.74e-05       3.90e+01       2.58e+05    
fe :  [0.10322757 0.0360563 ] fo :  [0.05561134 0.01156073] delta :  [[0.13641583 0.13641583]
 [0.13635287 0.13635287]
 [0.12273022 0.12273022]
 [0.26752345 0.26752345]
 [0.22843677 0.22843677]
 [0.55220948 0.55220948]
 [0.04743901 0.04743901]
 [0.09507259 0.09507259]
 [0.52200551 0.52200551]
 [0.25788634 0.25788634]
 [0.1633768  0.1633768 ]
 [1.57332619 1.57332619]] nu :  [0.06367108 0.11917209] k : [1.2392668  1.30073864 1.04438013] theta : [5.9624753  3.42331145] sigma : [2.9        1.96935185] zeta : [0.00741939 0.04188144] rho : 0.02 kappa : 0.5
       2              9         9.6531e-01      2.21e-04       3.70e-01       3.06e+05    
       3             11         9.6503e-01      2.79e-04       1.70e-02       8.80e+04    
       4             13         9.6503e-01      3.85e-06       4.13e-03       1.03e+04    
fe :  [0.10322757 0.0360563 ] fo :  [0.05561134 0.01156073] delta :  [[0.13772741 0.13772741]
 [0.1397003  0.1397003 ]
 [0.12557714 0.12557714]
 [0.27337066 0.27337066]
 [0.23378575 0.23378575]
 [0.56328894 0.56328894]
 [0.04970752 0.04970752]
 [0.09771244 0.09771244]
 [0.5328916  0.5328916 ]
 [0.26286164 0.26286164]
 [0.16769515 0.16769515]
 [1.58277339 1.58277339]] nu :  [0.06367108 0.11917209] k : [1.2392668  1.30073864 1.04438013] theta : [5.9624753  3.42331145] sigma : [2.9        1.96935185] zeta : [0.00741939 0.04188144] rho : 0.02 kappa : 0.5
       5             14         9.6502e-01      4.82e-06       1.04e-03       3.29e+03    
       6             15         9.6502e-01      3.65e-06       1.08e-03       4.01e+03    
       7             16         9.6502e-01      5.28e-07       2.66e-04       2.85e+03    
fe :  [0.10322757 0.0360563 ] fo :  [0.05561134 0.01156073] delta :  [[0.13789881 0.13789881]
 [0.14006749 0.14006749]
 [0.12597972 0.12597972]
 [0.27380816 0.27380816]
 [0.23421055 0.23421055]
 [0.56385365 0.56385365]
 [0.04990671 0.04990671]
 [0.09804825 0.09804825]
 [0.5333723  0.5333723 ]
 [0.26328495 0.26328495]
 [0.16808469 0.16808469]
 [1.58321984 1.58321984]] nu :  [0.06367108 0.11917209] k : [1.2392668  1.30073864 1.04438013] theta : [5.9624753  3.42331145] sigma : [2.9        1.96935185] zeta : [0.00741939 0.04188144] rho : 0.02 kappa : 0.5
       8             17         9.6502e-01      3.30e-08       6.54e-05       5.27e+02    
       9             19         9.6502e-01      7.11e-10       4.02e-06       6.59e-02    
fe :  [0.10322757 0.0360563 ] fo :  [0.05561134 0.01156073] delta :  [[0.13789877 0.13789877]
 [0.14006748 0.14006748]
 [0.12597972 0.12597972]
 [0.27380871 0.27380871]
 [0.23421094 0.23421094]
 [0.56385594 0.56385594]
 [0.0499067  0.0499067 ]
 [0.09804824 0.09804824]
 [0.53337357 0.53337357]
 [0.26328535 0.26328535]
 [0.16808469 0.16808469]
 [1.58322271 1.58322271]] nu :  [0.06367108 0.11917209] k : [1.2392668  1.30073864 1.04438013] theta : [5.9624753  3.42331145] sigma : [2.9        1.96935185] zeta : [0.00741939 0.04188144] rho : 0.02 kappa : 0.5
      10             25         9.6502e-01      1.86e-11       9.81e-10       5.91e-02    
`ftol` termination condition is satisfied.
Function evaluations 25, initial cost 9.6563e-01, final cost 9.6502e-01, first-order optimality 5.91e-02.
   Iteration     Total nfev        Cost      Cost reduction    Step norm     Optimality   
       0              1         9.6502e-01                                    2.83e+02    
       1              3         9.6459e-01      4.32e-04       1.40e+03       1.20e+05    
fe :  [0.10322757 0.0360563 ] fo :  [0.05561134 0.01156073] delta :  [[0.13931482 0.13931482]
 [0.1443694  0.1443694 ]
 [0.13006434 0.13006434]
 [0.28071278 0.28071278]
 [0.23987597 0.23987597]
 [0.5779557  0.5779557 ]
 [0.05208455 0.05208455]
 [0.10153732 0.10153732]
 [0.54611558 0.54611558]
 [0.26945217 0.26945217]
 [0.17258941 0.17258941]
 [1.63444344 1.63444344]] nu :  [0.06367108 0.11917209] k : [1.2392668  1.30073864 1.04438013] theta : [5.9624753  3.42331145] sigma : [2.9        1.96935185] zeta : [0.00741939 0.04188144] rho : 0.02 kappa : 0.5
       2              4         9.6397e-01      6.17e-04       1.24e+03       1.37e+05    
       3              5         9.6291e-01      1.06e-03       2.89e+03       1.49e+05    
       4              6         9.6233e-01      5.77e-04       2.60e+02       9.39e+04    
fe :  [0.10322757 0.0360563 ] fo :  [0.05561134 0.01156073] delta :  [[0.13883138 0.13883138]
 [0.14349456 0.14349456]
 [0.12934421 0.12934421]
 [0.27930041 0.27930041]
 [0.23839659 0.23839659]
 [0.57520359 0.57520359]
 [0.05198346 0.05198346]
 [0.10084694 0.10084694]
 [0.54349493 0.54349493]
 [0.26825179 0.26825179]
 [0.17157063 0.17157063]
 [1.62604717 1.62604717]] nu :  [0.06367108 0.11917209] k : [1.2392668  1.30073864 1.04438013] theta : [5.9624753  3.42331145] sigma : [2.9        1.96935185] zeta : [0.00741939 0.04188144] rho : 0.02 kappa : 0.5
       5             12         9.6216e-01      1.71e-04       1.41e+00       6.85e+04    
       6             13         9.6212e-01      3.74e-05       1.35e+00       2.07e+05    
       7             16         9.6202e-01      1.01e-04       5.87e-03       2.74e+04    
fe :  [0.10322757 0.0360563 ] fo :  [0.05561134 0.01156073] delta :  [[0.13833727 0.13833727]
 [0.14168043 0.14168043]
 [0.12772043 0.12772043]
 [0.27653586 0.27653586]
 [0.23648475 0.23648475]
 [0.569896   0.569896  ]
 [0.05081004 0.05081004]
 [0.09952451 0.09952451]
 [0.53823174 0.53823174]
 [0.26579282 0.26579282]
 [0.16989492 0.16989492]
 [1.60617478 1.60617478]] nu :  [0.06367108 0.11917209] k : [1.2392668  1.30073864 1.04438013] theta : [5.9624753  3.42331145] sigma : [2.9        1.96935185] zeta : [0.00741939 0.04188144] rho : 0.02 kappa : 0.5
       8             18         9.6200e-01      2.10e-05       1.86e-03       1.08e+04    
       9             21         9.6200e-01      8.43e-07       1.19e-04       1.54e+03    
fe :  [0.10322757 0.0360563 ] fo :  [0.05561134 0.01156073] delta :  [[0.13837294 0.13837294]
 [0.14178977 0.14178977]
 [0.12773682 0.12773682]
 [0.27656957 0.27656957]
 [0.23648237 0.23648237]
 [0.56997497 0.56997497]
 [0.05085531 0.05085531]
 [0.09954018 0.09954018]
 [0.5383348  0.5383348 ]
 [0.26582043 0.26582043]
 [0.16991477 0.16991477]
 [1.6062872  1.6062872 ]] nu :  [0.06367108 0.11917209] k : [1.2392668  1.30073864 1.04438013] theta : [5.9624753  3.42331145] sigma : [2.9        1.96935185] zeta : [0.00741939 0.04188144] rho : 0.02 kappa : 0.5
      10             22         9.6200e-01      2.73e-07       1.18e-04       7.11e+02    
      11             23         9.6200e-01      1.78e-07       3.03e-05       2.21e+02    
      12             30         9.6200e-01      1.78e-11       1.87e-09       1.72e-02    
`ftol` termination condition is satisfied.
Function evaluations 30, initial cost 9.6502e-01, final cost 9.6200e-01, first-order optimality 1.72e-02.
minimizing time 23.35115158300323
12  countries,  3  sectors 
Solving time : 0.03365145799762104 
Iterations :  93 
Deviation norm :  TODO 
Status :  successful 
Hit the bounds  0  times

wrote pre-TRIPS result to calibration_results_matched_economy/baseline_2002_variations/8.81/

=== patenting-sector delta: pre-TRIPS (1992) vs 2015 (seed 8.8) ===
(higher delta = WEAKER protection; ratio>1 means weaker pre-TRIPS, i.e. TRIPS raised protection)
         delta_1992  delta_2015  change_1992_to_2015  ratio_1992_over_2015
country                                                                   
USA           0.138       0.088                0.050                 1.574
EUR           0.142       0.106                0.036                 1.338
JAP           0.128       0.113                0.015                 1.129
CHN           0.277       0.162                0.115                 1.708
BRA           0.236       0.178                0.059                 1.330
IND           0.570       0.242                0.328                 2.360
CAN           0.051       0.075               -0.024                 0.680
KOR           0.100       0.078                0.022                 1.276
RUS           0.538       0.244                0.295                 2.209
MEX           0.266       0.205                0.061                 1.298
ZAF           0.170       0.188               -0.018                 0.906
ROW           1.606       1.584                0.022                 1.014

saved comparison table to calibration_results_matched_economy/baseline_2002_variations/8.81/delta_pre_vs_post_trips.csv
