patched RDPHARMACHEM rows (filled from earliest-available ANBERD year):
  row 7 (CAN)  RD ratio pharma = 0.0493  [from 1994]
  row 7 (CAN)  RD ratio chemicals = 0.0319  [from 1994]
  row 8 (KOR)  RD ratio pharma = 0.0139  [from 1995]
  row 8 (KOR)  RD ratio chemicals = 0.0667  [from 1995]
======================================================================
PRE-TRIPS multi-sector calibration  (seed 8.0 -> 8.1)
data: data_smooth_3_years/data_12_countries_3_sectors_1992_RDPHARMACHEM_fix/
======================================================================

N=12  S=3  sectors=['Non patent', 'Patent', 'Pharma Chemicals']
calib_parameters = ['delta', 'T', 'eta']
delta shape = (12, 3)  (free entries per sector via mask)
delta mask sums by column = [ 0 12 12]
12  countries,  3  sectors 
Solving time : 0.25454604200058384 
Iterations :  812 
Deviation norm :  TODO 
Status :  successful 
Hit the bounds  0  times

--- moment target shapes (1992) ---
  SPFLOW         target shape (12, 11, 2)
  DOMPATINUS     target shape (2,)
  OUT            target shape ()
  RD             target shape (12,)
  RP             target shape (12,)
  SRGDP          target shape (12,)
  UUPCOSTS       target shape (2,)
  RDPHARMACHEM   target shape (5,)
SPFLOW_target.ndim = 3 (expect 3 for sector-resolved)
fe :  [0.06348811 0.01849524] fo :  [0.02808923 0.00573732] delta :  [[0.12122029 0.13701525]
 [0.1219394  0.17401727]
 [0.13569281 0.16081868]
 [0.20254102 0.25579869]
 [0.18565147 0.27440652]
 [0.26624266 0.3719205 ]
 [0.08920552 0.09868685]
 [0.07999848 0.13460961]
 [0.2380961  0.4042963 ]
 [0.22529086 0.26891107]
 [0.16855547 0.30509089]
 [1.53556001 2.39937209]] nu :  [0.08360685 0.18715854] k : [1.77830521 1.46044372 1.03960354] theta : [6.43256312 3.4704715 ] sigma : [2.9        1.85599824] zeta : [0.01011387 0.04444895] rho : 0.02 kappa : 0.5
   Iteration     Total nfev        Cost      Cost reduction    Step norm     Optimality   
       0              1         1.1726e+01                                    4.38e+07    
       1              2         1.0789e+01      9.37e-01       1.99e-03       3.38e+07    
fe :  [0.06348811 0.01849524] fo :  [0.02808923 0.00573732] delta :  [[0.12122029 0.13701525]
 [0.1219394  0.17401727]
 [0.13569281 0.16081868]
 [0.20254102 0.25579869]
 [0.18565147 0.27440653]
 [0.26624266 0.3719205 ]
 [0.08920552 0.09868685]
 [0.07999848 0.13460961]
 [0.2380961  0.4042963 ]
 [0.22529086 0.26891107]
 [0.16855547 0.30509089]
 [1.53556001 2.39937209]] nu :  [0.08360685 0.18715854] k : [1.77830521 1.46044372 1.03960354] theta : [6.43256312 3.4704715 ] sigma : [2.9        1.85599824] zeta : [0.01011387 0.04444895] rho : 0.02 kappa : 0.5
       2              3         6.7251e+00      4.06e+00       1.52e-02       1.26e+07    
       3              4         5.5253e+00      1.20e+00       8.55e-03       9.32e+06    
fe :  [0.06348811 0.01849524] fo :  [0.02808923 0.00573732] delta :  [[0.1212203  0.13701524]
 [0.1219394  0.17401727]
 [0.1356928  0.16081868]
 [0.20254102 0.2557987 ]
 [0.18565148 0.27440654]
 [0.26624269 0.37192052]
 [0.08920552 0.09868685]
 [0.07999847 0.13460961]
 [0.23809614 0.40429632]
 [0.22529087 0.26891108]
 [0.16855548 0.30509089]
 [1.53556001 2.39937209]] nu :  [0.08360685 0.18715854] k : [1.77830521 1.46044372 1.03960354] theta : [6.43256312 3.4704715 ] sigma : [2.9        1.85599824] zeta : [0.01011387 0.04444895] rho : 0.02 kappa : 0.5
       4              5         3.7504e+00      1.77e+00       2.73e-02       2.72e+06    
       5              6         3.7006e+00      4.99e-02       3.25e+03       2.67e+06    
       6              8         1.5433e+00      2.16e+00       3.53e+04       2.31e+06    
fe :  [0.06348811 0.01849524] fo :  [0.02808923 0.00573732] delta :  [[0.18780759 0.32743535]
 [0.16578864 0.38270404]
 [0.17216301 0.30905705]
 [0.31770413 0.62834444]
 [0.28792425 0.59169846]
 [0.53051153 1.18146204]
 [0.09039526 0.1361196 ]
 [0.12463949 0.27975228]
 [0.50748271 1.13802379]
 [0.32849602 0.56202095]
 [0.22432134 0.35726466]
 [1.73119511 4.16501134]] nu :  [0.08360685 0.18715854] k : [1.77830521 1.46044372 1.03960354] theta : [6.43256312 3.4704715 ] sigma : [2.9        1.85599824] zeta : [0.01011387 0.04444895] rho : 0.02 kappa : 0.5
       7              9         1.2665e+00      2.77e-01       4.38e+03       1.54e+06    
       8             10         1.1965e+00      7.00e-02       3.23e+03       1.28e+06    
fe :  [0.06348811 0.01849524] fo :  [0.02808923 0.00573732] delta :  [[0.20183223 0.3512324 ]
 [0.18116412 0.40110993]
 [0.18513314 0.34839199]
 [0.32478953 0.69712025]
 [0.28410908 0.59612596]
 [0.58077156 1.53401785]
 [0.08546746 0.13027441]
 [0.12318026 0.29950661]
 [0.55931761 1.38307192]
 [0.32334919 0.65164112]
 [0.21187882 0.37559649]
 [1.66051703 4.07539622]] nu :  [0.08360685 0.18715854] k : [1.77830521 1.46044372 1.03960354] theta : [6.43256312 3.4704715 ] sigma : [2.9        1.85599824] zeta : [0.01011387 0.04444895] rho : 0.02 kappa : 0.5
       9             11         1.0508e+00      1.46e-01       2.25e+04       3.51e+06    
      10             12         1.0260e+00      2.48e-02       7.03e+02       2.84e+06    
fe :  [0.06348811 0.01849524] fo :  [0.02808923 0.00573732] delta :  [[0.20623686 0.33221075]
 [0.19884147 0.38416669]
 [0.19361558 0.33726656]
 [0.33736074 0.73700459]
 [0.2923579  0.59574652]
 [0.59632138 1.57698863]
 [0.09165714 0.12702774]
 [0.12978367 0.29041745]
 [0.57689649 1.39941357]
 [0.33094142 0.58239588]
 [0.21505226 0.36330237]
 [1.7096072  4.07482924]] nu :  [0.08360685 0.18715854] k : [1.77830521 1.46044372 1.03960354] theta : [6.43256312 3.4704715 ] sigma : [2.9        1.85599824] zeta : [0.01011387 0.04444895] rho : 0.02 kappa : 0.5
      11             13         9.4028e-01      8.57e-02       4.16e+03       1.64e+05    
      12             15         9.4001e-01      2.69e-04       8.49e+02       8.46e+06    
      13             17         9.3336e-01      6.65e-03       9.07e+01       1.10e+06    
fe :  [0.06348811 0.01849524] fo :  [0.02808923 0.00573732] delta :  [[0.20581877 0.2963275 ]
 [0.18635134 0.33551092]
 [0.18279929 0.29431648]
 [0.32084416 0.65492684]
 [0.27690743 0.52620054]
 [0.5681467  1.41213957]
 [0.0829081  0.10332312]
 [0.12065531 0.2578415 ]
 [0.55175326 1.26183593]
 [0.31699968 0.51257293]
 [0.20372869 0.31527416]
 [1.63496779 3.68745041]] nu :  [0.08360685 0.18715854] k : [1.77830521 1.46044372 1.03960354] theta : [6.43256312 3.4704715 ] sigma : [2.9        1.85599824] zeta : [0.01011387 0.04444895] rho : 0.02 kappa : 0.5
      14             18         9.2892e-01      4.44e-03       9.70e+01       5.95e+05    
      15             19         9.2851e-01      4.09e-04       8.12e+01       4.23e+05    
fe :  [0.06348811 0.01849524] fo :  [0.02808923 0.00573732] delta :  [[0.20276381 0.25529909]
 [0.16767158 0.27111383]
 [0.16489962 0.23683975]
 [0.29390848 0.5533417 ]
 [0.25390948 0.44436923]
 [0.52753318 1.19874432]
 [0.07144074 0.07600529]
 [0.10686552 0.200885  ]
 [0.51378013 1.06638972]
 [0.29276649 0.41891205]
 [0.18560244 0.27756822]
 [1.52885601 3.16630834]] nu :  [0.08360685 0.18715854] k : [1.77830521 1.46044372 1.03960354] theta : [6.43256312 3.4704715 ] sigma : [2.9        1.85599824] zeta : [0.01011387 0.04444895] rho : 0.02 kappa : 0.5
      16             20         9.2773e-01      7.76e-04       6.11e+00       1.55e+06    
      17             21         9.2723e-01      5.04e-04       4.44e-01       7.05e+05    
fe :  [0.06348811 0.01849524] fo :  [0.02808923 0.00573732] delta :  [[0.20326937 0.25121963]
 [0.1692979  0.27403405]
 [0.16533958 0.23695128]
 [0.29574732 0.5513862 ]
 [0.25484162 0.43526849]
 [0.52993445 1.19662755]
 [0.071328   0.07987988]
 [0.10757898 0.20487024]
 [0.51499766 1.05953932]
 [0.29258623 0.41776638]
 [0.18620123 0.26535497]
 [1.53188543 3.13060869]] nu :  [0.08360685 0.18715854] k : [1.77830521 1.46044372 1.03960354] theta : [6.43256312 3.4704715 ] sigma : [2.9        1.85599824] zeta : [0.01011387 0.04444895] rho : 0.02 kappa : 0.5
      18             22         9.2662e-01      6.13e-04       1.82e-01       3.69e+04    
      19             23         9.2622e-01      4.01e-04       6.10e-02       1.47e+05    
      20             24         9.2593e-01      2.88e-04       1.42e-02       3.28e+04    
fe :  [0.06348811 0.01849524] fo :  [0.02808923 0.00573732] delta :  [[0.20454414 0.2590307 ]
 [0.17711164 0.28553022]
 [0.17089615 0.2495888 ]
 [0.30429489 0.57370569]
 [0.26248638 0.45844576]
 [0.54350787 1.22704739]
 [0.07506545 0.08385637]
 [0.11192135 0.21630908]
 [0.52869398 1.0908978 ]
 [0.30119863 0.43742389]
 [0.19239388 0.28037033]
 [1.5568205  3.14652768]] nu :  [0.08360685 0.18715854] k : [1.77830521 1.46044372 1.03960354] theta : [6.43256312 3.4704715 ] sigma : [2.9        1.85599824] zeta : [0.01011387 0.04444895] rho : 0.02 kappa : 0.5
      21             25         9.2590e-01      2.72e-05       1.44e-02       1.11e+05    
      22             26         9.2584e-01      5.86e-05       4.98e-03       4.60e+03    
fe :  [0.06348811 0.01849524] fo :  [0.02808923 0.00573732] delta :  [[0.20448898 0.25906761]
 [0.17674831 0.28549437]
 [0.17084633 0.2495333 ]
 [0.30420486 0.57365553]
 [0.26240678 0.45841314]
 [0.54340225 1.2277445 ]
 [0.0750472  0.08383604]
 [0.11187947 0.21625325]
 [0.52858452 1.09130235]
 [0.30110473 0.43736599]
 [0.19233068 0.28031148]
 [1.55760378 3.14749308]] nu :  [0.08360685 0.18715854] k : [1.77830521 1.46044372 1.03960354] theta : [6.43256312 3.4704715 ] sigma : [2.9        1.85599824] zeta : [0.01011387 0.04444895] rho : 0.02 kappa : 0.5
      23             34         9.2584e-01      8.73e-07       4.50e-05       9.86e-02    
      24             35         9.2584e-01      1.73e-09       1.14e-07       9.01e-02    
Both `ftol` and `xtol` termination conditions are satisfied.
Function evaluations 35, initial cost 1.1726e+01, final cost 9.2584e-01, first-order optimality 9.01e-02.
fe :  [0.06348811 0.01849524] fo :  [0.02808923 0.00573732] delta :  [[0.20448898 0.25906766]
 [0.1767483  0.28549439]
 [0.17084633 0.24953331]
 [0.30420486 0.57365556]
 [0.26240678 0.45841317]
 [0.54340226 1.22774454]
 [0.0750472  0.08383604]
 [0.11187947 0.21625325]
 [0.52858453 1.09130239]
 [0.30110473 0.43736601]
 [0.19233068 0.28031149]
 [1.55760381 3.1474931 ]] nu :  [0.08360685 0.18715854] k : [1.77830521 1.46044372 1.03960354] theta : [6.43256312 3.4704715 ] sigma : [2.9        1.85599824] zeta : [0.01011387 0.04444895] rho : 0.02 kappa : 0.5
   Iteration     Total nfev        Cost      Cost reduction    Step norm     Optimality   
       0              1         9.2584e-01                                    9.28e-02    
       1              2         9.2299e-01      2.85e-03       1.53e+04       6.84e+05    
       2              3         9.1905e-01      3.94e-03       1.21e+03       5.59e+05    
fe :  [0.06348811 0.01849524] fo :  [0.02808923 0.00573732] delta :  [[0.20501988 0.26212612]
 [0.1733883  0.28456732]
 [0.17004826 0.2493214 ]
 [0.30016657 0.57442472]
 [0.25957448 0.4616404 ]
 [0.53805521 1.24279334]
 [0.07543812 0.08266487]
 [0.1109399  0.21153376]
 [0.52391244 1.1034714 ]
 [0.29764569 0.43627138]
 [0.18989205 0.28710824]
 [1.56251461 3.25977865]] nu :  [0.08360685 0.18715854] k : [1.77830521 1.46044372 1.03960354] theta : [6.43256312 3.4704715 ] sigma : [2.9        1.85599824] zeta : [0.01011387 0.04444895] rho : 0.02 kappa : 0.5
       3              7         9.1477e-01      4.29e-03       2.19e+02       1.31e+06    
       4             10         9.1304e-01      1.72e-03       2.21e+00       5.22e+05    
fe :  [0.06348811 0.01849524] fo :  [0.02808923 0.00573732] delta :  [[0.20440102 0.26273599]
 [0.17424145 0.28865248]
 [0.17063265 0.25171656]
 [0.30364801 0.57779016]
 [0.26154386 0.46048728]
 [0.54243863 1.24216505]
 [0.07472462 0.08469067]
 [0.11160276 0.218782  ]
 [0.52692313 1.10528494]
 [0.29999542 0.44149853]
 [0.19170121 0.28268612]
 [1.56219074 3.19601658]] nu :  [0.08360685 0.18715854] k : [1.77830521 1.46044372 1.03960354] theta : [6.43256312 3.4704715 ] sigma : [2.9        1.85599824] zeta : [0.01011387 0.04444895] rho : 0.02 kappa : 0.5
       5             12         9.1218e-01      8.66e-04       1.59e-01       1.43e+05    
       6             15         9.1215e-01      2.40e-05       6.93e-03       2.32e+04    
fe :  [0.06348811 0.01849524] fo :  [0.02808923 0.00573732] delta :  [[0.20410331 0.26270234]
 [0.1790582  0.28954611]
 [0.17065776 0.25247484]
 [0.3041552  0.57892134]
 [0.26221013 0.46185676]
 [0.5432546  1.24350735]
 [0.07475682 0.08508011]
 [0.11162747 0.21928794]
 [0.52786737 1.1065521 ]
 [0.30060087 0.44228447]
 [0.19219909 0.28337103]
 [1.56342482 3.19690962]] nu :  [0.08360685 0.18715854] k : [1.77830521 1.46044372 1.03960354] theta : [6.43256312 3.4704715 ] sigma : [2.9        1.85599824] zeta : [0.01011387 0.04444895] rho : 0.02 kappa : 0.5
       7             16         9.1212e-01      3.74e-05       1.74e-03       1.69e+03    
       8             17         9.1208e-01      3.32e-05       4.30e-03       1.18e+03    
       9             18         9.1206e-01      1.75e-05       4.13e-03       5.99e+03    
fe :  [0.06348811 0.01849524] fo :  [0.02808923 0.00573732] delta :  [[0.20452738 0.26313734]
 [0.17811    0.28964475]
 [0.17148645 0.25303374]
 [0.30475917 0.58053635]
 [0.26289208 0.46387187]
 [0.54438623 1.24659944]
 [0.07544812 0.08506615]
 [0.11235731 0.21943514]
 [0.52909562 1.10893739]
 [0.30127437 0.44300417]
 [0.19267011 0.28390197]
 [1.56658743 3.19946336]] nu :  [0.08360685 0.18715854] k : [1.77830521 1.46044372 1.03960354] theta : [6.43256312 3.4704715 ] sigma : [2.9        1.85599824] zeta : [0.01011387 0.04444895] rho : 0.02 kappa : 0.5
      10             19         9.1205e-01      1.69e-05       4.45e-03       7.17e+03    
      11             20         9.1202e-01      2.32e-05       4.77e-03       1.88e+03    
fe :  [0.06348811 0.01849524] fo :  [0.02808923 0.00573732] delta :  [[0.20457258 0.26338712]
 [0.17760045 0.29002162]
 [0.17169354 0.25350813]
 [0.30504411 0.58129566]
 [0.26315164 0.46467406]
 [0.54484612 1.24766285]
 [0.07560761 0.08538592]
 [0.1125115  0.21985426]
 [0.52957523 1.10984665]
 [0.30158184 0.44354327]
 [0.19289284 0.28435627]
 [1.56758869 3.20055651]] nu :  [0.08360685 0.18715854] k : [1.77830521 1.46044372 1.03960354] theta : [6.43256312 3.4704715 ] sigma : [2.9        1.85599824] zeta : [0.01011387 0.04444895] rho : 0.02 kappa : 0.5
      12             21         9.1201e-01      9.33e-06       4.12e-03       1.46e+04    
      13             22         9.1201e-01      5.54e-06       1.39e-03       1.33e-01    
fe :  [0.06348811 0.01849524] fo :  [0.02808923 0.00573732] delta :  [[0.20455186 0.2633598 ]
 [0.17747385 0.28999203]
 [0.17167378 0.25348277]
 [0.30501035 0.58132865]
 [0.26312215 0.46472309]
 [0.54479421 1.2478888 ]
 [0.07559916 0.08537631]
 [0.11249772 0.2198305 ]
 [0.52952538 1.10998467]
 [0.30154889 0.44350241]
 [0.19287015 0.28432765]
 [1.56781782 3.20081201]] nu :  [0.08360685 0.18715854] k : [1.77830521 1.46044372 1.03960354] theta : [6.43256312 3.4704715 ] sigma : [2.9        1.85599824] zeta : [0.01011387 0.04444895] rho : 0.02 kappa : 0.5
      14             23         9.1201e-01      2.91e-06       8.42e-04       3.03e+03    
      15             29         9.1201e-01      4.30e-07       2.16e-05       2.98e+02    
      16             31         9.1201e-01      0.00e+00       0.00e+00       2.98e+02    
`xtol` termination condition is satisfied.
Function evaluations 31, initial cost 9.2584e-01, final cost 9.1201e-01, first-order optimality 2.98e+02.
   Iteration     Total nfev        Cost      Cost reduction    Step norm     Optimality   
       0              1         9.1201e-01                                    1.11e-01    
fe :  [0.06348811 0.01849524] fo :  [0.02808923 0.00573732] delta :  [[0.20214313 0.28373172]
 [0.17782429 0.30331378]
 [0.17445835 0.2609838 ]
 [0.30830948 0.60012508]
 [0.26594744 0.4789811 ]
 [0.54796537 1.31214465]
 [0.07719375 0.09234747]
 [0.11458364 0.23245247]
 [0.53119359 1.1630684 ]
 [0.30326814 0.45860046]
 [0.19447096 0.29526603]
 [1.58603371 3.44117085]] nu :  [0.08360685 0.18715854] k : [1.77830521 1.46044372 1.03960354] theta : [6.43256312 3.4704715 ] sigma : [2.9        1.85599824] zeta : [0.01011387 0.04444895] rho : 0.02 kappa : 0.5
       1              2         9.0911e-01      2.89e-03       1.02e+04       4.17e+05    
       2              4         9.0170e-01      7.42e-03       2.46e+03       3.43e+05    
fe :  [0.06348811 0.01849524] fo :  [0.02808923 0.00573732] delta :  [[0.20241959 0.28132954]
 [0.17936918 0.30836039]
 [0.17514681 0.26743552]
 [0.310294   0.61268898]
 [0.26776866 0.49000413]
 [0.55204719 1.32133426]
 [0.07864073 0.09427886]
 [0.11549042 0.234573  ]
 [0.5361593  1.17339426]
 [0.30595191 0.46750649]
 [0.19626602 0.30014936]
 [1.59446635 3.45702314]] nu :  [0.08360685 0.18715854] k : [1.77830521 1.46044372 1.03960354] theta : [6.43256312 3.4704715 ] sigma : [2.9        1.85599824] zeta : [0.01011387 0.04444895] rho : 0.02 kappa : 0.5
       3             12         9.0168e-01      1.42e-05       1.03e-02       7.07e+03    
       4             13         9.0168e-01      5.20e-07       1.87e-03       2.86e+03    
fe :  [0.06348811 0.01849524] fo :  [0.02808923 0.00573732] delta :  [[0.20251193 0.28128025]
 [0.17934366 0.30836403]
 [0.17511773 0.26773167]
 [0.31025864 0.6133618 ]
 [0.26774167 0.4906495 ]
 [0.55200925 1.32206933]
 [0.07863104 0.09426508]
 [0.1154638  0.23456376]
 [0.53619997 1.17437519]
 [0.30594315 0.46827722]
 [0.19623906 0.30035652]
 [1.59489274 3.45730912]] nu :  [0.08360685 0.18715854] k : [1.77830521 1.46044372 1.03960354] theta : [6.43256312 3.4704715 ] sigma : [2.9        1.85599824] zeta : [0.01011387 0.04444895] rho : 0.02 kappa : 0.5
       5             19         9.0168e-01      1.26e-07       6.55e-05       1.88e+03    
       6             20         9.0168e-01      6.83e-10       7.20e-08       4.65e+02    
Both `ftol` and `xtol` termination conditions are satisfied.
Function evaluations 20, initial cost 9.1201e-01, final cost 9.0168e-01, first-order optimality 4.65e+02.
fe :  [0.06348811 0.01849524] fo :  [0.02808923 0.00573732] delta :  [[0.20251193 0.28128025]
 [0.17934366 0.30836402]
 [0.17511773 0.26773167]
 [0.31025864 0.61336179]
 [0.26774167 0.49064949]
 [0.55200924 1.32206932]
 [0.07863104 0.09426508]
 [0.1154638  0.23456376]
 [0.53619996 1.17437519]
 [0.30594314 0.46827721]
 [0.19623905 0.30035651]
 [1.59489273 3.45730911]] nu :  [0.08360685 0.18715854] k : [1.77830521 1.46044372 1.03960354] theta : [6.43256312 3.4704715 ] sigma : [2.9        1.85599824] zeta : [0.01011387 0.04444895] rho : 0.02 kappa : 0.5
   Iteration     Total nfev        Cost      Cost reduction    Step norm     Optimality   
       0              1         9.0168e-01                                    2.27e+02    
       1              7         9.0147e-01      2.09e-04       1.30e+00       2.11e+05    
       2             11         9.0139e-01      7.79e-05       1.14e-02       7.73e+03    
fe :  [0.06348811 0.01849524] fo :  [0.02808923 0.00573732] delta :  [[0.20219968 0.27671549]
 [0.17704958 0.30274192]
 [0.17294535 0.26261832]
 [0.30687212 0.60416933]
 [0.26477241 0.48304786]
 [0.54685839 1.30343813]
 [0.07719324 0.09133251]
 [0.11369568 0.22945171]
 [0.53127256 1.15952804]
 [0.30297243 0.46090319]
 [0.19389376 0.29498671]
 [1.58338048 3.41028875]] nu :  [0.08360685 0.18715854] k : [1.77830521 1.46044372 1.03960354] theta : [6.43256312 3.4704715 ] sigma : [2.9        1.85599824] zeta : [0.01011387 0.04444895] rho : 0.02 kappa : 0.5
       3             12         9.0137e-01      2.39e-05       1.24e-02       1.18e+04    
       4             13         9.0135e-01      1.63e-05       2.09e-02       2.39e+04    
fe :  [0.06348811 0.01849524] fo :  [0.02808923 0.00573732] delta :  [[0.20217319 0.27660292]
 [0.17684886 0.30232511]
 [0.17274899 0.26214958]
 [0.30653973 0.60342223]
 [0.26449298 0.48233496]
 [0.54627158 1.30287903]
 [0.07706086 0.09108904]
 [0.1135258  0.22896392]
 [0.53066385 1.15858387]
 [0.30264229 0.46017215]
 [0.19365505 0.29442239]
 [1.58256319 3.41145289]] nu :  [0.08360685 0.18715854] k : [1.77830521 1.46044372 1.03960354] theta : [6.43256312 3.4704715 ] sigma : [2.9        1.85599824] zeta : [0.01011387 0.04444895] rho : 0.02 kappa : 0.5
       5             18         9.0135e-01      3.64e-07       1.07e-04       1.19e+03    
       6             22         9.0135e-01      4.31e-09       3.77e-05       2.18e+03    
fe :  [0.06348811 0.01849524] fo :  [0.02808923 0.00573732] delta :  [[0.2021732  0.27660294]
 [0.17684887 0.30232512]
 [0.172749   0.26214959]
 [0.30653974 0.60342224]
 [0.26449299 0.48233497]
 [0.54627159 1.30287904]
 [0.07706086 0.09108905]
 [0.11352581 0.22896393]
 [0.53066386 1.15858388]
 [0.3026423  0.46017217]
 [0.19365506 0.29442241]
 [1.5825632  3.41145289]] nu :  [0.08360685 0.18715854] k : [1.77830521 1.46044372 1.03960354] theta : [6.43256312 3.4704715 ] sigma : [2.9        1.85599824] zeta : [0.01011387 0.04444895] rho : 0.02 kappa : 0.5
       7             23         9.0135e-01      4.34e-08       9.48e-06       9.26e-03    
       8             24         9.0135e-01      2.95e-11       5.95e-08       2.00e-02    
       9             27         9.0135e-01      1.30e-10       1.36e-09       1.66e-02    
`ftol` termination condition is satisfied.
Function evaluations 27, initial cost 9.0168e-01, final cost 9.0135e-01, first-order optimality 1.66e-02.
fe :  [0.06348811 0.01849524] fo :  [0.02808923 0.00573732] delta :  [[0.2021732  0.27660295]
 [0.17684887 0.30232512]
 [0.172749   0.26214959]
 [0.30653974 0.60342224]
 [0.26449299 0.48233497]
 [0.54627159 1.30287904]
 [0.07706086 0.09108905]
 [0.11352582 0.22896393]
 [0.53066386 1.15858387]
 [0.3026423  0.46017216]
 [0.19365506 0.2944224 ]
 [1.5825632  3.4114529 ]] nu :  [0.08360685 0.18715854] k : [1.77830521 1.46044372 1.03960354] theta : [6.43256312 3.4704715 ] sigma : [2.9        1.85599824] zeta : [0.01011387 0.04444895] rho : 0.02 kappa : 0.5
   Iteration     Total nfev        Cost      Cost reduction    Step norm     Optimality   
       0              1         9.0135e-01                                    9.36e-03    
       1              7         9.0131e-01      4.70e-05       1.82e+00       8.74e+04    
fe :  [0.06348811 0.01849524] fo :  [0.02808923 0.00573732] delta :  [[0.2021244  0.27520062]
 [0.17620834 0.30001924]
 [0.17218504 0.26009228]
 [0.30577184 0.59952478]
 [0.26380299 0.47911753]
 [0.54510603 1.29484567]
 [0.07664189 0.09006399]
 [0.11310046 0.22721585]
 [0.52957907 1.15133901]
 [0.30193926 0.45712421]
 [0.19312406 0.29228313]
 [1.57886962 3.39657596]] nu :  [0.08360685 0.18715854] k : [1.77830521 1.46044372 1.03960354] theta : [6.43256312 3.4704715 ] sigma : [2.9        1.85599824] zeta : [0.01011387 0.04444895] rho : 0.02 kappa : 0.5
       2             11         9.0129e-01      1.40e-05       5.45e-03       4.73e+03    
       3             16         9.0129e-01      5.24e-09       4.08e-05       3.21e-02    
fe :  [0.06348811 0.01849524] fo :  [0.02808923 0.00573732] delta :  [[0.20212481 0.27520178]
 [0.17620925 0.30002044]
 [0.17218607 0.26009355]
 [0.30577297 0.59952605]
 [0.26380414 0.47911877]
 [0.54510721 1.29484666]
 [0.07664295 0.09006511]
 [0.11310153 0.22721709]
 [0.52958027 1.15134012]
 [0.30194043 0.45712548]
 [0.19312522 0.29228439]
 [1.57887042 3.39657628]] nu :  [0.08360685 0.18715854] k : [1.77830521 1.46044372 1.03960354] theta : [6.43256312 3.4704715 ] sigma : [2.9        1.85599824] zeta : [0.01011387 0.04444895] rho : 0.02 kappa : 0.5
       4             20         9.0129e-01      3.87e-11       2.05e-08       1.39e-02    
       5             22         9.0129e-01      4.43e-11       9.08e-10       1.66e-02    
`ftol` termination condition is satisfied.
Function evaluations 22, initial cost 9.0135e-01, final cost 9.0129e-01, first-order optimality 1.66e-02.
   Iteration     Total nfev        Cost      Cost reduction    Step norm     Optimality   
       0              1         9.0129e-01                                    9.90e-03    
fe :  [0.06348811 0.01849524] fo :  [0.02808923 0.00573732] delta :  [[0.20214975 0.27561614]
 [0.17587617 0.29939322]
 [0.17178994 0.25924663]
 [0.30524665 0.5987713 ]
 [0.26334417 0.47828422]
 [0.54427205 1.29523738]
 [0.07643705 0.08975605]
 [0.11281264 0.22659314]
 [0.52874617 1.15115635]
 [0.30149022 0.4564418 ]
 [0.19273078 0.2916626 ]
 [1.57804108 3.40159313]] nu :  [0.08360685 0.18715854] k : [1.77830521 1.46044372 1.03960354] theta : [6.43256312 3.4704715 ] sigma : [2.9        1.85599824] zeta : [0.01011387 0.04444895] rho : 0.02 kappa : 0.5
       1              7         9.0128e-01      1.28e-05       2.24e+00       6.35e+04    
       2             11         9.0126e-01      1.68e-05       1.04e-03       7.79e+02    
fe :  [0.06348811 0.01849524] fo :  [0.02808923 0.00573732] delta :  [[0.20199419 0.27435027]
 [0.17558021 0.29820684]
 [0.17162198 0.25830234]
 [0.30485746 0.59654835]
 [0.26301063 0.47667101]
 [0.54360411 1.29011545]
 [0.07625714 0.0892334 ]
 [0.112641   0.22558561]
 [0.52815422 1.14676727]
 [0.30108874 0.45467652]
 [0.19250514 0.2905464 ]
 [1.57585544 3.38869528]] nu :  [0.08360685 0.18715854] k : [1.77830521 1.46044372 1.03960354] theta : [6.43256312 3.4704715 ] sigma : [2.9        1.85599824] zeta : [0.01011387 0.04444895] rho : 0.02 kappa : 0.5
       3             12         9.0126e-01      4.63e-07       3.91e-03       2.69e+02    
       4             19         9.0126e-01      4.83e-11       2.29e-07       1.99e+03    
`ftol` termination condition is satisfied.
Function evaluations 19, initial cost 9.0129e-01, final cost 9.0126e-01, first-order optimality 1.99e+03.
minimizing time 27.03046545899997
12  countries,  3  sectors 
Solving time : 0.038564041002246086 
Iterations :  99 
Deviation norm :  TODO 
Status :  successful 
Hit the bounds  0  times

wrote pre-TRIPS result to calibration_results_matched_economy/baseline_2002_variations/8.1/

=== delta by patenting sector: pre-TRIPS (1992) vs 2015 (run 8.0) ===
(higher delta = WEAKER protection; gap = pharma-chem / other patenting)
         d_other_1992  d_pharma_1992  ...  d_pharma_2015  gap_2015
country                               ...                         
USA             0.202          0.274  ...          0.137     1.130
EUR             0.176          0.298  ...          0.174     1.427
JAP             0.172          0.258  ...          0.161     1.185
CHN             0.305          0.597  ...          0.256     1.263
BRA             0.263          0.477  ...          0.274     1.478
IND             0.544          1.290  ...          0.372     1.397
CAN             0.076          0.089  ...          0.099     1.106
KOR             0.113          0.226  ...          0.135     1.683
RUS             0.528          1.147  ...          0.404     1.698
MEX             0.301          0.455  ...          0.269     1.194
ZAF             0.193          0.291  ...          0.305     1.810
ROW             1.576          3.389  ...          2.399     1.563

[12 rows x 6 columns]

saved comparison table to calibration_results_matched_economy/baseline_2002_variations/8.1/delta_pharma_gap_1992_vs_2015.csv
