RUN 4 mono configs (old fee, corrected 1992 TO)

  [base->17.0] calib=['delta', 'T', 'eta'] delta_free=[0, 12] moments=['SPFLOW', 'DOMPATINUS', 'OUT', 'RD', 'RP', 'SRGDP', 'UUPCOST']
     initial obj=3.769 (successful)
fe :  [0.08263491] fo :  [0.05270316] delta :  [[0.0796478 ]
 [0.08649414]
 [0.09691331]
 [0.13603759]
 [0.15560797]
 [0.2222137 ]
 [0.06533472]
 [0.05940816]
 [0.21006018]
 [0.18912276]
 [0.15536466]
 [1.40461998]] nu :  [0.05386976] k : [1.10274735 1.25136328] theta : [6.23952397] sigma : [2.9] zeta : [0.00858743] rho : 0.02 kappa : 0.5
   Iteration     Total nfev        Cost      Cost reduction    Step norm     Optimality   
       0              1         7.1024e+00                                    4.58e+07    
       1              2         5.3617e+00      1.74e+00       4.13e-03       2.50e+07    
       2              3         3.9358e+00      1.43e+00       8.59e-03       9.97e+06    
       3              4         1.5059e+00      2.43e+00       6.00e+04       2.00e+06    
fe :  [0.08263491] fo :  [0.05270316] delta :  [[0.11186424]
 [0.11751424]
 [0.10693389]
 [0.2181732 ]
 [0.22020628]
 [0.42579561]
 [0.06200976]
 [0.09080179]
 [0.39878453]
 [0.24771546]
 [0.1595166 ]
 [1.45152941]] nu :  [0.05386976] k : [1.10274735 1.25136328] theta : [6.23952397] sigma : [2.9] zeta : [0.00858743] rho : 0.02 kappa : 0.5
       4              5         1.4864e+00      1.95e-02       3.66e+03       1.89e+06    
       5              6         1.3898e+00      9.66e-02       1.20e+04       1.52e+06    
       6              7         1.3808e+00      9.01e-03       2.19e+03       1.50e+06    
       7              8         1.1472e+00      2.34e-01       6.36e+04       1.83e+05    
fe :  [0.08263491] fo :  [0.05270316] delta :  [[0.10916717]
 [0.11608542]
 [0.10670157]
 [0.22295377]
 [0.1987319 ]
 [0.46647574]
 [0.04911055]
 [0.08261687]
 [0.42609377]
 [0.22027527]
 [0.13253628]
 [1.30858007]] nu :  [0.05386976] k : [1.10274735 1.25136328] theta : [6.23952397] sigma : [2.9] zeta : [0.00858743] rho : 0.02 kappa : 0.5
       8              9         1.1166e+00      3.06e-02       2.91e+04       5.91e+04    
       9             12         1.0853e+00      3.13e-02       1.76e+05       5.45e+05    
      10             17         1.0663e+00      1.89e-02       2.84e+02       1.73e+06    
      11             20         1.0635e+00      2.81e-03       1.29e+00       1.32e+06    
fe :  [0.08263491] fo :  [0.05270316] delta :  [[0.10663279]
 [0.11127277]
 [0.10205099]
 [0.21487875]
 [0.18729528]
 [0.4504745 ]
 [0.04389959]
 [0.07718653]
 [0.4106542 ]
 [0.20833163]
 [0.12395115]
 [1.25560406]] nu :  [0.05386976] k : [1.10274735 1.25136328] theta : [6.23952397] sigma : [2.9] zeta : [0.00858743] rho : 0.02 kappa : 0.5
      12             21         1.0570e+00      6.55e-03       1.45e+00       2.55e+05    
      13             22         1.0544e+00      2.61e-03       5.62e+00       9.79e+05    
      14             23         1.0519e+00      2.42e-03       1.71e+01       1.40e+06    
      15             24         1.0496e+00      2.33e-03       2.73e+01       7.28e+04    
fe :  [0.08263491] fo :  [0.05270316] delta :  [[0.10438411]
 [0.10435956]
 [0.09552559]
 [0.20450668]
 [0.17756529]
 [0.43073819]
 [0.03930549]
 [0.07169918]
 [0.39200623]
 [0.19770564]
 [0.11664785]
 [1.19151852]] nu :  [0.05386976] k : [1.10274735 1.25136328] theta : [6.23952397] sigma : [2.9] zeta : [0.00858743] rho : 0.02 kappa : 0.5
      16             26         1.0493e+00      2.64e-04       1.05e+01       5.21e+05    
      17             27         1.0490e+00      2.97e-04       8.41e+00       8.51e+05    
      18             28         1.0488e+00      2.06e-04       4.51e+00       7.39e+04    
      19             35         1.0488e+00      7.55e-06       8.88e-05       1.08e+03    
      20             38         1.0488e+00      0.00e+00       0.00e+00       1.08e+03    
`xtol` termination condition is satisfied.
Function evaluations 38, initial cost 7.1024e+00, final cost 1.0488e+00, first-order optimality 1.08e+03.
fe :  [0.08263491] fo :  [0.05270316] delta :  [[0.10504442]
 [0.105798  ]
 [0.09691252]
 [0.20687514]
 [0.17982347]
 [0.43490901]
 [0.04019762]
 [0.07295719]
 [0.39638562]
 [0.19997799]
 [0.11841769]
 [1.20421355]] nu :  [0.05386976] k : [1.10274735 1.25136328] theta : [6.23952397] sigma : [2.9] zeta : [0.00858743] rho : 0.02 kappa : 0.5
   Iteration     Total nfev        Cost      Cost reduction    Step norm     Optimality   
       0              1         1.0488e+00                                    1.39e+03    
       1             15         1.0488e+00      0.00e+00       0.00e+00       1.39e+03    
`xtol` termination condition is satisfied.
Function evaluations 15, initial cost 1.0488e+00, final cost 1.0488e+00, first-order optimality 1.39e+03.
   Iteration     Total nfev        Cost      Cost reduction    Step norm     Optimality   
       0              1         1.0488e+00                                    1.96e+03    
       1             15         1.0488e+00      0.00e+00       0.00e+00       1.96e+03    
`xtol` termination condition is satisfied.
Function evaluations 15, initial cost 1.0488e+00, final cost 1.0488e+00, first-order optimality 1.96e+03.
   Iteration     Total nfev        Cost      Cost reduction    Step norm     Optimality   
       0              1         1.0488e+00                                    1.12e+03    
fe :  [0.08263491] fo :  [0.05270316] delta :  [[0.10545515]
 [0.10728251]
 [0.09832296]
 [0.20897194]
 [0.18159945]
 [0.43861173]
 [0.04110315]
 [0.07401916]
 [0.40037131]
 [0.20244736]
 [0.12006709]
 [1.21955725]] nu :  [0.05386976] k : [1.10274735 1.25136328] theta : [6.23952397] sigma : [2.9] zeta : [0.00858743] rho : 0.02 kappa : 0.5
       1              6         1.0478e+00      1.01e-03       1.90e+02       6.62e+05    
       2              7         1.0468e+00      9.76e-04       1.98e+02       1.07e+05    
       3              8         1.0459e+00      9.58e-04       2.18e+02       3.06e+06    
       4             14         1.0456e+00      2.97e-04       1.27e-02       1.05e+05    
fe :  [0.08263491] fo :  [0.05270316] delta :  [[0.10595395]
 [0.10843778]
 [0.09969534]
 [0.21129871]
 [0.18369197]
 [0.44319095]
 [0.04217983]
 [0.07534607]
 [0.40480042]
 [0.20375442]
 [0.12148423]
 [1.22970435]] nu :  [0.05386976] k : [1.10274735 1.25136328] theta : [6.23952397] sigma : [2.9] zeta : [0.00858743] rho : 0.02 kappa : 0.5
       5             15         1.0454e+00      1.46e-04       9.03e-03       4.24e+04    
       6             16         1.0453e+00      1.61e-04       1.97e-02       2.67e+04    
       7             17         1.0451e+00      2.16e-04       4.87e-02       1.42e+05    
       8             22         1.0450e+00      7.39e-06       1.40e-04       1.72e+03    
fe :  [0.08263491] fo :  [0.05270316] delta :  [[0.10517729]
 [0.10627154]
 [0.09753465]
 [0.20776705]
 [0.18055315]
 [0.4366254 ]
 [0.04078064]
 [0.07351876]
 [0.39783084]
 [0.20084066]
 [0.1189431 ]
 [1.2106212 ]] nu :  [0.05386976] k : [1.10274735 1.25136328] theta : [6.23952397] sigma : [2.9] zeta : [0.00858743] rho : 0.02 kappa : 0.5
       9             26         1.0450e+00      6.21e-09       3.35e-06       8.45e+02    
      10             27         1.0450e+00      5.14e-09       5.02e-07       1.65e-02    
      11             28         1.0450e+00      4.41e-09       7.04e-08       5.72e-02    
`ftol` termination condition is satisfied.
Function evaluations 28, initial cost 1.0488e+00, final cost 1.0450e+00, first-order optimality 5.72e-02.
   Iteration     Total nfev        Cost      Cost reduction    Step norm     Optimality   
       0              1         1.0450e+00                                    6.82e-02    
fe :  [0.08263491] fo :  [0.05270316] delta :  [[0.1059046 ]
 [0.10690146]
 [0.09790554]
 [0.20858609]
 [0.18132312]
 [0.43810995]
 [0.04097299]
 [0.07386996]
 [0.3998185 ]
 [0.20239884]
 [0.11976559]
 [1.21874104]] nu :  [0.05386976] k : [1.10274735 1.25136328] theta : [6.23952397] sigma : [2.9] zeta : [0.00858743] rho : 0.02 kappa : 0.5
       1              6         1.0441e+00      9.72e-04       2.20e+04       9.80e+05    
       2              7         1.0427e+00      1.40e-03       7.31e+03       1.72e+05    
       3             18         1.0426e+00      2.93e-05       5.06e-04       7.80e+03    
       4             22         1.0426e+00      8.66e-08       8.47e-06       4.37e-02    
fe :  [0.08263491] fo :  [0.05270316] delta :  [[0.1057271 ]
 [0.10765282]
 [0.09860512]
 [0.20952933]
 [0.18222233]
 [0.43984202]
 [0.04129364]
 [0.07452695]
 [0.40161363]
 [0.20330862]
 [0.12055046]
 [1.22356182]] nu :  [0.05386976] k : [1.10274735 1.25136328] theta : [6.23952397] sigma : [2.9] zeta : [0.00858743] rho : 0.02 kappa : 0.5
       5             23         1.0426e+00      8.43e-08       6.49e-06       5.96e-02    
       6             24         1.0426e+00      1.98e-07       1.42e-05       7.44e+02    
       7             29         1.0426e+00      3.74e-10       1.50e-07       2.26e-02    
       8             36         1.0426e+00      0.00e+00       0.00e+00       2.26e-02    
`xtol` termination condition is satisfied.
Function evaluations 36, initial cost 1.0450e+00, final cost 1.0426e+00, first-order optimality 2.26e-02.
   Iteration     Total nfev        Cost      Cost reduction    Step norm     Optimality   
       0              1         1.0426e+00                                    1.06e-02    
fe :  [0.08263491] fo :  [0.05270316] delta :  [[0.10228188]
 [0.10414741]
 [0.10210894]
 [0.2091566 ]
 [0.18038758]
 [0.42955851]
 [0.03795585]
 [0.07154235]
 [0.38963292]
 [0.206473  ]
 [0.11544425]
 [1.18054816]] nu :  [0.05386976] k : [1.10274735 1.25136328] theta : [6.23952397] sigma : [2.9] zeta : [0.00858743] rho : 0.02 kappa : 0.5
       1             10         1.0425e+00      1.17e-04       8.38e+00       8.02e+04    
       2             11         1.0422e+00      3.43e-04       7.38e-01       1.58e+05    
       3             18         1.0422e+00      2.02e-07       1.11e-04       4.96e+02    
fe :  [0.08263491] fo :  [0.05270316] delta :  [[0.10495012]
 [0.10553908]
 [0.09679275]
 [0.2065434 ]
 [0.17956658]
 [0.43446358]
 [0.03996861]
 [0.0728384 ]
 [0.39566076]
 [0.19965514]
 [0.11808834]
 [1.20227696]] nu :  [0.05386976] k : [1.10274735 1.25136328] theta : [6.23952397] sigma : [2.9] zeta : [0.00858743] rho : 0.02 kappa : 0.5
       4             23         1.0422e+00      2.41e-09       1.81e-07       9.29e+02    
`ftol` termination condition is satisfied.
Function evaluations 23, initial cost 1.0426e+00, final cost 1.0422e+00, first-order optimality 9.29e+02.
  [base->17.0] DONE obj=1.444 -> calibration_results_matched_economy/baseline_2000_variations/17.0/
  [fefo->17.1] calib=['delta', 'T', 'eta', 'fe', 'fo'] delta_free=[0, 12] moments=['SPFLOW', 'DOMPATINUS', 'OUT', 'RD', 'RP', 'SRGDP', 'UUPCOST']
     initial obj=3.769 (successful)
fe :  [0.08263491] fo :  [0.05270316] delta :  [[0.0796478 ]
 [0.08649414]
 [0.09691331]
 [0.13603759]
 [0.15560797]
 [0.2222137 ]
 [0.06533472]
 [0.05940816]
 [0.21006018]
 [0.18912276]
 [0.15536466]
 [1.40461998]] nu :  [0.05386976] k : [1.10274735 1.25136328] theta : [6.23952397] sigma : [2.9] zeta : [0.00858743] rho : 0.02 kappa : 0.5
   Iteration     Total nfev        Cost      Cost reduction    Step norm     Optimality   
       0              1         7.1024e+00                                    4.58e+07    
       1              2         5.3617e+00      1.74e+00       4.13e-03       2.50e+07    
       2              3         3.9358e+00      1.43e+00       8.59e-03       9.97e+06    
fe :  [0.31559896] fo :  [0.05434602] delta :  [[0.16123985]
 [0.12192343]
 [0.10562297]
 [0.19494174]
 [0.19124198]
 [0.3904924 ]
 [0.0519439 ]
 [0.07415855]
 [0.3642719 ]
 [0.21651686]
 [0.13329953]
 [1.32293883]] nu :  [0.05386976] k : [1.10274735 1.25136328] theta : [6.23952397] sigma : [2.9] zeta : [0.00858743] rho : 0.02 kappa : 0.5
       3              4         2.1301e+00      1.81e+00       7.49e+04       1.34e+06    
       4              5         2.1164e+00      1.37e-02       1.01e+03       1.35e+06    
       5              6         1.9142e+00      2.02e-01       1.03e+04       4.83e+05    
       6              7         1.8704e+00      4.38e-02       1.61e+03       4.53e+05    
fe :  [0.08465545] fo :  [0.03617845] delta :  [[0.13474305]
 [0.14753208]
 [0.1232931 ]
 [0.24988424]
 [0.22847086]
 [0.52567196]
 [0.05659796]
 [0.10166198]
 [0.47766537]
 [0.25528351]
 [0.15706595]
 [1.46398345]] nu :  [0.05386976] k : [1.10274735 1.25136328] theta : [6.23952397] sigma : [2.9] zeta : [0.00858743] rho : 0.02 kappa : 0.5
       7              9         1.1875e+00      6.83e-01       5.02e+03       2.79e+06    
       8             10         1.0606e+00      1.27e-01       1.95e+03       4.06e+05    
       9             18         1.0550e+00      5.61e-03       5.65e-02       8.39e+03    
      10             20         1.0545e+00      5.49e-04       2.60e-02       9.69e+04    
fe :  [0.04117704] fo :  [0.01613355] delta :  [[0.13679041]
 [0.12747793]
 [0.11660696]
 [0.23788837]
 [0.20808955]
 [0.49003315]
 [0.05328522]
 [0.08987336]
 [0.44694944]
 [0.23053465]
 [0.1404169 ]
 [1.34239886]] nu :  [0.05386976] k : [1.10274735 1.25136328] theta : [6.23952397] sigma : [2.9] zeta : [0.00858743] rho : 0.02 kappa : 0.5
      11             21         1.0542e+00      2.52e-04       1.86e-01       7.77e+04    
      12             25         1.0542e+00      7.54e-06       1.35e-03       1.08e+04    
      13             27         1.0542e+00      1.63e-07       8.91e-05       4.51e+02    
      14             28         1.0542e+00      0.00e+00       0.00e+00       4.51e+02    
`xtol` termination condition is satisfied.
Function evaluations 28, initial cost 7.1024e+00, final cost 1.0542e+00, first-order optimality 4.51e+02.
   Iteration     Total nfev        Cost      Cost reduction    Step norm     Optimality   
       0              1         1.0542e+00                                    9.81e+02    
fe :  [0.04118765] fo :  [0.01612489] delta :  [[0.13706928]
 [0.12771386]
 [0.11681839]
 [0.23825123]
 [0.2086222 ]
 [0.49074023]
 [0.05332186]
 [0.09009814]
 [0.44746166]
 [0.23094911]
 [0.14074557]
 [1.34297667]] nu :  [0.05386976] k : [1.10274735 1.25136328] theta : [6.23952397] sigma : [2.9] zeta : [0.00858743] rho : 0.02 kappa : 0.5
       1             17         1.0542e+00      1.15e-08       1.07e-05       3.97e+02    
`xtol` termination condition is satisfied.
Function evaluations 17, initial cost 1.0542e+00, final cost 1.0542e+00, first-order optimality 3.97e+02.
   Iteration     Total nfev        Cost      Cost reduction    Step norm     Optimality   
       0              1         1.0542e+00                                    7.76e+00    
       1              2         1.0530e+00      1.21e-03       3.37e+03       4.42e+05    
       2              3         1.0494e+00      3.59e-03       1.61e+04       8.93e+05    
fe :  [0.00546303] fo :  [5.95366679e-05] delta :  [[0.1722437 ]
 [0.16211269]
 [0.14813447]
 [0.2899828 ]
 [0.25184248]
 [0.57807401]
 [0.07480282]
 [0.11810263]
 [0.52910512]
 [0.28017346]
 [0.17217069]
 [1.56572188]] nu :  [0.05386976] k : [1.10274735 1.25136328] theta : [6.23952397] sigma : [2.9] zeta : [0.00858743] rho : 0.02 kappa : 0.5
       3             10         1.0493e+00      1.71e-04       2.89e-02       1.54e+05    
       4             11         1.0492e+00      9.75e-05       7.91e-03       3.94e+04    
       5             15         1.0492e+00      2.03e-06       1.57e-04       1.38e+03    
fe :  [0.03051764] fo :  [0.01113638] delta :  [[0.14792505]
 [0.13882556]
 [0.12708352]
 [0.25440842]
 [0.22309526]
 [0.52035375]
 [0.06034166]
 [0.09907992]
 [0.47453493]
 [0.24668751]
 [0.15201413]
 [1.42464852]] nu :  [0.05386976] k : [1.10274735 1.25136328] theta : [6.23952397] sigma : [2.9] zeta : [0.00858743] rho : 0.02 kappa : 0.5
       6             18         1.0492e+00      2.50e-08       1.01e-05       2.14e+02    
`xtol` termination condition is satisfied.
Function evaluations 18, initial cost 1.0542e+00, final cost 1.0492e+00, first-order optimality 2.14e+02.
   Iteration     Total nfev        Cost      Cost reduction    Step norm     Optimality   
       0              1         1.0492e+00                                    2.10e+02    
       1              3         1.0479e+00      1.28e-03       8.62e+03       6.34e+05    
       2             10         1.0466e+00      1.25e-03       2.77e-02       5.00e+05    
fe :  [0.01576764] fo :  [0.00567537] delta :  [[0.16489652]
 [0.15468425]
 [0.14210152]
 [0.27854245]
 [0.24517643]
 [0.56191609]
 [0.07066341]
 [0.11206467]
 [0.51220181]
 [0.26958141]
 [0.16863495]
 [1.52998166]] nu :  [0.05386976] k : [1.10274735 1.25136328] theta : [6.23952397] sigma : [2.9] zeta : [0.00858743] rho : 0.02 kappa : 0.5
       3             11         1.0465e+00      1.38e-04       1.94e-02       8.53e+04    
       4             15         1.0465e+00      1.02e-05       6.83e-04       3.40e+03    
       5             20         1.0465e+00      4.15e-08       4.11e-06       1.20e+01    
       6             25         1.0465e+00      1.05e-10       1.03e-08       5.49e-02    
`ftol` termination condition is satisfied.
Function evaluations 25, initial cost 1.0492e+00, final cost 1.0465e+00, first-order optimality 5.49e-02.
fe :  [0.01576527] fo :  [0.00566264] delta :  [[0.16506824]
 [0.15486015]
 [0.14232063]
 [0.27872674]
 [0.24536373]
 [0.56216138]
 [0.07083558]
 [0.11221335]
 [0.51243191]
 [0.26982433]
 [0.16886544]
 [1.53010011]] nu :  [0.05386976] k : [1.10274735 1.25136328] theta : [6.23952397] sigma : [2.9] zeta : [0.00858743] rho : 0.02 kappa : 0.5
   Iteration     Total nfev        Cost      Cost reduction    Step norm     Optimality   
       0              1         1.0465e+00                                    9.27e+00    
       1             19         1.0465e+00      1.04e-10       7.23e-09       5.11e-02    
`ftol` termination condition is satisfied.
Function evaluations 19, initial cost 1.0465e+00, final cost 1.0465e+00, first-order optimality 5.11e-02.
   Iteration     Total nfev        Cost      Cost reduction    Step norm     Optimality   
       0              1         1.0465e+00                                    3.74e-01    
fe :  [0.01576527] fo :  [0.00566264] delta :  [[0.16506824]
 [0.15486015]
 [0.14232063]
 [0.27872674]
 [0.24536373]
 [0.56216138]
 [0.07083558]
 [0.11221336]
 [0.51243192]
 [0.26982434]
 [0.16886545]
 [1.53010009]] nu :  [0.05386976] k : [1.10274735 1.25136328] theta : [6.23952397] sigma : [2.9] zeta : [0.00858743] rho : 0.02 kappa : 0.5
       1             20         1.0465e+00      4.41e-11       1.75e-09       3.00e-02    
`ftol` termination condition is satisfied.
Function evaluations 20, initial cost 1.0465e+00, final cost 1.0465e+00, first-order optimality 3.00e-02.
  [fefo->17.1] DONE obj=1.447 -> calibration_results_matched_economy/baseline_2000_variations/17.1/
  [nu->17.2] calib=['delta', 'T', 'eta', 'nu'] delta_free=[0, 12] moments=['SPFLOW', 'DOMPATINUS', 'OUT', 'RD', 'RP', 'SRGDP', 'UUPCOST', 'TO']  TO_target=0.125433
     initial obj=4.795 (successful)
fe :  [0.08263491] fo :  [0.05270316] delta :  [[0.0796478 ]
 [0.08649414]
 [0.09691331]
 [0.13603759]
 [0.15560797]
 [0.2222137 ]
 [0.06533472]
 [0.05940816]
 [0.21006018]
 [0.18912276]
 [0.15536466]
 [1.40461998]] nu :  [0.05386976] k : [1.10274735 1.25136328] theta : [6.23952397] sigma : [2.9] zeta : [0.00858743] rho : 0.02 kappa : 0.5
   Iteration     Total nfev        Cost      Cost reduction    Step norm     Optimality   
       0              1         1.1497e+01                                    6.05e+07    
       1              2         7.4612e+00      4.04e+00       5.35e+04       3.28e+07    
       2              3         5.7756e+00      1.69e+00       6.31e-03       1.41e+07    
       3              4         2.6943e+00      3.08e+00       4.30e+04       6.79e+06    
fe :  [0.08263491] fo :  [0.05270316] delta :  [[0.13883563]
 [0.12162389]
 [0.12011157]
 [0.24185231]
 [0.25005063]
 [0.47149842]
 [0.06922831]
 [0.09886497]
 [0.4329829 ]
 [0.28408602]
 [0.18823075]
 [1.73317957]] nu :  [0.08359059] k : [1.10274735 1.25136328] theta : [6.23952397] sigma : [2.9] zeta : [0.00858743] rho : 0.02 kappa : 0.5
       4              5         2.4226e+00      2.72e-01       5.67e-03       3.88e+06    
       5              6         1.8162e+00      6.06e-01       1.94e+04       2.33e+06    
       6              7         1.5205e+00      2.96e-01       1.78e+04       1.76e+06    
fe :  [0.08263491] fo :  [0.05270316] delta :  [[0.19136718]
 [0.17992265]
 [0.1696352 ]
 [0.35651261]
 [0.32870714]
 [0.72834274]
 [0.08045177]
 [0.13483467]
 [0.66283384]
 [0.3627264 ]
 [0.21947739]
 [2.13753286]] nu :  [0.11044678] k : [1.10274735 1.25136328] theta : [6.23952397] sigma : [2.9] zeta : [0.00858743] rho : 0.02 kappa : 0.5
       7              9         1.1526e+00      3.68e-01       2.20e+04       1.33e+06    
       8             10         1.1482e+00      4.42e-03       7.67e+02       1.66e+06    
       9             11         1.0351e+00      1.13e-01       2.95e+03       2.98e+05    
      10             15         1.0351e+00      1.01e-05       4.60e+01       1.34e+06    
fe :  [0.08263491] fo :  [0.05270316] delta :  [[0.20494717]
 [0.20625197]
 [0.18969449]
 [0.39211105]
 [0.3427961 ]
 [0.80883131]
 [0.08318403]
 [0.14302029]
 [0.73211856]
 [0.37759428]
 [0.22808131]
 [2.21187056]] nu :  [0.11602371] k : [1.10274735 1.25136328] theta : [6.23952397] sigma : [2.9] zeta : [0.00858743] rho : 0.02 kappa : 0.5
      11             16         1.0309e+00      4.15e-03       1.40e+01       1.80e+05    
      12             17         1.0298e+00      1.09e-03       3.63e+01       1.75e+05    
      13             18         1.0291e+00      7.10e-04       1.06e+02       3.63e+05    
      14             19         1.0283e+00      7.88e-04       4.64e+02       2.06e+04    
fe :  [0.08263491] fo :  [0.05270316] delta :  [[0.20482673]
 [0.20651077]
 [0.19026639]
 [0.39249676]
 [0.34309337]
 [0.81027188]
 [0.08395894]
 [0.14340317]
 [0.73368463]
 [0.3781196 ]
 [0.22833104]
 [2.21620119]] nu :  [0.11623052] k : [1.10274735 1.25136328] theta : [6.23952397] sigma : [2.9] zeta : [0.00858743] rho : 0.02 kappa : 0.5
      15             20         1.0278e+00      5.46e-04       7.35e+02       1.11e+06    
      16             24         1.0274e+00      4.26e-04       2.78e+00       1.65e+05    
      17             25         1.0272e+00      1.18e-04       4.62e+00       2.47e+04    
      18             27         1.0272e+00      1.02e-05       4.28e-01       1.10e+04    
fe :  [0.08263491] fo :  [0.05270316] delta :  [[0.20371773]
 [0.2042682 ]
 [0.18812235]
 [0.38907598]
 [0.34011995]
 [0.8029792 ]
 [0.08221964]
 [0.14155417]
 [0.72713398]
 [0.37485007]
 [0.22614273]
 [2.19169473]] nu :  [0.1161647] k : [1.10274735 1.25136328] theta : [6.23952397] sigma : [2.9] zeta : [0.00858743] rho : 0.02 kappa : 0.5
      19             29         1.0272e+00      1.30e-06       6.35e-03       6.73e+03    
      20             32         1.0272e+00      3.41e-07       9.95e-05       1.05e-02    
      21             33         1.0272e+00      1.52e-07       1.05e-04       4.57e+01    
      22             36         1.0272e+00      4.70e-10       6.10e-06       1.35e+02    
`xtol` termination condition is satisfied.
Function evaluations 36, initial cost 1.1497e+01, final cost 1.0272e+00, first-order optimality 1.35e+02.
fe :  [0.08263491] fo :  [0.05270316] delta :  [[0.20371399]
 [0.20428956]
 [0.1881417 ]
 [0.38910403]
 [0.34014685]
 [0.80302519]
 [0.08224049]
 [0.14157189]
 [0.72717674]
 [0.37487807]
 [0.22616437]
 [2.19178575]] nu :  [0.11616238] k : [1.10274735 1.25136328] theta : [6.23952397] sigma : [2.9] zeta : [0.00858743] rho : 0.02 kappa : 0.5
   Iteration     Total nfev        Cost      Cost reduction    Step norm     Optimality   
       0              1         1.0272e+00                                    1.63e-02    
       1              5         1.0271e+00      1.42e-04       1.03e+03       5.42e+05    
       2              7         1.0270e+00      4.69e-05       2.50e+01       3.66e+04    
       3             10         1.0270e+00      3.37e-05       2.79e-02       4.27e+04    
fe :  [0.08263491] fo :  [0.05270316] delta :  [[0.20458135]
 [0.20707226]
 [0.19080202]
 [0.39334959]
 [0.34390977]
 [0.81131021]
 [0.08408421]
 [0.14383358]
 [0.73465293]
 [0.37896146]
 [0.22899491]
 [2.21089066]] nu :  [0.11588562] k : [1.10274735 1.25136328] theta : [6.23952397] sigma : [2.9] zeta : [0.00858743] rho : 0.02 kappa : 0.5
       4             11         1.0270e+00      2.90e-05       1.31e-02       9.48e+02    
       5             17         1.0270e+00      0.00e+00       0.00e+00       9.48e+02    
`xtol` termination condition is satisfied.
Function evaluations 17, initial cost 1.0272e+00, final cost 1.0270e+00, first-order optimality 9.48e+02.
   Iteration     Total nfev        Cost      Cost reduction    Step norm     Optimality   
       0              1         1.0270e+00                                    8.35e+02    
       1             15         1.0270e+00      0.00e+00       0.00e+00       8.35e+02    
`xtol` termination condition is satisfied.
Function evaluations 15, initial cost 1.0270e+00, final cost 1.0270e+00, first-order optimality 8.35e+02.
   Iteration     Total nfev        Cost      Cost reduction    Step norm     Optimality   
       0              1         1.0270e+00                                    8.30e+02    
       1             29         1.0270e+00      0.00e+00       0.00e+00       8.30e+02    
`xtol` termination condition is satisfied.
Function evaluations 29, initial cost 1.0270e+00, final cost 1.0270e+00, first-order optimality 8.30e+02.
fe :  [0.08263491] fo :  [0.05270316] delta :  [[0.20458135]
 [0.20707226]
 [0.19080202]
 [0.39334959]
 [0.34390977]
 [0.81131021]
 [0.08408421]
 [0.14383358]
 [0.73465293]
 [0.37896146]
 [0.22899491]
 [2.21089066]] nu :  [0.11588562] k : [1.10274735 1.25136328] theta : [6.23952397] sigma : [2.9] zeta : [0.00858743] rho : 0.02 kappa : 0.5
   Iteration     Total nfev        Cost      Cost reduction    Step norm     Optimality   
       0              1         1.0270e+00                                    5.25e+03    
       1             23         1.0270e+00      4.78e-10       3.02e-08       5.94e+02    
       2             29         1.0270e+00      0.00e+00       0.00e+00       5.94e+02    
`xtol` termination condition is satisfied.
Function evaluations 29, initial cost 1.0270e+00, final cost 1.0270e+00, first-order optimality 5.94e+02.
   Iteration     Total nfev        Cost      Cost reduction    Step norm     Optimality   
       0              1         1.0270e+00                                    6.47e+03    
fe :  [0.08263491] fo :  [0.05270316] delta :  [[0.20458135]
 [0.20707226]
 [0.19080202]
 [0.39334959]
 [0.34390977]
 [0.81131021]
 [0.08408421]
 [0.14383358]
 [0.73465293]
 [0.37896146]
 [0.22899491]
 [2.21089066]] nu :  [0.11588562] k : [1.10274735 1.25136328] theta : [6.23952397] sigma : [2.9] zeta : [0.00858743] rho : 0.02 kappa : 0.5
       1             23         1.0270e+00      5.52e-10       3.09e-08       5.05e+02    
       2             29         1.0270e+00      0.00e+00       0.00e+00       5.05e+02    
`xtol` termination condition is satisfied.
Function evaluations 29, initial cost 1.0270e+00, final cost 1.0270e+00, first-order optimality 5.05e+02.
  [nu->17.2] DONE obj=1.433 -> calibration_results_matched_economy/baseline_2000_variations/17.2/
  [all->17.3] calib=['delta', 'T', 'eta', 'fe', 'fo', 'nu'] delta_free=[0, 12] moments=['SPFLOW', 'DOMPATINUS', 'OUT', 'RD', 'RP', 'SRGDP', 'UUPCOST', 'TO']  TO_target=0.125433
     initial obj=4.795 (successful)
fe :  [0.08263491] fo :  [0.05270316] delta :  [[0.0796478 ]
 [0.08649414]
 [0.09691331]
 [0.13603759]
 [0.15560797]
 [0.2222137 ]
 [0.06533472]
 [0.05940816]
 [0.21006018]
 [0.18912276]
 [0.15536466]
 [1.40461998]] nu :  [0.05386976] k : [1.10274735 1.25136328] theta : [6.23952397] sigma : [2.9] zeta : [0.00858743] rho : 0.02 kappa : 0.5
   Iteration     Total nfev        Cost      Cost reduction    Step norm     Optimality   
       0              1         1.1497e+01                                    6.05e+07    
       1              2         7.4497e+00      4.05e+00       5.37e+04       3.28e+07    
       2              3         5.7605e+00      1.69e+00       6.34e-03       1.41e+07    
fe :  [0.12040117] fo :  [0.05297429] delta :  [[0.14551397]
 [0.12222226]
 [0.11959079]
 [0.24015225]
 [0.24764174]
 [0.46955326]
 [0.06824348]
 [0.09727419]
 [0.43320691]
 [0.28204277]
 [0.18595599]
 [1.72307623]] nu :  [0.08320355] k : [1.10274735 1.25136328] theta : [6.23952397] sigma : [2.9] zeta : [0.00858743] rho : 0.02 kappa : 0.5
       3              4         2.6693e+00      3.09e+00       4.60e+04       6.75e+06    
       4              5         2.4122e+00      2.57e-01       5.29e-03       4.07e+06    
       5              6         2.3107e+00      1.01e-01       3.94e+03       3.84e+06    
       6              7         1.2068e+00      1.10e+00       2.47e+04       7.17e+05    
fe :  [0.18217953] fo :  [0.11910687] delta :  [[0.17131417]
 [0.1759768 ]
 [0.1519636 ]
 [0.33282907]
 [0.30209408]
 [0.69698907]
 [0.06730875]
 [0.11786749]
 [0.631262  ]
 [0.34006947]
 [0.19838705]
 [2.02090624]] nu :  [0.11673826] k : [1.10274735 1.25136328] theta : [6.23952397] sigma : [2.9] zeta : [0.00858743] rho : 0.02 kappa : 0.5
       7              8         1.1581e+00      4.87e-02       8.70e+03       4.20e+05    
       8              9         1.1231e+00      3.51e-02       3.89e+04       4.95e+06    
       9             10         1.1178e+00      5.22e-03       8.29e+02       4.96e+06    
      10             11         1.0977e+00      2.02e-02       5.65e+03       5.68e+06    
fe :  [0.28427161] fo :  [0.12756668] delta :  [[0.18031554]
 [0.18240164]
 [0.15751425]
 [0.34485909]
 [0.30358433]
 [0.73248823]
 [0.06425167]
 [0.11974576]
 [0.66242008]
 [0.3474046 ]
 [0.19606941]
 [2.04394302]] nu :  [0.11500374] k : [1.10274735 1.25136328] theta : [6.23952397] sigma : [2.9] zeta : [0.00858743] rho : 0.02 kappa : 0.5
      11             13         1.0758e+00      2.19e-02       2.72e+02       4.67e+06    
      12             14         1.0401e+00      3.56e-02       1.77e+04       1.02e+07    
      13             18         1.0304e+00      9.75e-03       4.77e+01       3.11e+06    
      14             19         1.0250e+00      5.39e-03       2.39e+00       5.05e+04    
fe :  [0.73730415] fo :  [0.23784488] delta :  [[0.16971825]
 [0.15733872]
 [0.13995868]
 [0.31472721]
 [0.2725943 ]
 [0.67854862]
 [0.0480927 ]
 [0.10023849]
 [0.61292537]
 [0.30317565]
 [0.17255902]
 [1.91020965]] nu :  [0.11902625] k : [1.10274735 1.25136328] theta : [6.23952397] sigma : [2.9] zeta : [0.00858743] rho : 0.02 kappa : 0.5
      15             23         1.0244e+00      5.68e-04       1.99e-01       1.77e+05    
      16             24         1.0241e+00      3.16e-04       1.33e-01       8.58e+04    
      17             25         1.0240e+00      8.43e-05       1.66e-01       9.74e+04    
      18             29         1.0239e+00      8.84e-05       4.49e-02       8.70e+04    
fe :  [0.98920027] fo :  [0.32568073] delta :  [[0.16044918]
 [0.14764648]
 [0.13172951]
 [0.30160478]
 [0.26102385]
 [0.65636109]
 [0.04233886]
 [0.09290423]
 [0.59088298]
 [0.29009674]
 [0.16352908]
 [1.85184009]] nu :  [0.11984338] k : [1.10274735 1.25136328] theta : [6.23952397] sigma : [2.9] zeta : [0.00858743] rho : 0.02 kappa : 0.5
      19             30         1.0239e+00      6.54e-05       9.85e-05       1.56e+03    
      20             36         1.0239e+00      1.64e-08       7.88e-05       7.82e+02    
      21             37         1.0239e+00      2.99e-09       1.98e-05       1.26e+03    
`xtol` termination condition is satisfied.
Function evaluations 37, initial cost 1.1497e+01, final cost 1.0239e+00, first-order optimality 1.26e+03.
fe :  [0.98928211] fo :  [0.32573524] delta :  [[0.16044918]
 [0.14764647]
 [0.13172952]
 [0.30160479]
 [0.26102385]
 [0.65636109]
 [0.04233887]
 [0.09290423]
 [0.59088298]
 [0.29009674]
 [0.16352908]
 [1.85184009]] nu :  [0.11984508] k : [1.10274735 1.25136328] theta : [6.23952397] sigma : [2.9] zeta : [0.00858743] rho : 0.02 kappa : 0.5
   Iteration     Total nfev        Cost      Cost reduction    Step norm     Optimality   
       0              1         1.0239e+00                                    6.74e+02    
       1             16         1.0239e+00      4.09e-08       3.29e-04       1.87e+03    
       2             17         1.0239e+00      2.30e-07       7.16e-05       8.57e+02    
       3             20         1.0239e+00      4.32e-09       5.41e-06       9.90e+02    
`xtol` termination condition is satisfied.
Function evaluations 20, initial cost 1.0239e+00, final cost 1.0239e+00, first-order optimality 9.90e+02.
fe :  [0.98963386] fo :  [0.32593656] delta :  [[0.16044918]
 [0.1476465 ]
 [0.13172957]
 [0.30160482]
 [0.26102385]
 [0.6563611 ]
 [0.04233891]
 [0.09290423]
 [0.59088298]
 [0.29009674]
 [0.16352908]
 [1.85184009]] nu :  [0.11985314] k : [1.10274735 1.25136328] theta : [6.23952397] sigma : [2.9] zeta : [0.00858743] rho : 0.02 kappa : 0.5
   Iteration     Total nfev        Cost      Cost reduction    Step norm     Optimality   
       0              1         1.0239e+00                                    6.72e+02    
       1             17         1.0239e+00      5.75e-09       7.89e-05       7.39e+02    
       2             18         1.0239e+00      3.12e-10       2.02e-05       6.74e+02    
`xtol` termination condition is satisfied.
Function evaluations 18, initial cost 1.0239e+00, final cost 1.0239e+00, first-order optimality 6.74e+02.
fe :  [0.98971844] fo :  [0.32598802] delta :  [[0.16044918]
 [0.14764651]
 [0.13172958]
 [0.30160482]
 [0.26102385]
 [0.6563611 ]
 [0.04233892]
 [0.09290423]
 [0.59088299]
 [0.29009674]
 [0.16352908]
 [1.85184009]] nu :  [0.11985494] k : [1.10274735 1.25136328] theta : [6.23952397] sigma : [2.9] zeta : [0.00858743] rho : 0.02 kappa : 0.5
   Iteration     Total nfev        Cost      Cost reduction    Step norm     Optimality   
       0              1         1.0239e+00                                    6.71e+02    
       1             17         1.0239e+00      7.43e-10       1.57e-05       1.03e+03    
       2             19         1.0239e+00      4.10e-09       1.08e-06       2.62e+02    
       3             20         1.0239e+00      1.16e-09       1.43e-07       5.50e+02    
`ftol` termination condition is satisfied.
Function evaluations 20, initial cost 1.0239e+00, final cost 1.0239e+00, first-order optimality 5.50e+02.
fe :  [0.98973284] fo :  [0.32599671] delta :  [[0.16044918]
 [0.14764651]
 [0.13172958]
 [0.30160482]
 [0.26102385]
 [0.6563611 ]
 [0.04233892]
 [0.09290423]
 [0.59088299]
 [0.29009674]
 [0.16352908]
 [1.85184009]] nu :  [0.11985525] k : [1.10274735 1.25136328] theta : [6.23952397] sigma : [2.9] zeta : [0.00858743] rho : 0.02 kappa : 0.5
   Iteration     Total nfev        Cost      Cost reduction    Step norm     Optimality   
       0              1         1.0239e+00                                    6.71e+02    
       1             16         1.0239e+00      3.97e-10       6.30e-05       7.17e+02    
       2             18         1.0239e+00      3.47e-09       4.01e-06       5.09e+02    
fe :  [0.98979108] fo :  [0.32603151] delta :  [[0.16044918]
 [0.14764651]
 [0.13172959]
 [0.30160483]
 [0.26102385]
 [0.6563611 ]
 [0.04233893]
 [0.09290423]
 [0.59088299]
 [0.29009674]
 [0.16352908]
 [1.85184009]] nu :  [0.11985652] k : [1.10274735 1.25136328] theta : [6.23952397] sigma : [2.9] zeta : [0.00858743] rho : 0.02 kappa : 0.5
       3             19         1.0239e+00      1.37e-09       8.87e-07       4.57e+02    
       4             20         1.0239e+00      4.58e-10       2.10e-07       6.40e+02    
       5             21         1.0239e+00      2.26e-11       6.06e-08       5.77e+02    
       6             24         1.0239e+00      6.79e-11       9.13e-10       1.26e+02    
`ftol` termination condition is satisfied.
Function evaluations 24, initial cost 1.0239e+00, final cost 1.0239e+00, first-order optimality 1.26e+02.
fe :  [0.98979133] fo :  [0.32603162] delta :  [[0.16044918]
 [0.14764651]
 [0.13172959]
 [0.30160483]
 [0.26102385]
 [0.6563611 ]
 [0.04233893]
 [0.09290423]
 [0.59088299]
 [0.29009674]
 [0.16352908]
 [1.85184009]] nu :  [0.11985651] k : [1.10274735 1.25136328] theta : [6.23952397] sigma : [2.9] zeta : [0.00858743] rho : 0.02 kappa : 0.5
   Iteration     Total nfev        Cost      Cost reduction    Step norm     Optimality   
       0              1         1.0239e+00                                    6.70e+02    
       1             27         1.0239e+00      0.00e+00       0.00e+00       6.70e+02    
`xtol` termination condition is satisfied.
Function evaluations 27, initial cost 1.0239e+00, final cost 1.0239e+00, first-order optimality 6.70e+02.
  [all->17.3] DONE obj=1.431 -> calibration_results_matched_economy/baseline_2000_variations/17.3/
